Microchip Technology Inc, v1.61 (B)

Tool Name:
  c:\program files\microchip\xc16\v1.61\bin\bin\..\bin/elf-ld.exe

Command:
  -p33FJ128GP802 \
  --mdfp=C:/Program Files/Microchip/MPLABX/v5.45/packs/Microchip/dsPIC33F-GP-MC_DFP/1.3.64/xc16 \
  -o \
  dist/default/production/voter.X.production.elf \
  -Lc:/program files/microchip/xc16/v1.61/bin/bin/.. \
  -LC:/Program Files/Microchip/MPLABX/v5.45/packs/Microchip/dsPIC33F-GP-MC_DFP/1.3.64/xc16/bin/../support/PIC24H/gld \
  -LC:/Program Files/Microchip/MPLABX/v5.45/packs/Microchip/dsPIC33F-GP-MC_DFP/1.3.64/xc16/bin/../support/dsPIC33F/gld \
  -Lc:/program files/microchip/xc16/v1.61/bin/bin/../../lib \
  -Lc:/program files/microchip/xc16/v1.61/bin/bin/../../support/PIC24E/gld \
  -Lc:/program files/microchip/xc16/v1.61/bin/bin/../../support/PIC24F/gld \
  -Lc:/program files/microchip/xc16/v1.61/bin/bin/../../support/PIC24H/gld \
  -Lc:/program files/microchip/xc16/v1.61/bin/bin/../../support/dsPIC30F/gld \
  -Lc:/program files/microchip/xc16/v1.61/bin/bin/../../support/dsPIC33C/gld \
  -Lc:/program files/microchip/xc16/v1.61/bin/bin/../../support/dsPIC33E/gld \
  -Lc:/program files/microchip/xc16/v1.61/bin/bin/../../support/dsPIC33F/gld \
  build/default/production/_ext/1431490294/ARP.o \
  build/default/production/_ext/1431490294/Delay.o \
  build/default/production/_ext/1431490294/DHCP.o \
  build/default/production/_ext/1431490294/DNS.o \
  build/default/production/_ext/1431490294/ENC28J60.o \
  build/default/production/_ext/1431490294/Helpers.o \
  build/default/production/_ext/1431490294/IP.o \
  build/default/production/_ext/1431490294/Random.o \
  build/default/production/_ext/1431490294/SPIEEPROM.o \
  build/default/production/_ext/1431490294/StackTsk.o \
  build/default/production/_ext/1431490294/Tick.o \
  build/default/production/_ext/1431490294/UART.o \
  build/default/production/_ext/1431490294/UDP.o \
  build/default/production/_ext/1360937237/squelch.o \
  build/default/production/_ext/1431490294/Telnet.o \
  build/default/production/_ext/1431490294/TCP.o \
  build/default/production/_ext/1431490294/DynDNS.o \
  build/default/production/_ext/1360937237/doubleify.o \
  build/default/production/_ext/1431490294/ICMP.o \
  build/default/production/_ext/1360937237/Voter.o \
  --defsym=__MPLAB_BUILD=1 \
  -Tp33FJ128GP802.gld.00 \
  --stack=16 \
  --check-sections \
  --data-init \
  --pack-data \
  --handles \
  --isr \
  --no-gc-sections \
  --fill-upper=0 \
  --stackguard=0 \
  --library-path=../src \
  --library-path=. \
  --no-force-link \
  --smart-io \
  -Map=dist/default/production/voter.X.production.map \
  --report-mem \
  --memorysummary \
  dist/default/production/memoryfile.xml \
  -start-group \
  --library=pic30-elf \
  --library=m-elf \
  --library=c-elf \
  -end-group \


Optional library libp33FJ128GP802.a not found
Archive member included because of file (symbol)

c:/program files/microchip/xc16/v1.61/bin/bin/../../lib\libpic30-elf.a(crt0_standard.o)
                              (__resetPRI)
c:/program files/microchip/xc16/v1.61/bin/bin/../../lib\libpic30-elf.a(data_init_standard.o)
                              c:/program files/microchip/xc16/v1.61/bin/bin/../../lib\libpic30-elf.a(crt0_standard.o) (__data_init_standard)
c:/program files/microchip/xc16/v1.61/bin/bin/../../lib\libpic30-elf.a(crt_start_mode_normal.eo)
                              (__crt_start_mode_normal)
c:/program files/microchip/xc16/v1.61/bin/bin/../../lib\libm-elf.a(addsf3.eo)
                              build/default/production/_ext/1360937237/Voter.o (___subsf3)
c:/program files/microchip/xc16/v1.61/bin/bin/../../lib\libm-elf.a(cosf.eo)
                              build/default/production/_ext/1360937237/Voter.o (_cosf)
c:/program files/microchip/xc16/v1.61/bin/bin/../../lib\libm-elf.a(divsf3.eo)
                              build/default/production/_ext/1360937237/Voter.o (___divsf3)
c:/program files/microchip/xc16/v1.61/bin/bin/../../lib\libm-elf.a(divsi3.eo)
                              build/default/production/_ext/1360937237/Voter.o (___divsi3)
c:/program files/microchip/xc16/v1.61/bin/bin/../../lib\libm-elf.a(errno.eo)
                              build/default/production/_ext/1360937237/Voter.o (_errno)
c:/program files/microchip/xc16/v1.61/bin/bin/../../lib\libm-elf.a(feqltle.eo)
                              build/default/production/_ext/1360937237/Voter.o (___eqsf2)
c:/program files/microchip/xc16/v1.61/bin/bin/../../lib\libm-elf.a(fgtge.eo)
                              build/default/production/_ext/1360937237/Voter.o (___gesf2)
c:/program files/microchip/xc16/v1.61/bin/bin/../../lib\libm-elf.a(fixsfsi.eo)
                              build/default/production/_ext/1360937237/Voter.o (_(float, int, long long, short, float, short, int))
c:/program files/microchip/xc16/v1.61/bin/bin/../../lib\libm-elf.a(floatsisf.eo)
                              build/default/production/_ext/1360937237/Voter.o (___floatsisf)
[...]
Memory Configuration

Name             Origin             Length             Attributes
data             0x000800           0x004000           a !xr
reset            0x000000           0x000004  
ivt              0x000004           0x0000fc  
aivt             0x000104           0x0000fc  
program          0x003400           0x012400           xr
FBS              0xf80000           0x000002  
FSS              0xf80002           0x000002  
FGS              0xf80004           0x000002  
FOSCSEL          0xf80006           0x000002  
FOSC             0xf80008           0x000002  
FWDT             0xf8000a           0x000002  
FPOR             0xf8000c           0x000002  
FICD             0xf8000e           0x000002  
FUID0            0xf80010           0x000002  
FUID1            0xf80012           0x000002  
FUID2            0xf80014           0x000002  
FUID3            0xf80016           0x000002  
*default*        0x000000           0xffffffff  

Linker script and memory map

LOAD build/default/production/_ext/1431490294/ARP.o
LOAD build/default/production/_ext/1431490294/Delay.o
LOAD build/default/production/_ext/1431490294/DHCP.o
LOAD build/default/production/_ext/1431490294/DNS.o
LOAD build/default/production/_ext/1431490294/ENC28J60.o
LOAD build/default/production/_ext/1431490294/Helpers.o
LOAD build/default/production/_ext/1431490294/IP.o
LOAD build/default/production/_ext/1431490294/Random.o
LOAD build/default/production/_ext/1431490294/SPIEEPROM.o
LOAD build/default/production/_ext/1431490294/StackTsk.o
LOAD build/default/production/_ext/1431490294/Tick.o
LOAD build/default/production/_ext/1431490294/UART.o
LOAD build/default/production/_ext/1431490294/UDP.o
LOAD build/default/production/_ext/1360937237/squelch.o
LOAD build/default/production/_ext/1431490294/Telnet.o
LOAD build/default/production/_ext/1431490294/TCP.o
LOAD build/default/production/_ext/1431490294/DynDNS.o
LOAD build/default/production/_ext/1360937237/doubleify.o
LOAD build/default/production/_ext/1431490294/ICMP.o
LOAD build/default/production/_ext/1360937237/Voter.o
                    0x0001                  __MPLAB_BUILD = 0x1
LOAD p33FJ128GP802
LOAD c:/program files/microchip/xc16/v1.61/bin/bin/../../lib\libfx-elf.a
                    0xf80000                  __FBS = 0xf80000
                    0xf80002                  __FSS = 0xf80002
                    0xf80004                  __FGS = 0xf80004
                    0xf80006                  __FOSCSEL = 0xf80006
                    0xf80008                  __FOSC = 0xf80008
                    0xf8000a                  __FWDT = 0xf8000a
                    0xf8000c                  __FPOR = 0xf8000c
                    0xf8000e                  __FICD = 0xf8000e
                    0xf80010                  __FUID0 = 0xf80010
                    0xf80012                  __FUID1 = 0xf80012
                    0xf80014                  __FUID2 = 0xf80014
                    0xf80016                  __FUID3 = 0xf80016
                    0x0004                  __IVT_BASE = 0x4
                    0x0104                  __AIVT_BASE = 0x104
                    0x0800                  __DATA_BASE = 0x800
                    0x2800                  __YDATA_BASE = 0x2800
                    0x4000                  __DMA_BASE = 0x4000
                    0x47ff                  __DMA_END = 0x47ff
                    0x0200                  __CODE_BASE = 0x200

.reset            0x000000          0x4
                  0x000000          0x2 SHORT 0x3400 ABSOLUTE (__reset)
                  0x000001          0x2 SHORT 0x4
                  0x000002          0x2 SHORT 0x0 ((ABSOLUTE (__reset) >> 0x10) & 0x7f)
                  0x000003          0x2 SHORT 0x0

.text             0x003400       0x3ade
 *(.init)
 .init            0x003400         0x4c c:/program files/microchip/xc16/v1.61/bin/bin/../../lib\libpic30-elf.a(crt0_standard.o)
                  0x003400                  __resetPRI
                  0x003400                  __reset
                  0x00343c                  __psv_init
 .init            0x00344c         0x7c c:/program files/microchip/xc16/v1.61/bin/bin/../../lib\libpic30-elf.a(data_init_standard.o)
                  0x003452                  __data_init_standard
                  0x003452                  __data_init
 *(.user_init)
 *(.handle)
 *(.libc)
 .libc            0x0034c8         0x14 c:/program files/microchip/xc16/v1.61/bin/bin/../../lib\libc-elf.a(isalpha.eso)
                  0x0034c8                  _isalpha
 .libc            0x0034dc         0x10 c:/program files/microchip/xc16/v1.61/bin/bin/../../lib\libc-elf.a(isspace.eso)
                  0x0034dc                  _isspace
 .libc            0x0034ec          0xc c:/program files/microchip/xc16/v1.61/bin/bin/../../lib\libc-elf.a(isupper.eso)
                  0x0034ec                  _isupper
 .libc            0x0034f8          0xe c:/program files/microchip/xc16/v1.61/bin/bin/../../lib\libc-elf.a(tolower.eso)
                  0x0034f8                  _tolower
 *(.libm)
 *(.libdsp)
 *(.lib*)
 .libpic30_crt_start_mode
                  0x003506          0x2 c:/program files/microchip/xc16/v1.61/bin/bin/../../lib\libpic30-elf.a(crt_start_mode_normal.eo)
                  0x003506                  __crt_start_mode
                  0x003506                  __crt_start_mode_normal
 .libm.subsf3     0x003508         0xbc c:/program files/microchip/xc16/v1.61/bin/bin/../../lib\libm-elf.a(addsf3.eo)
                  0x003508                  ___subsf3
                  0x00350a                  ___addsf3
 .libm.cosf       0x0035c4          0x4 c:/program files/microchip/xc16/v1.61/bin/bin/../../lib\libm-elf.a(cosf.eo)
                  0x0035c4                  _cosf
 .libm.divfs3     0x0035c8         0x84 c:/program files/microchip/xc16/v1.61/bin/bin/../../lib\libm-elf.a(divsf3.eo)
                  0x0035c8                  ___divsf3
 .libm.divsi3     0x00364c         0x1e c:/program files/microchip/xc16/v1.61/bin/bin/../../lib\libm-elf.a(divsi3.eo)
                  0x00364c                  ___divsi3
 .libm.eqsf2      0x00366a          0x4 c:/program files/microchip/xc16/v1.61/bin/bin/../../lib\libm-elf.a(feqltle.eo)
                  0x00366a                  ___eqsf2
                  0x00366a                  ___ltsf2
                  0x00366a                  ___lesf2
 .libm.gtsf2      0x00366e          0x4 c:/program files/microchip/xc16/v1.61/bin/bin/../../lib\libm-elf.a(fgtge.eo)
                  0x00366e                  ___gesf2
                  0x00366e                  ___gtsf2
 .libm.fixsfsi    0x003672         0x42 c:/program files/microchip/xc16/v1.61/bin/bin/../../lib\libm-elf.a(fixsfsi.eo)
                  0x003672                  _(float, int, long long, short, float, short, int)
 .libm.floatsisf
                  0x0036b4          0x6 c:/program files/microchip/xc16/v1.61/bin/bin/../../lib\libm-elf.a(floatsisf.eo)
                  0x0036b4                  ___floatsisf
 .libm.floatunsisf
                  0x0036ba          0x4 c:/program files/microchip/xc16/v1.61/bin/bin/../../lib\libm-elf.a(floatunsisf.eo)
                  0x0036ba                  ___floatunsisf
 .libm.fpack      0x0036be         0x4c c:/program files/microchip/xc16/v1.61/bin/bin/../../lib\libm-elf.a(fpack.eo)
                  0x0036be                  __fpack
 .libm.funpack    0x00370a         0x2a c:/program files/microchip/xc16/v1.61/bin/bin/../../lib\libm-elf.a(funpack.eo)
                  0x00370a                  __funpack
 .libm.funpack2
                  0x003734         0x10 c:/program files/microchip/xc16/v1.61/bin/bin/../../lib\libm-elf.a(funpack2.eo)
                  0x003734                  __funpack2
 .libm.fPropagateNaN
                  0x003744         0x12 c:/program files/microchip/xc16/v1.61/bin/bin/../../lib\libm-elf.a(futil.eo)
                  0x003744                  __fPropagateNaN
 .libm.fbobExit
                  0x003756          0x8 c:/program files/microchip/xc16/v1.61/bin/bin/../../lib\libm-elf.a(futil.eo)
                  0x003756                  __fbopExit
 .libm.fbopReturnNaN
                  0x00375e          0x6 c:/program files/microchip/xc16/v1.61/bin/bin/../../lib\libm-elf.a(futil.eo)
                  0x00375e                  __fbopReturnNaN
 .libm.mulsf3     0x003764         0x68 c:/program files/microchip/xc16/v1.61/bin/bin/../../lib\libm-elf.a(mulsf3.eo)
                  0x003764                  ___mulsf3
 .libm.sincosf    0x0037cc         0xd2 c:/program files/microchip/xc16/v1.61/bin/bin/../../lib\libm-elf.a(sincosf.eo)
                  0x0037cc                  __sincosf
 .libm.sinf       0x00389e          0x4 c:/program files/microchip/xc16/v1.61/bin/bin/../../lib\libm-elf.a(sinf.eo)
                  0x00389e                  _sinf
 .libm.truncdfsf2
                  0x0038a2         0x56 c:/program files/microchip/xc16/v1.61/bin/bin/../../lib\libm-elf.a(truncdfsf.eo)
                  0x0038a2                  ___truncdfsf2
 .libm.udivsi3    0x0038f8         0x20 c:/program files/microchip/xc16/v1.61/bin/bin/../../lib\libm-elf.a(udivsi3.eo)
                  0x0038f8                  ___udivsi3
 .libm.umodsi3    0x003918          0x6 c:/program files/microchip/xc16/v1.61/bin/bin/../../lib\libm-elf.a(umodsi3.eo)
                  0x003918                  ___umodsi3
 .libm.mulsi3     0x00391e          0xc c:/program files/microchip/xc16/v1.61/bin/bin/../../lib\libm-elf.a(mulsi3.eo)
                  0x00391e                  ___mulp32peds3
                  0x00391e                  ___mulsi3
                  0x00391e                  ___mulp32eds3
 .libm.__PplusBdi
                  0x00392a         0x26 c:/program files/microchip/xc16/v1.61/bin/bin/../../lib\libm-elf.a(divmoddi3.eo)
 .libm.__PminusBdi
                  0x003950         0x26 c:/program files/microchip/xc16/v1.61/bin/bin/../../lib\libm-elf.a(divmoddi3.eo)
 .libm.__udivmoddi3
                  0x003976         0xe6 c:/program files/microchip/xc16/v1.61/bin/bin/../../lib\libm-elf.a(divmoddi3.eo)
                  0x003976                  ___udivmoddi3
 .libm.__udivdi3
                  0x003a5c          0xe c:/program files/microchip/xc16/v1.61/bin/bin/../../lib\libm-elf.a(divmoddi3.eo)
                  0x003a5c                  ___udivdi3
 .libm.__umoddi3
                  0x003a6a          0x8 c:/program files/microchip/xc16/v1.61/bin/bin/../../lib\libm-elf.a(divmoddi3.eo)
                  0x003a6a                  ___umoddi3
 .libm.__divdi3
                  0x003a72         0x60 c:/program files/microchip/xc16/v1.61/bin/bin/../../lib\libm-elf.a(divmoddi3.eo)
                  0x003a72                  ___divdi3
 .libm.__moddi3
                  0x003ad2         0x5c c:/program files/microchip/xc16/v1.61/bin/bin/../../lib\libm-elf.a(divmoddi3.eo)
                  0x003ad2                  ___moddi3
 .libm.dunpack    0x003b2e         0x4e c:/program files/microchip/xc16/v1.61/bin/bin/../../lib\libm-elf.a(dunpack.eo)
                  0x003b2e                  __dunpack
 .libm.dunpack2
                  0x003b7c         0x32 c:/program files/microchip/xc16/v1.61/bin/bin/../../lib\libm-elf.a(dunpack2.eo)
                  0x003b7c                  __dunpack2
                  0x003b9e                  __dreturnNaN
                  0x003ba4                  __dunpack2exit
 .libm.fcompare
                  0x003bae         0x36 c:/program files/microchip/xc16/v1.61/bin/bin/../../lib\libm-elf.a(fcompare.eo)
                  0x003bae                  __fcompare
 .libm.floatdisf
                  0x003be4         0x20 c:/program files/microchip/xc16/v1.61/bin/bin/../../lib\libm-elf.a(floatdisf.eo)
                  0x003be4                  ___floatdisf
 .libm.floatundisf
                  0x003c04         0x5e c:/program files/microchip/xc16/v1.61/bin/bin/../../lib\libm-elf.a(floatundisf.eo)
                  0x003c04                  ___floatundisf
 .libm.fmodf      0x003c62          0x4 c:/program files/microchip/xc16/v1.61/bin/bin/../../lib\libm-elf.a(fmodf.eo)
                  0x003c62                  _fmodf
 .libm.fmodrem    0x003c66         0x9e c:/program files/microchip/xc16/v1.61/bin/bin/../../lib\libm-elf.a(fmodrem.eo)
                  0x003c66                  __fmodrem
 .libm.dPropagateNaN
                  0x003d04         0x1c c:/program files/microchip/xc16/v1.61/bin/bin/../../lib\libm-elf.a(dpropagateNaN.eo)
                  0x003d04                  __dPropagateNaN
 .libc.strtof     0x003d20        0x1c4 c:/program files/microchip/xc16/v1.61/bin/bin/../../lib\libc-elf.a(atof.eo)
                  0x003d20                  _strtof
 .libc.strtod     0x003ee4          0x2 c:/program files/microchip/xc16/v1.61/bin/bin/../../lib\libc-elf.a(atof.eo)
                  0x003ee4                  _strtod
 .libc.atof       0x003ee6          0x4 c:/program files/microchip/xc16/v1.61/bin/bin/../../lib\libc-elf.a(atof.eo)
                  0x003ee6                  _atof
 .libc.atoi       0x003eea         0x3e c:/program files/microchip/xc16/v1.61/bin/bin/../../lib\libc-elf.a(atoi.eo)
                  0x003eea                  _atoi
 .libc.put2d      0x003f28         0x22 c:/program files/microchip/xc16/v1.61/bin/bin/../../lib\libc-elf.a(ctime.eo)
 .libc.dylen      0x003f4a         0x2a c:/program files/microchip/xc16/v1.61/bin/bin/../../lib\libc-elf.a(ctime.eo)
 .libc.gmtime     0x003f74         0x82 c:/program files/microchip/xc16/v1.61/bin/bin/../../lib\libc-elf.a(ctime.eo)
                  0x003f74                  _gmtime
 .libc.localtime
                  0x003ff6         0x18 c:/program files/microchip/xc16/v1.61/bin/bin/../../lib\libc-elf.a(ctime.eo)
                  0x003ff6                  _localtime
 .libc.asctime    0x00400e         0x8c c:/program files/microchip/xc16/v1.61/bin/bin/../../lib\libc-elf.a(ctime.eo)
                  0x00400e                  _asctime
 .libc.ctime      0x00409a          0x4 c:/program files/microchip/xc16/v1.61/bin/bin/../../lib\libc-elf.a(ctime.eo)
                  0x00409a                  _ctime
 .libc.fflush     0x00409e         0x54 c:/program files/microchip/xc16/v1.61/bin/bin/../../lib\libc-elf.a(fflush.eo)
                  0x00409e                  _fflush
 .libc.fputc      0x0040f2         0x86 c:/program files/microchip/xc16/v1.61/bin/bin/../../lib\libc-elf.a(fputc.eo)
                  0x0040f2                  _fputc
 .libc.memcmp     0x004178         0x32 c:/program files/microchip/xc16/v1.61/bin/bin/../../lib\libc-elf.a(memcmp.eo)
                  0x004178                  _memcmp
 .libc.memcpy     0x0041aa          0xe c:/program files/microchip/xc16/v1.61/bin/bin/../../lib\libc-elf.a(memcpy.eo)
                  0x0041aa                  _memcpy
 .libc.isleap     0x0041b8         0x2a c:/program files/microchip/xc16/v1.61/bin/bin/../../lib\libc-elf.a(mktime.eo)
 .libc.months_to_days
                  0x0041e2         0x10 c:/program files/microchip/xc16/v1.61/bin/bin/../../lib\libc-elf.a(mktime.eo)
 .libc.years_to_days
                  0x0041f2         0x2c c:/program files/microchip/xc16/v1.61/bin/bin/../../lib\libc-elf.a(mktime.eo)
 .libc.ymd_to_scalar
                  0x00421e         0x36 c:/program files/microchip/xc16/v1.61/bin/bin/../../lib\libc-elf.a(mktime.eo)
 .libc.mktime     0x004254         0x84 c:/program files/microchip/xc16/v1.61/bin/bin/../../lib\libc-elf.a(mktime.eo)
                  0x004254                  _mktime
 .libc.printf     0x0042d8          0xe c:/program files/microchip/xc16/v1.61/bin/bin/../../lib\libc-elf.a(printf.eo)
                  0x0042d8                  _printf
 .libc.fputs      0x0042e6         0x1c c:/program files/microchip/xc16/v1.61/bin/bin/../../lib\libc-elf.a(puts.eo)
                  0x0042e6                  _fputs
 .libc.puts       0x004302         0x14 c:/program files/microchip/xc16/v1.61/bin/bin/../../lib\libc-elf.a(puts.eo)
                  0x004302                  _puts
 .libc.strchr     0x004316         0x14 c:/program files/microchip/xc16/v1.61/bin/bin/../../lib\libc-elf.a(strchr.eo)
                  0x004316                  _strchr
 .libc.strcmp     0x00432a          0xe c:/program files/microchip/xc16/v1.61/bin/bin/../../lib\libc-elf.a(strcmp.eo)
                  0x00432a                  _strcmp
 .libc.strcpy     0x004338          0xc c:/program files/microchip/xc16/v1.61/bin/bin/../../lib\libc-elf.a(strcpy.eo)
                  0x004338                  _strcpy
 .libc.strfmt     0x004344         0x72 c:/program files/microchip/xc16/v1.61/bin/bin/../../lib\libc-elf.a(strftime.eo)
 .libc.strftime
                  0x0043b6        0x23a c:/program files/microchip/xc16/v1.61/bin/bin/../../lib\libc-elf.a(strftime.eo)
                  0x0043b6                  _strftime
 .libc.strlen     0x0045f0          0xc c:/program files/microchip/xc16/v1.61/bin/bin/../../lib\libc-elf.a(strlen.eo)
                  0x0045f0                  _strlen
 .libc.strncpy    0x0045fc         0x22 c:/program files/microchip/xc16/v1.61/bin/bin/../../lib\libc-elf.a(strncpy.eo)
                  0x0045fc                  _strncpy
 .libc.strstr     0x00461e         0x2c c:/program files/microchip/xc16/v1.61/bin/bin/../../lib\libc-elf.a(strstr.eo)
                  0x00461e                  _strstr
 .libc._sscanf_cdnopuxX
                  0x00464a         0x1c c:/program files/microchip/xc16/v1.61/bin/bin/../../lib\libc-elf.a(sscanf_cdnopuxX.XXeo)
                  0x00464a                  __sscanf_cdnopuxX
 .libc.wspace     0x004666         0x1e c:/program files/microchip/xc16/v1.61/bin/bin/../../lib\libc-elf.a(doscan_cdnopuxX.XXeo)
 .libc.range      0x004684         0x46 c:/program files/microchip/xc16/v1.61/bin/bin/../../lib\libc-elf.a(doscan_cdnopuxX.XXeo)
 .libc._vfscanf_cdnopuxX
                  0x0046ca        0x2ee c:/program files/microchip/xc16/v1.61/bin/bin/../../lib\libc-elf.a(doscan_cdnopuxX.XXeo)
                  0x0046ca                  __vfscanf_cdnopuxX
 .libc._sprintf_cdfFnopsuxX
                  0x0049b8         0x2c c:/program files/microchip/xc16/v1.61/bin/bin/../../lib\libc-elf.a(sprintf_cdfFnopsuxX.XXeo)
                  0x0049b8                  __sprintf_cdfFnopuxX
                  0x0049b8                  __sprintf_cdfFnopsuxX
                  0x0049b8                  __sprintf_cdnopuxX
                  0x0049b8                  __sprintf_cdnopsuxX
 .libc.fround     0x0049e4         0xba c:/program files/microchip/xc16/v1.61/bin/bin/../../lib\libc-elf.a(doprnt_cdfFnopsuxX.XXeo)
 .libc.scale      0x004a9e         0xc4 c:/program files/microchip/xc16/v1.61/bin/bin/../../lib\libc-elf.a(doprnt_cdfFnopsuxX.XXeo)
 .libc.sputc      0x004b62         0x12 c:/program files/microchip/xc16/v1.61/bin/bin/../../lib\libc-elf.a(doprnt_cdfFnopsuxX.XXeo)
 .libc._vfprintf_cdfFnopsuxX
                  0x004b74        0x9c2 c:/program files/microchip/xc16/v1.61/bin/bin/../../lib\libc-elf.a(doprnt_cdfFnopsuxX.XXeo)
                  0x004b74                  __vfprintf_cdnopuxX
                  0x004b74                  __vfprintf_cdnopsuxX
                  0x004b74                  __vfprintf_cdfFnopuxX
                  0x004b74                  __vfprintf_cdfFnopsuxX
 .libc.fround     0x005536         0x84 c:/program files/microchip/xc16/v1.61/bin/bin/../../lib\libc-elf.a(doprnt.eo)
 .libc.scale      0x0055ba         0xaa c:/program files/microchip/xc16/v1.61/bin/bin/../../lib\libc-elf.a(doprnt.eo)
 .libc.sputc      0x005664         0x12 c:/program files/microchip/xc16/v1.61/bin/bin/../../lib\libc-elf.a(doprnt.eo)
 .libc.vfprintf
                  0x005676       0x1178 c:/program files/microchip/xc16/v1.61/bin/bin/../../lib\libc-elf.a(doprnt.eo)
                  0x005676                  _vfprintf
 .libc.fgetc      0x0067ee         0x62 c:/program files/microchip/xc16/v1.61/bin/bin/../../lib\libc-elf.a(fgetc.eo)
                  0x0067ee                  _fgetc
 .libc._filbuf    0x006850         0x98 c:/program files/microchip/xc16/v1.61/bin/bin/../../lib\libc-elf.a(filbuf.eo)
                  0x006850                  __filbuf
 .libc._flsbuf    0x0068e8         0x7e c:/program files/microchip/xc16/v1.61/bin/bin/../../lib\libc-elf.a(flsbuf.eo)
                  0x0068e8                  __flsbuf
 .libc.strncmp    0x006966         0x1e c:/program files/microchip/xc16/v1.61/bin/bin/../../lib\libc-elf.a(strncmp.eo)
                  0x006966                  _strncmp
 .libc.ungetc     0x006984         0x3e c:/program files/microchip/xc16/v1.61/bin/bin/../../lib\libc-elf.a(ungetc.eo)
                  0x006984                  _ungetc
 *fill*           0x0069c2          0x400
 .libm.adddf3     0x0069c4         0xfc c:/program files/microchip/xc16/v1.61/bin/bin/../../lib\libm-elf.a(adddf3.eo)
                  0x0069c4                  ___adddf3
 .libm.eqdf2      0x006ac0          0xa c:/program files/microchip/xc16/v1.61/bin/bin/../../lib\libm-elf.a(deqltle.eo)
                  0x006ac0                  ___eqdf2
                  0x006ac0                  ___ltdf2
                  0x006ac0                  ___ledf2
 .libm.gtdf2      0x006aca          0xa c:/program files/microchip/xc16/v1.61/bin/bin/../../lib\libm-elf.a(dgtge.eo)
                  0x006aca                  ___gtdf2
                  0x006aca                  ___gedf2
 .libm.divdf3     0x006ad4         0xb4 c:/program files/microchip/xc16/v1.61/bin/bin/../../lib\libm-elf.a(divdf3.eo)
                  0x006ad4                  ___divdf3
 .libm.nedf2      0x006b88          0xa c:/program files/microchip/xc16/v1.61/bin/bin/../../lib\libm-elf.a(dne.eo)
                  0x006b88                  ___nedf2
 .libm.dpack      0x006b92         0x58 c:/program files/microchip/xc16/v1.61/bin/bin/../../lib\libm-elf.a(dpack.eo)
                  0x006b92                  __dpack
 .libm.extendsfdf2
                  0x006bea         0x3e c:/program files/microchip/xc16/v1.61/bin/bin/../../lib\libm-elf.a(extendsfdf.eo)
                  0x006bea                  ___extendsfdf2
 .libm.fixunsdfdi
                  0x006c28         0x62 c:/program files/microchip/xc16/v1.61/bin/bin/../../lib\libm-elf.a(fixunsdfdi.eo)
                  0x006c28                  ___fixunsdfdi
 .libm.fixunssfsi
                  0x006c8a         0x36 c:/program files/microchip/xc16/v1.61/bin/bin/../../lib\libm-elf.a(fixunssfsi.eo)
                  0x006c8a                  ___fixunssfsi
 .libm.floatunsidf
                  0x006cc0          0x4 c:/program files/microchip/xc16/v1.61/bin/bin/../../lib\libm-elf.a(floatunsidf.eo)
                  0x006cc0                  ___floatunsidf
 .libm.nesf2      0x006cc4          0x4 c:/program files/microchip/xc16/v1.61/bin/bin/../../lib\libm-elf.a(fne.eo)
                  0x006cc4                  ___nesf2
 .libm.frexp      0x006cc8         0x3a c:/program files/microchip/xc16/v1.61/bin/bin/../../lib\libm-elf.a(frexp.eo)
                  0x006cc8                  _frexp
                  0x006cc8                  _frexpl
 .libm.frexpf     0x006d02          0x6 c:/program files/microchip/xc16/v1.61/bin/bin/../../lib\libm-elf.a(frexpf.eo)
                  0x006d02                  _frexpf
 .libm.muldf3     0x006d08         0xec c:/program files/microchip/xc16/v1.61/bin/bin/../../lib\libm-elf.a(muldf3.eo)
                  0x006d08                  ___muldf3
 .libm.subdf3     0x006df4          0x4 c:/program files/microchip/xc16/v1.61/bin/bin/../../lib\libm-elf.a(subdf3.eo)
                  0x006df4                  ___subdf3
 .libm.frexpf     0x006df8         0x1a c:/program files/microchip/xc16/v1.61/bin/bin/../../lib\libm-elf.a(_frexpf.eo)
                  0x006df8                  __frexpf
 .libm.dcompare
                  0x006e12         0x52 c:/program files/microchip/xc16/v1.61/bin/bin/../../lib\libm-elf.a(dcompare.eo)
                  0x006e12                  __dcompare
 .libm.dtype      0x006e64         0x24 c:/program files/microchip/xc16/v1.61/bin/bin/../../lib\libm-elf.a(dtype.eo)
                  0x006e64                  __dtype
 .libm.floatundidf
                  0x006e88         0x56 c:/program files/microchip/xc16/v1.61/bin/bin/../../lib\libm-elf.a(floatundidf.eo)
                  0x006e88                  ___floatundidf

usercode
 *(usercode)

__FBS
 *(__FBS.sec)

__FSS
 *(__FSS.sec)

__FGS             0xf80004          0x2
 *(__FGS.sec)
 __FGS.sec        0xf80004          0x2 /CW/_FGSðvö
                  0xf80004                  __FGS.sec

__FOSCSEL         0xf80006          0x2
 *(__FOSCSEL.sec)
 __FOSCSEL.sec    0xf80006          0x2 build/default/production/_ext/1360937237/Voter.o

__FOSC            0xf80008          0x2
 *(__FOSC.sec)
 __FOSC.sec       0xf80008          0x2 build/default/production/_ext/1360937237/Voter.o

__FWDT            0xf8000a          0x2
 *(__FWDT.sec)
 __FWDT.sec       0xf8000a          0x2 build/default/production/_ext/1360937237/Voter.o

__FPOR            0xf8000c          0x2
 *(__FPOR.sec)
 __FPOR.sec       0xf8000c          0x2 build/default/production/_ext/1360937237/Voter.o

__FICD            0xf8000e          0x2
 *(__FICD.sec)
 __FICD.sec       0xf8000e          0x2 build/default/production/_ext/1360937237/Voter.o

__FUID0
 *(__FUID0.sec)

__FUID1
 *(__FUID1.sec)

__FUID2
 *(__FUID2.sec)

__FUID3
 *(__FUID3.sec)

.comment
 *(.comment)

.debug_info       0x000000      0x1c86b
 *(.debug_info)
 .debug_info      0x000000       0x1073 build/default/production/_ext/1431490294/ARP.o
 .debug_info      0x001073        0x1fa build/default/production/_ext/1431490294/Delay.o
 .debug_info      0x00126d       0x151c build/default/production/_ext/1431490294/DHCP.o
 .debug_info      0x002789       0x1303 build/default/production/_ext/1431490294/DNS.o
 .debug_info      0x003a8c       0x32fb build/default/production/_ext/1431490294/ENC28J60.o
 .debug_info      0x006d87        0xfbc build/default/production/_ext/1431490294/Helpers.o
 .debug_info      0x007d43       0x108f build/default/production/_ext/1431490294/IP.o
 .debug_info      0x008dd2        0x15f build/default/production/_ext/1431490294/Random.o
 .debug_info      0x008f31        0xe34 build/default/production/_ext/1431490294/SPIEEPROM.o
 .debug_info      0x009d65        0xfa6 build/default/production/_ext/1431490294/StackTsk.o
 .debug_info      0x00ad0b        0x93f build/default/production/_ext/1431490294/Tick.o
 .debug_info      0x00b64a       0x1484 build/default/production/_ext/1431490294/UART.o
 .debug_info      0x00cace       0x158d build/default/production/_ext/1431490294/UDP.o
 .debug_info      0x00e05b       0x13d9 build/default/production/_ext/1360937237/squelch.o
 .debug_info      0x00f434       0x1194 build/default/production/_ext/1431490294/Telnet.o
 .debug_info      0x0105c8       0x26d1 build/default/production/_ext/1431490294/TCP.o
 .debug_info      0x012c99        0xf40 build/default/production/_ext/1431490294/DynDNS.o
 .debug_info      0x013bd9        0x1e6 build/default/production/_ext/1360937237/doubleify.o
 .debug_info      0x013dbf        0xaf8 build/default/production/_ext/1431490294/ICMP.o
 .debug_info      0x0148b7       0x7fb4 build/default/production/_ext/1360937237/Voter.o
 *(.gnu.linkonce.wi.*)

.debug_abbrev     0x000000       0x2479
 *(.debug_abbrev)
 .debug_abbrev    0x000000        0x1d2 build/default/production/_ext/1431490294/ARP.o
 .debug_abbrev    0x0001d2         0x7d build/default/production/_ext/1431490294/Delay.o
 .debug_abbrev    0x00024f        0x223 build/default/production/_ext/1431490294/DHCP.o
 .debug_abbrev    0x000472        0x1e2 build/default/production/_ext/1431490294/DNS.o
 .debug_abbrev    0x000654        0x2fa build/default/production/_ext/1431490294/ENC28J60.o
 .debug_abbrev    0x00094e        0x1b8 build/default/production/_ext/1431490294/Helpers.o
 .debug_abbrev    0x000b06        0x1bb build/default/production/_ext/1431490294/IP.o
 .debug_abbrev    0x000cc1         0x1f build/default/production/_ext/1431490294/Random.o
 .debug_abbrev    0x000ce0        0x222 build/default/production/_ext/1431490294/SPIEEPROM.o
 .debug_abbrev    0x000f02        0x177 build/default/production/_ext/1431490294/StackTsk.o
 .debug_abbrev    0x001079        0x167 build/default/production/_ext/1431490294/Tick.o
 .debug_abbrev    0x0011e0        0x1d0 build/default/production/_ext/1431490294/UART.o
 .debug_abbrev    0x0013b0        0x2a5 build/default/production/_ext/1431490294/UDP.o
 .debug_abbrev    0x001655        0x208 build/default/production/_ext/1360937237/squelch.o
 .debug_abbrev    0x00185d        0x1e4 build/default/production/_ext/1431490294/Telnet.o
 .debug_abbrev    0x001a41        0x276 build/default/production/_ext/1431490294/TCP.o
 .debug_abbrev    0x001cb7        0x1f6 build/default/production/_ext/1431490294/DynDNS.o
 .debug_abbrev    0x001ead         0x96 build/default/production/_ext/1360937237/doubleify.o
 .debug_abbrev    0x001f43        0x19f build/default/production/_ext/1431490294/ICMP.o
 .debug_abbrev    0x0020e2        0x397 build/default/production/_ext/1360937237/Voter.o

.debug_line       0x000000       0x2ba9
 *(.debug_line)
 .debug_line      0x000000         0xe3 build/default/production/_ext/1431490294/ARP.o
 .debug_line      0x0000e3         0x70 build/default/production/_ext/1431490294/Delay.o
 .debug_line      0x000153        0x1ac build/default/production/_ext/1431490294/DHCP.o
 .debug_line      0x0002ff        0x176 build/default/production/_ext/1431490294/DNS.o
 .debug_line      0x000475        0x40d build/default/production/_ext/1431490294/ENC28J60.o
 .debug_line      0x000882        0x27a build/default/production/_ext/1431490294/Helpers.o
 .debug_line      0x000afc         0xb3 build/default/production/_ext/1431490294/IP.o
 .debug_line      0x000baf         0x1a build/default/production/_ext/1431490294/Random.o
 .debug_line      0x000bc9        0x231 build/default/production/_ext/1431490294/SPIEEPROM.o
 .debug_line      0x000dfa         0xbf build/default/production/_ext/1431490294/StackTsk.o
 .debug_line      0x000eb9        0x17c build/default/production/_ext/1431490294/Tick.o
 .debug_line      0x001035        0x209 build/default/production/_ext/1431490294/UART.o
 .debug_line      0x00123e        0x168 build/default/production/_ext/1431490294/UDP.o
 .debug_line      0x0013a6        0x1e2 build/default/production/_ext/1360937237/squelch.o
 .debug_line      0x001588         0xf3 build/default/production/_ext/1431490294/Telnet.o
 .debug_line      0x00167b        0x5b5 build/default/production/_ext/1431490294/TCP.o
 .debug_line      0x001c30        0x16c build/default/production/_ext/1431490294/DynDNS.o
 .debug_line      0x001d9c         0x58 build/default/production/_ext/1360937237/doubleify.o
 .debug_line      0x001df4         0xe1 build/default/production/_ext/1431490294/ICMP.o
 .debug_line      0x001ed5        0xcd4 build/default/production/_ext/1360937237/Voter.o

.debug_frame      0x000000       0x2464
 *(.debug_frame)
 .debug_frame     0x000000         0xae build/default/production/_ext/1431490294/ARP.o
 .debug_frame     0x0000ae         0x48 build/default/production/_ext/1431490294/Delay.o
 .debug_frame     0x0000f6         0xf6 build/default/production/_ext/1431490294/DHCP.o
 .debug_frame     0x0001ec         0xba build/default/production/_ext/1431490294/DNS.o
 .debug_frame     0x0002a6        0x3e6 build/default/production/_ext/1431490294/ENC28J60.o
 .debug_frame     0x00068c        0x18e build/default/production/_ext/1431490294/Helpers.o
 .debug_frame     0x00081a         0x86 build/default/production/_ext/1431490294/IP.o
 .debug_frame     0x0008a0         0xf6 build/default/production/_ext/1431490294/SPIEEPROM.o
 .debug_frame     0x000996         0x64 build/default/production/_ext/1431490294/StackTsk.o
 .debug_frame     0x0009fa         0xbe build/default/production/_ext/1431490294/Tick.o
 .debug_frame     0x000ab8        0x232 build/default/production/_ext/1431490294/UART.o
 .debug_frame     0x000cea        0x1a6 build/default/production/_ext/1431490294/UDP.o
 .debug_frame     0x000e90         0x62 build/default/production/_ext/1360937237/squelch.o
 .debug_frame     0x000ef2         0xc6 build/default/production/_ext/1431490294/Telnet.o
 .debug_frame     0x000fb8        0x422 build/default/production/_ext/1431490294/TCP.o
 .debug_frame     0x0013da         0x86 build/default/production/_ext/1431490294/DynDNS.o
 .debug_frame     0x001460         0x36 build/default/production/_ext/1360937237/doubleify.o
 .debug_frame     0x001496         0xa4 build/default/production/_ext/1431490294/ICMP.o
 .debug_frame     0x00153a        0xf2a build/default/production/_ext/1360937237/Voter.o

.debug_str        0x000000        0xc0c
 *(.debug_str)
 .debug_str       0x000000         0x18 build/default/production/_ext/1431490294/ARP.o
 .debug_str       0x000018         0x48 build/default/production/_ext/1431490294/DHCP.o
 .debug_str       0x000060          0xa build/default/production/_ext/1431490294/DNS.o
 .debug_str       0x00006a         0xbf build/default/production/_ext/1431490294/ENC28J60.o
 .debug_str       0x000129          0x9 build/default/production/_ext/1431490294/Helpers.o
 .debug_str       0x000132         0x13 build/default/production/_ext/1431490294/IP.o
 .debug_str       0x000145         0x5a build/default/production/_ext/1431490294/SPIEEPROM.o
 .debug_str       0x00019f         0x15 build/default/production/_ext/1431490294/StackTsk.o
 .debug_str       0x0001b4         0x25 build/default/production/_ext/1431490294/Tick.o
 .debug_str       0x0001d9         0x84 build/default/production/_ext/1431490294/UART.o
 .debug_str       0x00025d         0x74 build/default/production/_ext/1431490294/UDP.o
 .debug_str       0x0002d1         0x4f build/default/production/_ext/1360937237/squelch.o
 .debug_str       0x000320         0x46 build/default/production/_ext/1431490294/Telnet.o
 .debug_str       0x000366         0xcb build/default/production/_ext/1431490294/TCP.o
 .debug_str       0x000431         0x55 build/default/production/_ext/1431490294/DynDNS.o
 .debug_str       0x000486        0x786 build/default/production/_ext/1360937237/Voter.o

.debug_loc
 *(.debug_loc)

.debug_macinfo
 *(.debug_macinfo)

.debug_pubnames
                  0x000000       0x197e
 *(.debug_pubnames)
 .debug_pubnames
                  0x000000         0x60 build/default/production/_ext/1431490294/ARP.o
 .debug_pubnames
                  0x000060         0x2c build/default/production/_ext/1431490294/Delay.o
 .debug_pubnames
                  0x00008c         0xb9 build/default/production/_ext/1431490294/DHCP.o
 .debug_pubnames
                  0x000145         0x55 build/default/production/_ext/1431490294/DNS.o
 .debug_pubnames
                  0x00019a        0x1c4 build/default/production/_ext/1431490294/ENC28J60.o
 .debug_pubnames
                  0x00035e        0x10d build/default/production/_ext/1431490294/Helpers.o
 .debug_pubnames
                  0x00046b         0x44 build/default/production/_ext/1431490294/IP.o
 .debug_pubnames
                  0x0004af         0xaa build/default/production/_ext/1431490294/SPIEEPROM.o
 .debug_pubnames
                  0x000559         0x53 build/default/production/_ext/1431490294/StackTsk.o
 .debug_pubnames
                  0x0005ac         0x7e build/default/production/_ext/1431490294/Tick.o
 .debug_pubnames
                  0x00062a        0x154 build/default/production/_ext/1431490294/UART.o
 .debug_pubnames
                  0x00077e        0x143 build/default/production/_ext/1431490294/UDP.o
 .debug_pubnames
                  0x0008c1         0x89 build/default/production/_ext/1360937237/squelch.o
 .debug_pubnames
                  0x00094a         0x89 build/default/production/_ext/1431490294/Telnet.o
 .debug_pubnames
                  0x0009d3        0x1ba build/default/production/_ext/1431490294/TCP.o
 .debug_pubnames
                  0x000b8d         0x9f build/default/production/_ext/1431490294/DynDNS.o
 .debug_pubnames
                  0x000c2c         0x20 build/default/production/_ext/1360937237/doubleify.o
 .debug_pubnames
                  0x000c4c         0x7f build/default/production/_ext/1431490294/ICMP.o
 .debug_pubnames
                  0x000ccb        0xcb3 build/default/production/_ext/1360937237/Voter.o

.debug_ranges
 *(.debug_ranges)

.debug_aranges    0x000000        0x1c8
 *(.debug_aranges)
 .debug_aranges
                  0x000000         0x18 build/default/production/_ext/1431490294/ARP.o
 .debug_aranges
                  0x000018         0x18 build/default/production/_ext/1431490294/Delay.o
 .debug_aranges
                  0x000030         0x18 build/default/production/_ext/1431490294/DHCP.o
 .debug_aranges
                  0x000048         0x18 build/default/production/_ext/1431490294/DNS.o
 .debug_aranges
                  0x000060         0x18 build/default/production/_ext/1431490294/ENC28J60.o
 .debug_aranges
                  0x000078         0x18 build/default/production/_ext/1431490294/Helpers.o
 .debug_aranges
                  0x000090         0x18 build/default/production/_ext/1431490294/IP.o
 .debug_aranges
                  0x0000a8         0x18 build/default/production/_ext/1431490294/SPIEEPROM.o
 .debug_aranges
                  0x0000c0         0x18 build/default/production/_ext/1431490294/StackTsk.o
 .debug_aranges
                  0x0000d8         0x18 build/default/production/_ext/1431490294/Tick.o
 .debug_aranges
                  0x0000f0         0x18 build/default/production/_ext/1431490294/UART.o
 .debug_aranges
                  0x000108         0x18 build/default/production/_ext/1431490294/UDP.o
 .debug_aranges
                  0x000120         0x18 build/default/production/_ext/1360937237/squelch.o
 .debug_aranges
                  0x000138         0x18 build/default/production/_ext/1431490294/Telnet.o
 .debug_aranges
                  0x000150         0x18 build/default/production/_ext/1431490294/TCP.o
 .debug_aranges
                  0x000168         0x18 build/default/production/_ext/1431490294/DynDNS.o
 .debug_aranges
                  0x000180         0x18 build/default/production/_ext/1360937237/doubleify.o
 .debug_aranges
                  0x000198         0x18 build/default/production/_ext/1431490294/ICMP.o
 .debug_aranges
                  0x0001b0         0x18 build/default/production/_ext/1360937237/Voter.o

.ivt              0x000004         0xfc
                  0x000004          0x4 LONG 0xd55e DEFINED (__ReservedTrap0)?ABSOLUTE (__ReservedTrap0):ABSOLUTE (__DefaultInterrupt)
                  0x000006          0x4 LONG 0xd56c DEFINED (__OscillatorFail)?ABSOLUTE (__OscillatorFail):ABSOLUTE (__DefaultInterrupt)
                  0x000008          0x4 LONG 0xd57a DEFINED (__AddressError)?ABSOLUTE (__AddressError):ABSOLUTE (__DefaultInterrupt)
                  0x00000a          0x4 LONG 0xd57e DEFINED (__StackError)?ABSOLUTE (__StackError):ABSOLUTE (__DefaultInterrupt)
                  0x00000c          0x4 LONG 0xd582 DEFINED (__MathError)?ABSOLUTE (__MathError):ABSOLUTE (__DefaultInterrupt)
                  0x00000e          0x4 LONG 0xd55e DEFINED (__DMACError)?ABSOLUTE (__DMACError):ABSOLUTE (__DefaultInterrupt)
                  0x000010          0x4 LONG 0xd55e DEFINED (__ReservedTrap6)?ABSOLUTE (__ReservedTrap6):ABSOLUTE (__DefaultInterrupt)
                  0x000012          0x4 LONG 0xd55e DEFINED (__ReservedTrap7)?ABSOLUTE (__ReservedTrap7):ABSOLUTE (__DefaultInterrupt)
                  0x000014          0x4 LONG 0xd55e DEFINED (__INT0Interrupt)?ABSOLUTE (__INT0Interrupt):ABSOLUTE (__DefaultInterrupt)
                  0x000016          0x4 LONG 0xd55e DEFINED (__IC1Interrupt)?ABSOLUTE (__IC1Interrupt):ABSOLUTE (__DefaultInterrupt)
                  0x000018          0x4 LONG 0xd55e DEFINED (__OC1Interrupt)?ABSOLUTE (__OC1Interrupt):ABSOLUTE (__DefaultInterrupt)
                  0x00001a          0x4 LONG 0x10d76 DEFINED (__T1Interrupt)?ABSOLUTE (__T1Interrupt):ABSOLUTE (__DefaultInterrupt)
                  0x00001c          0x4 LONG 0xd55e DEFINED (__DMA0Interrupt)?ABSOLUTE (__DMA0Interrupt):ABSOLUTE (__DefaultInterrupt)
                  0x00001e          0x4 LONG 0xd55e DEFINED (__IC2Interrupt)?ABSOLUTE (__IC2Interrupt):ABSOLUTE (__DefaultInterrupt)
                  0x000020          0x4 LONG 0xd55e DEFINED (__OC2Interrupt)?ABSOLUTE (__OC2Interrupt):ABSOLUTE (__DefaultInterrupt)
                  0x000022          0x4 LONG 0xd55e DEFINED (__T2Interrupt)?ABSOLUTE (__T2Interrupt):ABSOLUTE (__DefaultInterrupt)
                  0x000024          0x4 LONG 0xd55e DEFINED (__T3Interrupt)?ABSOLUTE (__T3Interrupt):ABSOLUTE (__DefaultInterrupt)
                  0x000026          0x4 LONG 0xd55e DEFINED (__SPI1ErrInterrupt)?ABSOLUTE (__SPI1ErrInterrupt):ABSOLUTE (__DefaultInterrupt)
                  0x000028          0x4 LONG 0xd55e DEFINED (__SPI1Interrupt)?ABSOLUTE (__SPI1Interrupt):ABSOLUTE (__DefaultInterrupt)
                  0x00002a          0x4 LONG 0x10b2c DEFINED (__U1RXInterrupt)?ABSOLUTE (__U1RXInterrupt):ABSOLUTE (__DefaultInterrupt)
                  0x00002c          0x4 LONG 0x10b78 DEFINED (__U1TXInterrupt)?ABSOLUTE (__U1TXInterrupt):ABSOLUTE (__DefaultInterrupt)
                  0x00002e          0x4 LONG 0xd01a DEFINED (__ADC1Interrupt)?ABSOLUTE (__ADC1Interrupt):ABSOLUTE (__DefaultInterrupt)
                  0x000030          0x4 LONG 0xd55e DEFINED (__DMA1Interrupt)?ABSOLUTE (__DMA1Interrupt):ABSOLUTE (__DefaultInterrupt)
                  0x000032          0x4 LONG 0xd55e DEFINED (__Interrupt15)?ABSOLUTE (__Interrupt15):ABSOLUTE (__DefaultInterrupt)
                  0x000034          0x4 LONG 0xd55e DEFINED (__SI2C1Interrupt)?ABSOLUTE (__SI2C1Interrupt):ABSOLUTE (__DefaultInterrupt)
                  0x000036          0x4 LONG 0xd55e DEFINED (__MI2C1Interrupt)?ABSOLUTE (__MI2C1Interrupt):ABSOLUTE (__DefaultInterrupt)
                  0x000038          0x4 LONG 0xd55e DEFINED (__CMPInterrupt)?ABSOLUTE (__CMPInterrupt):ABSOLUTE (__DefaultInterrupt)
                  0x00003a          0x4 LONG 0xcd98 DEFINED (__CNInterrupt)?ABSOLUTE (__CNInterrupt):ABSOLUTE (__DefaultInterrupt)
                  0x00003c          0x4 LONG 0xd55e DEFINED (__INT1Interrupt)?ABSOLUTE (__INT1Interrupt):ABSOLUTE (__DefaultInterrupt)
                  0x00003e          0x4 LONG 0xd55e DEFINED (__Interrupt21)?ABSOLUTE (__Interrupt21):ABSOLUTE (__DefaultInterrupt)
                  0x000040          0x4 LONG 0xd55e DEFINED (__IC7Interrupt)?ABSOLUTE (__IC7Interrupt):ABSOLUTE (__DefaultInterrupt)
                  0x000042          0x4 LONG 0xd55e DEFINED (__IC8Interrupt)?ABSOLUTE (__IC8Interrupt):ABSOLUTE (__DefaultInterrupt)
                  0x000044          0x4 LONG 0xd55e DEFINED (__DMA2Interrupt)?ABSOLUTE (__DMA2Interrupt):ABSOLUTE (__DefaultInterrupt)
                  0x000046          0x4 LONG 0xd55e DEFINED (__OC3Interrupt)?ABSOLUTE (__OC3Interrupt):ABSOLUTE (__DefaultInterrupt)
                  0x000048          0x4 LONG 0xd55e DEFINED (__OC4Interrupt)?ABSOLUTE (__OC4Interrupt):ABSOLUTE (__DefaultInterrupt)
                  0x00004a          0x4 LONG 0xd002 DEFINED (__T4Interrupt)?ABSOLUTE (__T4Interrupt):ABSOLUTE (__DefaultInterrupt)
                  0x00004c          0x4 LONG 0xd55e DEFINED (__T5Interrupt)?ABSOLUTE (__T5Interrupt):ABSOLUTE (__DefaultInterrupt)
                  0x00004e          0x4 LONG 0xd55e DEFINED (__INT2Interrupt)?ABSOLUTE (__INT2Interrupt):ABSOLUTE (__DefaultInterrupt)
                  0x000050          0x4 LONG 0x10ba4 DEFINED (__U2RXInterrupt)?ABSOLUTE (__U2RXInterrupt):ABSOLUTE (__DefaultInterrupt)
                  0x000052          0x4 LONG 0x10bf0 DEFINED (__U2TXInterrupt)?ABSOLUTE (__U2TXInterrupt):ABSOLUTE (__DefaultInterrupt)
                  0x000054          0x4 LONG 0xd55e DEFINED (__SPI2ErrInterrupt)?ABSOLUTE (__SPI2ErrInterrupt):ABSOLUTE (__DefaultInterrupt)
                  0x000056          0x4 LONG 0xd55e DEFINED (__SPI2Interrupt)?ABSOLUTE (__SPI2Interrupt):ABSOLUTE (__DefaultInterrupt)
                  0x000058          0x4 LONG 0xd55e DEFINED (__C1RxRdyInterrupt)?ABSOLUTE (__C1RxRdyInterrupt):ABSOLUTE (__DefaultInterrupt)
                  0x00005a          0x4 LONG 0xd55e DEFINED (__C1Interrupt)?ABSOLUTE (__C1Interrupt):ABSOLUTE (__DefaultInterrupt)
                  0x00005c          0x4 LONG 0xd55e DEFINED (__DMA3Interrupt)?ABSOLUTE (__DMA3Interrupt):ABSOLUTE (__DefaultInterrupt)
                  0x00005e          0x4 LONG 0xd55e DEFINED (__Interrupt37)?ABSOLUTE (__Interrupt37):ABSOLUTE (__DefaultInterrupt)
                  0x000060          0x4 LONG 0xd55e DEFINED (__Interrupt38)?ABSOLUTE (__Interrupt38):ABSOLUTE (__DefaultInterrupt)
                  0x000062          0x4 LONG 0xd55e DEFINED (__Interrupt39)?ABSOLUTE (__Interrupt39):ABSOLUTE (__DefaultInterrupt)
                  0x000064          0x4 LONG 0xd55e DEFINED (__Interrupt40)?ABSOLUTE (__Interrupt40):ABSOLUTE (__DefaultInterrupt)
                  0x000066          0x4 LONG 0xd55e DEFINED (__Interrupt41)?ABSOLUTE (__Interrupt41):ABSOLUTE (__DefaultInterrupt)
                  0x000068          0x4 LONG 0xd55e DEFINED (__Interrupt42)?ABSOLUTE (__Interrupt42):ABSOLUTE (__DefaultInterrupt)
                  0x00006a          0x4 LONG 0xd55e DEFINED (__Interrupt43)?ABSOLUTE (__Interrupt43):ABSOLUTE (__DefaultInterrupt)
                  0x00006c          0x4 LONG 0xd55e DEFINED (__Interrupt44)?ABSOLUTE (__Interrupt44):ABSOLUTE (__DefaultInterrupt)
                  0x00006e          0x4 LONG 0xd55e DEFINED (__PMPInterrupt)?ABSOLUTE (__PMPInterrupt):ABSOLUTE (__DefaultInterrupt)
                  0x000070          0x4 LONG 0xd55e DEFINED (__DMA4Interrupt)?ABSOLUTE (__DMA4Interrupt):ABSOLUTE (__DefaultInterrupt)
                  0x000072          0x4 LONG 0xd55e DEFINED (__Interrupt47)?ABSOLUTE (__Interrupt47):ABSOLUTE (__DefaultInterrupt)
                  0x000074          0x4 LONG 0xd55e DEFINED (__Interrupt48)?ABSOLUTE (__Interrupt48):ABSOLUTE (__DefaultInterrupt)
                  0x000076          0x4 LONG 0xd55e DEFINED (__Interrupt49)?ABSOLUTE (__Interrupt49):ABSOLUTE (__DefaultInterrupt)
                  0x000078          0x4 LONG 0xd55e DEFINED (__Interrupt50)?ABSOLUTE (__Interrupt50):ABSOLUTE (__DefaultInterrupt)
                  0x00007a          0x4 LONG 0xd55e DEFINED (__Interrupt51)?ABSOLUTE (__Interrupt51):ABSOLUTE (__DefaultInterrupt)
                  0x00007c          0x4 LONG 0xd55e DEFINED (__Interrupt52)?ABSOLUTE (__Interrupt52):ABSOLUTE (__DefaultInterrupt)
                  0x00007e          0x4 LONG 0xd55e DEFINED (__Interrupt53)?ABSOLUTE (__Interrupt53):ABSOLUTE (__DefaultInterrupt)
                  0x000080          0x4 LONG 0xd55e DEFINED (__Interrupt54)?ABSOLUTE (__Interrupt54):ABSOLUTE (__DefaultInterrupt)
                  0x000082          0x4 LONG 0xd55e DEFINED (__Interrupt55)?ABSOLUTE (__Interrupt55):ABSOLUTE (__DefaultInterrupt)
                  0x000084          0x4 LONG 0xd55e DEFINED (__Interrupt56)?ABSOLUTE (__Interrupt56):ABSOLUTE (__DefaultInterrupt)
                  0x000086          0x4 LONG 0xd55e DEFINED (__Interrupt57)?ABSOLUTE (__Interrupt57):ABSOLUTE (__DefaultInterrupt)
                  0x000088          0x4 LONG 0xd55e DEFINED (__Interrupt58)?ABSOLUTE (__Interrupt58):ABSOLUTE (__DefaultInterrupt)
                  0x00008a          0x4 LONG 0xd55e DEFINED (__Interrupt59)?ABSOLUTE (__Interrupt59):ABSOLUTE (__DefaultInterrupt)
                  0x00008c          0x4 LONG 0xd55e DEFINED (__DCIInterrupt)?ABSOLUTE (__DCIInterrupt):ABSOLUTE (__DefaultInterrupt)
                  0x00008e          0x4 LONG 0xd55e DEFINED (__DMA5Interrupt)?ABSOLUTE (__DMA5Interrupt):ABSOLUTE (__DefaultInterrupt)
                  0x000090          0x4 LONG 0xd55e DEFINED (__RTCCInterrupt)?ABSOLUTE (__RTCCInterrupt):ABSOLUTE (__DefaultInterrupt)
                  0x000092          0x4 LONG 0xd55e DEFINED (__Interrupt63)?ABSOLUTE (__Interrupt63):ABSOLUTE (__DefaultInterrupt)
                  0x000094          0x4 LONG 0xd55e DEFINED (__Interrupt64)?ABSOLUTE (__Interrupt64):ABSOLUTE (__DefaultInterrupt)
                  0x000096          0x4 LONG 0xd55e DEFINED (__U1ErrInterrupt)?ABSOLUTE (__U1ErrInterrupt):ABSOLUTE (__DefaultInterrupt)
                  0x000098          0x4 LONG 0xd55e DEFINED (__U2ErrInterrupt)?ABSOLUTE (__U2ErrInterrupt):ABSOLUTE (__DefaultInterrupt)
                  0x00009a          0x4 LONG 0xd55e DEFINED (__CRCInterrupt)?ABSOLUTE (__CRCInterrupt):ABSOLUTE (__DefaultInterrupt)
                  0x00009c          0x4 LONG 0xd55e DEFINED (__DMA6Interrupt)?ABSOLUTE (__DMA6Interrupt):ABSOLUTE (__DefaultInterrupt)
                  0x00009e          0x4 LONG 0xd55e DEFINED (__DMA7Interrupt)?ABSOLUTE (__DMA7Interrupt):ABSOLUTE (__DefaultInterrupt)
                  0x0000a0          0x4 LONG 0xd55e DEFINED (__C1TxReqInterrupt)?ABSOLUTE (__C1TxReqInterrupt):ABSOLUTE (__DefaultInterrupt)
                  0x0000a2          0x4 LONG 0xd55e DEFINED (__Interrupt71)?ABSOLUTE (__Interrupt71):ABSOLUTE (__DefaultInterrupt)
                  0x0000a4          0x4 LONG 0xd55e DEFINED (__Interrupt72)?ABSOLUTE (__Interrupt72):ABSOLUTE (__DefaultInterrupt)
                  0x0000a6          0x4 LONG 0xd55e DEFINED (__Interrupt73)?ABSOLUTE (__Interrupt73):ABSOLUTE (__DefaultInterrupt)
                  0x0000a8          0x4 LONG 0xd55e DEFINED (__Interrupt74)?ABSOLUTE (__Interrupt74):ABSOLUTE (__DefaultInterrupt)
                  0x0000aa          0x4 LONG 0xd55e DEFINED (__Interrupt75)?ABSOLUTE (__Interrupt75):ABSOLUTE (__DefaultInterrupt)
                  0x0000ac          0x4 LONG 0xd55e DEFINED (__Interrupt76)?ABSOLUTE (__Interrupt76):ABSOLUTE (__DefaultInterrupt)
                  0x0000ae          0x4 LONG 0xd55e DEFINED (__Interrupt77)?ABSOLUTE (__Interrupt77):ABSOLUTE (__DefaultInterrupt)
                  0x0000b0          0x4 LONG 0xd55e DEFINED (__DAC1RInterrupt)?ABSOLUTE (__DAC1RInterrupt):ABSOLUTE (__DefaultInterrupt)
                  0x0000b2          0x4 LONG 0xd266 DEFINED (__DAC1LInterrupt)?ABSOLUTE (__DAC1LInterrupt):ABSOLUTE (__DefaultInterrupt)
                  0x0000b4          0x4 LONG 0xd55e DEFINED (__Interrupt80)?ABSOLUTE (__Interrupt80):ABSOLUTE (__DefaultInterrupt)
                  0x0000b6          0x4 LONG 0xd55e DEFINED (__Interrupt81)?ABSOLUTE (__Interrupt81):ABSOLUTE (__DefaultInterrupt)
                  0x0000b8          0x4 LONG 0xd55e DEFINED (__Interrupt82)?ABSOLUTE (__Interrupt82):ABSOLUTE (__DefaultInterrupt)
                  0x0000ba          0x4 LONG 0xd55e DEFINED (__Interrupt83)?ABSOLUTE (__Interrupt83):ABSOLUTE (__DefaultInterrupt)
                  0x0000bc          0x4 LONG 0xd55e DEFINED (__Interrupt84)?ABSOLUTE (__Interrupt84):ABSOLUTE (__DefaultInterrupt)
                  0x0000be          0x4 LONG 0xd55e DEFINED (__Interrupt85)?ABSOLUTE (__Interrupt85):ABSOLUTE (__DefaultInterrupt)
                  0x0000c0          0x4 LONG 0xd55e DEFINED (__Interrupt86)?ABSOLUTE (__Interrupt86):ABSOLUTE (__DefaultInterrupt)
                  0x0000c2          0x4 LONG 0xd55e DEFINED (__Interrupt87)?ABSOLUTE (__Interrupt87):ABSOLUTE (__DefaultInterrupt)
                  0x0000c4          0x4 LONG 0xd55e DEFINED (__Interrupt88)?ABSOLUTE (__Interrupt88):ABSOLUTE (__DefaultInterrupt)
                  0x0000c6          0x4 LONG 0xd55e DEFINED (__Interrupt89)?ABSOLUTE (__Interrupt89):ABSOLUTE (__DefaultInterrupt)
                  0x0000c8          0x4 LONG 0xd55e DEFINED (__Interrupt90)?ABSOLUTE (__Interrupt90):ABSOLUTE (__DefaultInterrupt)
                  0x0000ca          0x4 LONG 0xd55e DEFINED (__Interrupt91)?ABSOLUTE (__Interrupt91):ABSOLUTE (__DefaultInterrupt)
                  0x0000cc          0x4 LONG 0xd55e DEFINED (__Interrupt92)?ABSOLUTE (__Interrupt92):ABSOLUTE (__DefaultInterrupt)
                  0x0000ce          0x4 LONG 0xd55e DEFINED (__Interrupt93)?ABSOLUTE (__Interrupt93):ABSOLUTE (__DefaultInterrupt)
                  0x0000d0          0x4 LONG 0xd55e DEFINED (__Interrupt94)?ABSOLUTE (__Interrupt94):ABSOLUTE (__DefaultInterrupt)
                  0x0000d2          0x4 LONG 0xd55e DEFINED (__Interrupt95)?ABSOLUTE (__Interrupt95):ABSOLUTE (__DefaultInterrupt)
                  0x0000d4          0x4 LONG 0xd55e DEFINED (__Interrupt96)?ABSOLUTE (__Interrupt96):ABSOLUTE (__DefaultInterrupt)
                  0x0000d6          0x4 LONG 0xd55e DEFINED (__Interrupt97)?ABSOLUTE (__Interrupt97):ABSOLUTE (__DefaultInterrupt)
                  0x0000d8          0x4 LONG 0xd55e DEFINED (__Interrupt98)?ABSOLUTE (__Interrupt98):ABSOLUTE (__DefaultInterrupt)
                  0x0000da          0x4 LONG 0xd55e DEFINED (__Interrupt99)?ABSOLUTE (__Interrupt99):ABSOLUTE (__DefaultInterrupt)
                  0x0000dc          0x4 LONG 0xd55e DEFINED (__Interrupt100)?ABSOLUTE (__Interrupt100):ABSOLUTE (__DefaultInterrupt)
                  0x0000de          0x4 LONG 0xd55e DEFINED (__Interrupt101)?ABSOLUTE (__Interrupt101):ABSOLUTE (__DefaultInterrupt)
                  0x0000e0          0x4 LONG 0xd55e DEFINED (__Interrupt102)?ABSOLUTE (__Interrupt102):ABSOLUTE (__DefaultInterrupt)
                  0x0000e2          0x4 LONG 0xd55e DEFINED (__Interrupt103)?ABSOLUTE (__Interrupt103):ABSOLUTE (__DefaultInterrupt)
                  0x0000e4          0x4 LONG 0xd55e DEFINED (__Interrupt104)?ABSOLUTE (__Interrupt104):ABSOLUTE (__DefaultInterrupt)
                  0x0000e6          0x4 LONG 0xd55e DEFINED (__Interrupt105)?ABSOLUTE (__Interrupt105):ABSOLUTE (__DefaultInterrupt)
                  0x0000e8          0x4 LONG 0xd55e DEFINED (__Interrupt106)?ABSOLUTE (__Interrupt106):ABSOLUTE (__DefaultInterrupt)
                  0x0000ea          0x4 LONG 0xd55e DEFINED (__Interrupt107)?ABSOLUTE (__Interrupt107):ABSOLUTE (__DefaultInterrupt)
                  0x0000ec          0x4 LONG 0xd55e DEFINED (__Interrupt108)?ABSOLUTE (__Interrupt108):ABSOLUTE (__DefaultInterrupt)
                  0x0000ee          0x4 LONG 0xd55e DEFINED (__Interrupt109)?ABSOLUTE (__Interrupt109):ABSOLUTE (__DefaultInterrupt)
                  0x0000f0          0x4 LONG 0xd55e DEFINED (__Interrupt110)?ABSOLUTE (__Interrupt110):ABSOLUTE (__DefaultInterrupt)
                  0x0000f2          0x4 LONG 0xd55e DEFINED (__Interrupt111)?ABSOLUTE (__Interrupt111):ABSOLUTE (__DefaultInterrupt)
                  0x0000f4          0x4 LONG 0xd55e DEFINED (__Interrupt112)?ABSOLUTE (__Interrupt112):ABSOLUTE (__DefaultInterrupt)
                  0x0000f6          0x4 LONG 0xd55e DEFINED (__Interrupt113)?ABSOLUTE (__Interrupt113):ABSOLUTE (__DefaultInterrupt)
                  0x0000f8          0x4 LONG 0xd55e DEFINED (__Interrupt114)?ABSOLUTE (__Interrupt114):ABSOLUTE (__DefaultInterrupt)
                  0x0000fa          0x4 LONG 0xd55e DEFINED (__Interrupt115)?ABSOLUTE (__Interrupt115):ABSOLUTE (__DefaultInterrupt)
                  0x0000fc          0x4 LONG 0xd55e DEFINED (__Interrupt116)?ABSOLUTE (__Interrupt116):ABSOLUTE (__DefaultInterrupt)
                  0x0000fe          0x4 LONG 0xd55e DEFINED (__Interrupt117)?ABSOLUTE (__Interrupt117):ABSOLUTE (__DefaultInterrupt)

.aivt             0x000104         0xfc
                  0x000104          0x4 LONG 0xd55e DEFINED (__AltReservedTrap0)?ABSOLUTE (__AltReservedTrap0):DEFINED (__ReservedTrap0)?ABSOLUTE (__ReservedTrap0):ABSOLUTE (__DefaultInterrupt)
                  0x000106          0x4 LONG 0xd56c DEFINED (__AltOscillatorFail)?ABSOLUTE (__AltOscillatorFail):DEFINED (__OscillatorFail)?ABSOLUTE (__OscillatorFail):ABSOLUTE (__DefaultInterrupt)
                  0x000108          0x4 LONG 0xd57a DEFINED (__AltAddressError)?ABSOLUTE (__AltAddressError):DEFINED (__AddressError)?ABSOLUTE (__AddressError):ABSOLUTE (__DefaultInterrupt)
                  0x00010a          0x4 LONG 0xd57e DEFINED (__AltStackError)?ABSOLUTE (__AltStackError):DEFINED (__StackError)?ABSOLUTE (__StackError):ABSOLUTE (__DefaultInterrupt)
                  0x00010c          0x4 LONG 0xd582 DEFINED (__AltMathError)?ABSOLUTE (__AltMathError):DEFINED (__MathError)?ABSOLUTE (__MathError):ABSOLUTE (__DefaultInterrupt)
                  0x00010e          0x4 LONG 0xd55e DEFINED (__AltDMACError)?ABSOLUTE (__AltDMACError):DEFINED (__DMACError)?ABSOLUTE (__DMACError):ABSOLUTE (__DefaultInterrupt)
                  0x000110          0x4 LONG 0xd55e DEFINED (__AltReservedTrap6)?ABSOLUTE (__AltReservedTrap6):DEFINED (__ReservedTrap6)?ABSOLUTE (__ReservedTrap6):ABSOLUTE (__DefaultInterrupt)
                  0x000112          0x4 LONG 0xd55e DEFINED (__AltReservedTrap7)?ABSOLUTE (__AltReservedTrap7):DEFINED (__ReservedTrap7)?ABSOLUTE (__ReservedTrap7):ABSOLUTE (__DefaultInterrupt)
                  0x000114          0x4 LONG 0xd55e DEFINED (__AltINT0Interrupt)?ABSOLUTE (__AltINT0Interrupt):DEFINED (__INT0Interrupt)?ABSOLUTE (__INT0Interrupt):ABSOLUTE (__DefaultInterrupt)
                  0x000116          0x4 LONG 0xd55e DEFINED (__AltIC1Interrupt)?ABSOLUTE (__AltIC1Interrupt):DEFINED (__IC1Interrupt)?ABSOLUTE (__IC1Interrupt):ABSOLUTE (__DefaultInterrupt)
                  0x000118          0x4 LONG 0xd55e DEFINED (__AltOC1Interrupt)?ABSOLUTE (__AltOC1Interrupt):DEFINED (__OC1Interrupt)?ABSOLUTE (__OC1Interrupt):ABSOLUTE (__DefaultInterrupt)
                  0x00011a          0x4 LONG 0x10d76 DEFINED (__AltT1Interrupt)?ABSOLUTE (__AltT1Interrupt):DEFINED (__T1Interrupt)?ABSOLUTE (__T1Interrupt):ABSOLUTE (__DefaultInterrupt)
                  0x00011c          0x4 LONG 0xd55e DEFINED (__AltDMA0Interrupt)?ABSOLUTE (__AltDMA0Interrupt):DEFINED (__DMA0Interrupt)?ABSOLUTE (__DMA0Interrupt):ABSOLUTE (__DefaultInterrupt)
                  0x00011e          0x4 LONG 0xd55e DEFINED (__AltIC2Interrupt)?ABSOLUTE (__AltIC2Interrupt):DEFINED (__IC2Interrupt)?ABSOLUTE (__IC2Interrupt):ABSOLUTE (__DefaultInterrupt)
                  0x000120          0x4 LONG 0xd55e DEFINED (__AltOC2Interrupt)?ABSOLUTE (__AltOC2Interrupt):DEFINED (__OC2Interrupt)?ABSOLUTE (__OC2Interrupt):ABSOLUTE (__DefaultInterrupt)
                  0x000122          0x4 LONG 0xd55e DEFINED (__AltT2Interrupt)?ABSOLUTE (__AltT2Interrupt):DEFINED (__T2Interrupt)?ABSOLUTE (__T2Interrupt):ABSOLUTE (__DefaultInterrupt)
                  0x000124          0x4 LONG 0xd55e DEFINED (__AltT3Interrupt)?ABSOLUTE (__AltT3Interrupt):DEFINED (__T3Interrupt)?ABSOLUTE (__T3Interrupt):ABSOLUTE (__DefaultInterrupt)
                  0x000126          0x4 LONG 0xd55e DEFINED (__AltSPI1ErrInterrupt)?ABSOLUTE (__AltSPI1ErrInterrupt):DEFINED (__SPI1ErrInterrupt)?ABSOLUTE (__SPI1ErrInterrupt):ABSOLUTE (__DefaultInterrupt)
                  0x000128          0x4 LONG 0xd55e DEFINED (__AltSPI1Interrupt)?ABSOLUTE (__AltSPI1Interrupt):DEFINED (__SPI1Interrupt)?ABSOLUTE (__SPI1Interrupt):ABSOLUTE (__DefaultInterrupt)
                  0x00012a          0x4 LONG 0x10b2c DEFINED (__AltU1RXInterrupt)?ABSOLUTE (__AltU1RXInterrupt):DEFINED (__U1RXInterrupt)?ABSOLUTE (__U1RXInterrupt):ABSOLUTE (__DefaultInterrupt)
                  0x00012c          0x4 LONG 0x10b78 DEFINED (__AltU1TXInterrupt)?ABSOLUTE (__AltU1TXInterrupt):DEFINED (__U1TXInterrupt)?ABSOLUTE (__U1TXInterrupt):ABSOLUTE (__DefaultInterrupt)
                  0x00012e          0x4 LONG 0xd01a DEFINED (__AltADC1Interrupt)?ABSOLUTE (__AltADC1Interrupt):DEFINED (__ADC1Interrupt)?ABSOLUTE (__ADC1Interrupt):ABSOLUTE (__DefaultInterrupt)
                  0x000130          0x4 LONG 0xd55e DEFINED (__AltDMA1Interrupt)?ABSOLUTE (__AltDMA1Interrupt):DEFINED (__DMA1Interrupt)?ABSOLUTE (__DMA1Interrupt):ABSOLUTE (__DefaultInterrupt)
                  0x000132          0x4 LONG 0xd55e DEFINED (__AltInterrupt15)?ABSOLUTE (__AltInterrupt15):DEFINED (__Interrupt15)?ABSOLUTE (__Interrupt15):ABSOLUTE (__DefaultInterrupt)
                  0x000134          0x4 LONG 0xd55e DEFINED (__AltSI2C1Interrupt)?ABSOLUTE (__AltSI2C1Interrupt):DEFINED (__SI2C1Interrupt)?ABSOLUTE (__SI2C1Interrupt):ABSOLUTE (__DefaultInterrupt)
                  0x000136          0x4 LONG 0xd55e DEFINED (__AltMI2C1Interrupt)?ABSOLUTE (__AltMI2C1Interrupt):DEFINED (__MI2C1Interrupt)?ABSOLUTE (__MI2C1Interrupt):ABSOLUTE (__DefaultInterrupt)
                  0x000138          0x4 LONG 0xd55e DEFINED (__AltCMPInterrupt)?ABSOLUTE (__AltCMPInterrupt):DEFINED (__CMPInterrupt)?ABSOLUTE (__CMPInterrupt):ABSOLUTE (__DefaultInterrupt)
                  0x00013a          0x4 LONG 0xcd98 DEFINED (__AltCNInterrupt)?ABSOLUTE (__AltCNInterrupt):DEFINED (__CNInterrupt)?ABSOLUTE (__CNInterrupt):ABSOLUTE (__DefaultInterrupt)
                  0x00013c          0x4 LONG 0xd55e DEFINED (__AltINT1Interrupt)?ABSOLUTE (__AltINT1Interrupt):DEFINED (__INT1Interrupt)?ABSOLUTE (__INT1Interrupt):ABSOLUTE (__DefaultInterrupt)
                  0x00013e          0x4 LONG 0xd55e DEFINED (__AltInterrupt21)?ABSOLUTE (__AltInterrupt21):DEFINED (__Interrupt21)?ABSOLUTE (__Interrupt21):ABSOLUTE (__DefaultInterrupt)
                  0x000140          0x4 LONG 0xd55e DEFINED (__AltIC7Interrupt)?ABSOLUTE (__AltIC7Interrupt):DEFINED (__IC7Interrupt)?ABSOLUTE (__IC7Interrupt):ABSOLUTE (__DefaultInterrupt)
                  0x000142          0x4 LONG 0xd55e DEFINED (__AltIC8Interrupt)?ABSOLUTE (__AltIC8Interrupt):DEFINED (__IC8Interrupt)?ABSOLUTE (__IC8Interrupt):ABSOLUTE (__DefaultInterrupt)
                  0x000144          0x4 LONG 0xd55e DEFINED (__AltDMA2Interrupt)?ABSOLUTE (__AltDMA2Interrupt):DEFINED (__DMA2Interrupt)?ABSOLUTE (__DMA2Interrupt):ABSOLUTE (__DefaultInterrupt)
                  0x000146          0x4 LONG 0xd55e DEFINED (__AltOC3Interrupt)?ABSOLUTE (__AltOC3Interrupt):DEFINED (__OC3Interrupt)?ABSOLUTE (__OC3Interrupt):ABSOLUTE (__DefaultInterrupt)
                  0x000148          0x4 LONG 0xd55e DEFINED (__AltOC4Interrupt)?ABSOLUTE (__AltOC4Interrupt):DEFINED (__OC4Interrupt)?ABSOLUTE (__OC4Interrupt):ABSOLUTE (__DefaultInterrupt)
                  0x00014a          0x4 LONG 0xd002 DEFINED (__AltT4Interrupt)?ABSOLUTE (__AltT4Interrupt):DEFINED (__T4Interrupt)?ABSOLUTE (__T4Interrupt):ABSOLUTE (__DefaultInterrupt)
                  0x00014c          0x4 LONG 0xd55e DEFINED (__AltT5Interrupt)?ABSOLUTE (__AltT5Interrupt):DEFINED (__T5Interrupt)?ABSOLUTE (__T5Interrupt):ABSOLUTE (__DefaultInterrupt)
                  0x00014e          0x4 LONG 0xd55e DEFINED (__AltINT2Interrupt)?ABSOLUTE (__AltINT2Interrupt):DEFINED (__INT2Interrupt)?ABSOLUTE (__INT2Interrupt):ABSOLUTE (__DefaultInterrupt)
                  0x000150          0x4 LONG 0x10ba4 DEFINED (__AltU2RXInterrupt)?ABSOLUTE (__AltU2RXInterrupt):DEFINED (__U2RXInterrupt)?ABSOLUTE (__U2RXInterrupt):ABSOLUTE (__DefaultInterrupt)
                  0x000152          0x4 LONG 0x10bf0 DEFINED (__AltU2TXInterrupt)?ABSOLUTE (__AltU2TXInterrupt):DEFINED (__U2TXInterrupt)?ABSOLUTE (__U2TXInterrupt):ABSOLUTE (__DefaultInterrupt)
                  0x000154          0x4 LONG 0xd55e DEFINED (__AltSPI2ErrInterrupt)?ABSOLUTE (__AltSPI2ErrInterrupt):DEFINED (__SPI2ErrInterrupt)?ABSOLUTE (__SPI2ErrInterrupt):ABSOLUTE (__DefaultInterrupt)
                  0x000156          0x4 LONG 0xd55e DEFINED (__AltSPI2Interrupt)?ABSOLUTE (__AltSPI2Interrupt):DEFINED (__SPI2Interrupt)?ABSOLUTE (__SPI2Interrupt):ABSOLUTE (__DefaultInterrupt)
                  0x000158          0x4 LONG 0xd55e DEFINED (__AltC1RxRdyInterrupt)?ABSOLUTE (__AltC1RxRdyInterrupt):DEFINED (__C1RxRdyInterrupt)?ABSOLUTE (__C1RxRdyInterrupt):ABSOLUTE (__DefaultInterrupt)
                  0x00015a          0x4 LONG 0xd55e DEFINED (__AltC1Interrupt)?ABSOLUTE (__AltC1Interrupt):DEFINED (__C1Interrupt)?ABSOLUTE (__C1Interrupt):ABSOLUTE (__DefaultInterrupt)
                  0x00015c          0x4 LONG 0xd55e DEFINED (__AltDMA3Interrupt)?ABSOLUTE (__AltDMA3Interrupt):DEFINED (__DMA3Interrupt)?ABSOLUTE (__DMA3Interrupt):ABSOLUTE (__DefaultInterrupt)
                  0x00015e          0x4 LONG 0xd55e DEFINED (__AltInterrupt37)?ABSOLUTE (__AltInterrupt37):DEFINED (__Interrupt37)?ABSOLUTE (__Interrupt37):ABSOLUTE (__DefaultInterrupt)
                  0x000160          0x4 LONG 0xd55e DEFINED (__AltInterrupt38)?ABSOLUTE (__AltInterrupt38):DEFINED (__Interrupt38)?ABSOLUTE (__Interrupt38):ABSOLUTE (__DefaultInterrupt)
                  0x000162          0x4 LONG 0xd55e DEFINED (__AltInterrupt39)?ABSOLUTE (__AltInterrupt39):DEFINED (__Interrupt39)?ABSOLUTE (__Interrupt39):ABSOLUTE (__DefaultInterrupt)
                  0x000164          0x4 LONG 0xd55e DEFINED (__AltInterrupt40)?ABSOLUTE (__AltInterrupt40):DEFINED (__Interrupt40)?ABSOLUTE (__Interrupt40):ABSOLUTE (__DefaultInterrupt)
                  0x000166          0x4 LONG 0xd55e DEFINED (__AltInterrupt41)?ABSOLUTE (__AltInterrupt41):DEFINED (__Interrupt41)?ABSOLUTE (__Interrupt41):ABSOLUTE (__DefaultInterrupt)
                  0x000168          0x4 LONG 0xd55e DEFINED (__AltInterrupt42)?ABSOLUTE (__AltInterrupt42):DEFINED (__Interrupt42)?ABSOLUTE (__Interrupt42):ABSOLUTE (__DefaultInterrupt)
                  0x00016a          0x4 LONG 0xd55e DEFINED (__AltInterrupt43)?ABSOLUTE (__AltInterrupt43):DEFINED (__Interrupt43)?ABSOLUTE (__Interrupt43):ABSOLUTE (__DefaultInterrupt)
                  0x00016c          0x4 LONG 0xd55e DEFINED (__AltInterrupt44)?ABSOLUTE (__AltInterrupt44):DEFINED (__Interrupt44)?ABSOLUTE (__Interrupt44):ABSOLUTE (__DefaultInterrupt)
                  0x00016e          0x4 LONG 0xd55e DEFINED (__AltPMPInterrupt)?ABSOLUTE (__AltPMPInterrupt):DEFINED (__PMPInterrupt)?ABSOLUTE (__PMPInterrupt):ABSOLUTE (__DefaultInterrupt)
                  0x000170          0x4 LONG 0xd55e DEFINED (__AltDMA4Interrupt)?ABSOLUTE (__AltDMA4Interrupt):DEFINED (__DMA4Interrupt)?ABSOLUTE (__DMA4Interrupt):ABSOLUTE (__DefaultInterrupt)
                  0x000172          0x4 LONG 0xd55e DEFINED (__AltInterrupt47)?ABSOLUTE (__AltInterrupt47):DEFINED (__Interrupt47)?ABSOLUTE (__Interrupt47):ABSOLUTE (__DefaultInterrupt)
                  0x000174          0x4 LONG 0xd55e DEFINED (__AltInterrupt48)?ABSOLUTE (__AltInterrupt48):DEFINED (__Interrupt48)?ABSOLUTE (__Interrupt48):ABSOLUTE (__DefaultInterrupt)
                  0x000176          0x4 LONG 0xd55e DEFINED (__AltInterrupt49)?ABSOLUTE (__AltInterrupt49):DEFINED (__Interrupt49)?ABSOLUTE (__Interrupt49):ABSOLUTE (__DefaultInterrupt)
                  0x000178          0x4 LONG 0xd55e DEFINED (__AltInterrupt50)?ABSOLUTE (__AltInterrupt50):DEFINED (__Interrupt50)?ABSOLUTE (__Interrupt50):ABSOLUTE (__DefaultInterrupt)
                  0x00017a          0x4 LONG 0xd55e DEFINED (__AltInterrupt51)?ABSOLUTE (__AltInterrupt51):DEFINED (__Interrupt51)?ABSOLUTE (__Interrupt51):ABSOLUTE (__DefaultInterrupt)
                  0x00017c          0x4 LONG 0xd55e DEFINED (__AltInterrupt52)?ABSOLUTE (__AltInterrupt52):DEFINED (__Interrupt52)?ABSOLUTE (__Interrupt52):ABSOLUTE (__DefaultInterrupt)
                  0x00017e          0x4 LONG 0xd55e DEFINED (__AltInterrupt53)?ABSOLUTE (__AltInterrupt53):DEFINED (__Interrupt53)?ABSOLUTE (__Interrupt53):ABSOLUTE (__DefaultInterrupt)
                  0x000180          0x4 LONG 0xd55e DEFINED (__AltInterrupt54)?ABSOLUTE (__AltInterrupt54):DEFINED (__Interrupt54)?ABSOLUTE (__Interrupt54):ABSOLUTE (__DefaultInterrupt)
                  0x000182          0x4 LONG 0xd55e DEFINED (__AltInterrupt55)?ABSOLUTE (__AltInterrupt55):DEFINED (__Interrupt55)?ABSOLUTE (__Interrupt55):ABSOLUTE (__DefaultInterrupt)
                  0x000184          0x4 LONG 0xd55e DEFINED (__AltInterrupt56)?ABSOLUTE (__AltInterrupt56):DEFINED (__Interrupt56)?ABSOLUTE (__Interrupt56):ABSOLUTE (__DefaultInterrupt)
                  0x000186          0x4 LONG 0xd55e DEFINED (__AltInterrupt57)?ABSOLUTE (__AltInterrupt57):DEFINED (__Interrupt57)?ABSOLUTE (__Interrupt57):ABSOLUTE (__DefaultInterrupt)
                  0x000188          0x4 LONG 0xd55e DEFINED (__AltInterrupt58)?ABSOLUTE (__AltInterrupt58):DEFINED (__Interrupt58)?ABSOLUTE (__Interrupt58):ABSOLUTE (__DefaultInterrupt)
                  0x00018a          0x4 LONG 0xd55e DEFINED (__AltInterrupt59)?ABSOLUTE (__AltInterrupt59):DEFINED (__Interrupt59)?ABSOLUTE (__Interrupt59):ABSOLUTE (__DefaultInterrupt)
                  0x00018c          0x4 LONG 0xd55e DEFINED (__AltDCIInterrupt)?ABSOLUTE (__AltDCIInterrupt):DEFINED (__DCIInterrupt)?ABSOLUTE (__DCIInterrupt):ABSOLUTE (__DefaultInterrupt)
                  0x00018e          0x4 LONG 0xd55e DEFINED (__AltDMA5Interrupt)?ABSOLUTE (__AltDMA5Interrupt):DEFINED (__DMA5Interrupt)?ABSOLUTE (__DMA5Interrupt):ABSOLUTE (__DefaultInterrupt)
                  0x000190          0x4 LONG 0xd55e DEFINED (__AltRTCCInterrupt)?ABSOLUTE (__AltRTCCInterrupt):DEFINED (__RTCCInterrupt)?ABSOLUTE (__RTCCInterrupt):ABSOLUTE (__DefaultInterrupt)
                  0x000192          0x4 LONG 0xd55e DEFINED (__AltInterrupt63)?ABSOLUTE (__AltInterrupt63):DEFINED (__Interrupt63)?ABSOLUTE (__Interrupt63):ABSOLUTE (__DefaultInterrupt)
                  0x000194          0x4 LONG 0xd55e DEFINED (__AltInterrupt64)?ABSOLUTE (__AltInterrupt64):DEFINED (__Interrupt64)?ABSOLUTE (__Interrupt64):ABSOLUTE (__DefaultInterrupt)
                  0x000196          0x4 LONG 0xd55e DEFINED (__AltU1ErrInterrupt)?ABSOLUTE (__AltU1ErrInterrupt):DEFINED (__U1ErrInterrupt)?ABSOLUTE (__U1ErrInterrupt):ABSOLUTE (__DefaultInterrupt)
                  0x000198          0x4 LONG 0xd55e DEFINED (__AltU2ErrInterrupt)?ABSOLUTE (__AltU2ErrInterrupt):DEFINED (__U2ErrInterrupt)?ABSOLUTE (__U2ErrInterrupt):ABSOLUTE (__DefaultInterrupt)
                  0x00019a          0x4 LONG 0xd55e DEFINED (__AltCRCInterrupt)?ABSOLUTE (__AltCRCInterrupt):DEFINED (__CRCInterrupt)?ABSOLUTE (__CRCInterrupt):ABSOLUTE (__DefaultInterrupt)
                  0x00019c          0x4 LONG 0xd55e DEFINED (__AltDMA6Interrupt)?ABSOLUTE (__AltDMA6Interrupt):DEFINED (__DMA6Interrupt)?ABSOLUTE (__DMA6Interrupt):ABSOLUTE (__DefaultInterrupt)
                  0x00019e          0x4 LONG 0xd55e DEFINED (__AltDMA7Interrupt)?ABSOLUTE (__AltDMA7Interrupt):DEFINED (__DMA7Interrupt)?ABSOLUTE (__DMA7Interrupt):ABSOLUTE (__DefaultInterrupt)
                  0x0001a0          0x4 LONG 0xd55e DEFINED (__AltC1TxReqInterrupt)?ABSOLUTE (__AltC1TxReqInterrupt):DEFINED (__C1TxReqInterrupt)?ABSOLUTE (__C1TxReqInterrupt):ABSOLUTE (__DefaultInterrupt)
                  0x0001a2          0x4 LONG 0xd55e DEFINED (__AltInterrupt71)?ABSOLUTE (__AltInterrupt71):DEFINED (__Interrupt71)?ABSOLUTE (__Interrupt71):ABSOLUTE (__DefaultInterrupt)
                  0x0001a4          0x4 LONG 0xd55e DEFINED (__AltInterrupt72)?ABSOLUTE (__AltInterrupt72):DEFINED (__Interrupt72)?ABSOLUTE (__Interrupt72):ABSOLUTE (__DefaultInterrupt)
                  0x0001a6          0x4 LONG 0xd55e DEFINED (__AltInterrupt73)?ABSOLUTE (__AltInterrupt73):DEFINED (__Interrupt73)?ABSOLUTE (__Interrupt73):ABSOLUTE (__DefaultInterrupt)
                  0x0001a8          0x4 LONG 0xd55e DEFINED (__AltInterrupt74)?ABSOLUTE (__AltInterrupt74):DEFINED (__Interrupt74)?ABSOLUTE (__Interrupt74):ABSOLUTE (__DefaultInterrupt)
                  0x0001aa          0x4 LONG 0xd55e DEFINED (__AltInterrupt75)?ABSOLUTE (__AltInterrupt75):DEFINED (__Interrupt75)?ABSOLUTE (__Interrupt75):ABSOLUTE (__DefaultInterrupt)
                  0x0001ac          0x4 LONG 0xd55e DEFINED (__AltInterrupt76)?ABSOLUTE (__AltInterrupt76):DEFINED (__Interrupt76)?ABSOLUTE (__Interrupt76):ABSOLUTE (__DefaultInterrupt)
                  0x0001ae          0x4 LONG 0xd55e DEFINED (__AltInterrupt77)?ABSOLUTE (__AltInterrupt77):DEFINED (__Interrupt77)?ABSOLUTE (__Interrupt77):ABSOLUTE (__DefaultInterrupt)
                  0x0001b0          0x4 LONG 0xd55e DEFINED (__AltDAC1RInterrupt)?ABSOLUTE (__AltDAC1RInterrupt):DEFINED (__DAC1RInterrupt)?ABSOLUTE (__DAC1RInterrupt):ABSOLUTE (__DefaultInterrupt)
                  0x0001b2          0x4 LONG 0xd266 DEFINED (__AltDAC1LInterrupt)?ABSOLUTE (__AltDAC1LInterrupt):DEFINED (__DAC1LInterrupt)?ABSOLUTE (__DAC1LInterrupt):ABSOLUTE (__DefaultInterrupt)
                  0x0001b4          0x4 LONG 0xd55e DEFINED (__AltInterrupt80)?ABSOLUTE (__AltInterrupt80):DEFINED (__Interrupt80)?ABSOLUTE (__Interrupt80):ABSOLUTE (__DefaultInterrupt)
                  0x0001b6          0x4 LONG 0xd55e DEFINED (__AltInterrupt81)?ABSOLUTE (__AltInterrupt81):DEFINED (__Interrupt81)?ABSOLUTE (__Interrupt81):ABSOLUTE (__DefaultInterrupt)
                  0x0001b8          0x4 LONG 0xd55e DEFINED (__AltInterrupt82)?ABSOLUTE (__AltInterrupt82):DEFINED (__Interrupt82)?ABSOLUTE (__Interrupt82):ABSOLUTE (__DefaultInterrupt)
                  0x0001ba          0x4 LONG 0xd55e DEFINED (__AltInterrupt83)?ABSOLUTE (__AltInterrupt83):DEFINED (__Interrupt83)?ABSOLUTE (__Interrupt83):ABSOLUTE (__DefaultInterrupt)
                  0x0001bc          0x4 LONG 0xd55e DEFINED (__AltInterrupt84)?ABSOLUTE (__AltInterrupt84):DEFINED (__Interrupt84)?ABSOLUTE (__Interrupt84):ABSOLUTE (__DefaultInterrupt)
                  0x0001be          0x4 LONG 0xd55e DEFINED (__AltInterrupt85)?ABSOLUTE (__AltInterrupt85):DEFINED (__Interrupt85)?ABSOLUTE (__Interrupt85):ABSOLUTE (__DefaultInterrupt)
                  0x0001c0          0x4 LONG 0xd55e DEFINED (__AltInterrupt86)?ABSOLUTE (__AltInterrupt86):DEFINED (__Interrupt86)?ABSOLUTE (__Interrupt86):ABSOLUTE (__DefaultInterrupt)
                  0x0001c2          0x4 LONG 0xd55e DEFINED (__AltInterrupt87)?ABSOLUTE (__AltInterrupt87):DEFINED (__Interrupt87)?ABSOLUTE (__Interrupt87):ABSOLUTE (__DefaultInterrupt)
                  0x0001c4          0x4 LONG 0xd55e DEFINED (__AltInterrupt88)?ABSOLUTE (__AltInterrupt88):DEFINED (__Interrupt88)?ABSOLUTE (__Interrupt88):ABSOLUTE (__DefaultInterrupt)
                  0x0001c6          0x4 LONG 0xd55e DEFINED (__AltInterrupt89)?ABSOLUTE (__AltInterrupt89):DEFINED (__Interrupt89)?ABSOLUTE (__Interrupt89):ABSOLUTE (__DefaultInterrupt)
                  0x0001c8          0x4 LONG 0xd55e DEFINED (__AltInterrupt90)?ABSOLUTE (__AltInterrupt90):DEFINED (__Interrupt90)?ABSOLUTE (__Interrupt90):ABSOLUTE (__DefaultInterrupt)
                  0x0001ca          0x4 LONG 0xd55e DEFINED (__AltInterrupt91)?ABSOLUTE (__AltInterrupt91):DEFINED (__Interrupt91)?ABSOLUTE (__Interrupt91):ABSOLUTE (__DefaultInterrupt)
                  0x0001cc          0x4 LONG 0xd55e DEFINED (__AltInterrupt92)?ABSOLUTE (__AltInterrupt92):DEFINED (__Interrupt92)?ABSOLUTE (__Interrupt92):ABSOLUTE (__DefaultInterrupt)
                  0x0001ce          0x4 LONG 0xd55e DEFINED (__AltInterrupt93)?ABSOLUTE (__AltInterrupt93):DEFINED (__Interrupt93)?ABSOLUTE (__Interrupt93):ABSOLUTE (__DefaultInterrupt)
                  0x0001d0          0x4 LONG 0xd55e DEFINED (__AltInterrupt94)?ABSOLUTE (__AltInterrupt94):DEFINED (__Interrupt94)?ABSOLUTE (__Interrupt94):ABSOLUTE (__DefaultInterrupt)
                  0x0001d2          0x4 LONG 0xd55e DEFINED (__AltInterrupt95)?ABSOLUTE (__AltInterrupt95):DEFINED (__Interrupt95)?ABSOLUTE (__Interrupt95):ABSOLUTE (__DefaultInterrupt)
                  0x0001d4          0x4 LONG 0xd55e DEFINED (__AltInterrupt96)?ABSOLUTE (__AltInterrupt96):DEFINED (__Interrupt96)?ABSOLUTE (__Interrupt96):ABSOLUTE (__DefaultInterrupt)
                  0x0001d6          0x4 LONG 0xd55e DEFINED (__AltInterrupt97)?ABSOLUTE (__AltInterrupt97):DEFINED (__Interrupt97)?ABSOLUTE (__Interrupt97):ABSOLUTE (__DefaultInterrupt)
                  0x0001d8          0x4 LONG 0xd55e DEFINED (__AltInterrupt98)?ABSOLUTE (__AltInterrupt98):DEFINED (__Interrupt98)?ABSOLUTE (__Interrupt98):ABSOLUTE (__DefaultInterrupt)
                  0x0001da          0x4 LONG 0xd55e DEFINED (__AltInterrupt99)?ABSOLUTE (__AltInterrupt99):DEFINED (__Interrupt99)?ABSOLUTE (__Interrupt99):ABSOLUTE (__DefaultInterrupt)
                  0x0001dc          0x4 LONG 0xd55e DEFINED (__AltInterrupt100)?ABSOLUTE (__AltInterrupt100):DEFINED (__Interrupt100)?ABSOLUTE (__Interrupt100):ABSOLUTE (__DefaultInterrupt)
                  0x0001de          0x4 LONG 0xd55e DEFINED (__AltInterrupt101)?ABSOLUTE (__AltInterrupt101):DEFINED (__Interrupt101)?ABSOLUTE (__Interrupt101):ABSOLUTE (__DefaultInterrupt)
                  0x0001e0          0x4 LONG 0xd55e DEFINED (__AltInterrupt102)?ABSOLUTE (__AltInterrupt102):DEFINED (__Interrupt102)?ABSOLUTE (__Interrupt102):ABSOLUTE (__DefaultInterrupt)
                  0x0001e2          0x4 LONG 0xd55e DEFINED (__AltInterrupt103)?ABSOLUTE (__AltInterrupt103):DEFINED (__Interrupt103)?ABSOLUTE (__Interrupt103):ABSOLUTE (__DefaultInterrupt)
                  0x0001e4          0x4 LONG 0xd55e DEFINED (__AltInterrupt104)?ABSOLUTE (__AltInterrupt104):DEFINED (__Interrupt104)?ABSOLUTE (__Interrupt104):ABSOLUTE (__DefaultInterrupt)
                  0x0001e6          0x4 LONG 0xd55e DEFINED (__AltInterrupt105)?ABSOLUTE (__AltInterrupt105):DEFINED (__Interrupt105)?ABSOLUTE (__Interrupt105):ABSOLUTE (__DefaultInterrupt)
                  0x0001e8          0x4 LONG 0xd55e DEFINED (__AltInterrupt106)?ABSOLUTE (__AltInterrupt106):DEFINED (__Interrupt106)?ABSOLUTE (__Interrupt106):ABSOLUTE (__DefaultInterrupt)
                  0x0001ea          0x4 LONG 0xd55e DEFINED (__AltInterrupt107)?ABSOLUTE (__AltInterrupt107):DEFINED (__Interrupt107)?ABSOLUTE (__Interrupt107):ABSOLUTE (__DefaultInterrupt)
                  0x0001ec          0x4 LONG 0xd55e DEFINED (__AltInterrupt108)?ABSOLUTE (__AltInterrupt108):DEFINED (__Interrupt108)?ABSOLUTE (__Interrupt108):ABSOLUTE (__DefaultInterrupt)
                  0x0001ee          0x4 LONG 0xd55e DEFINED (__AltInterrupt109)?ABSOLUTE (__AltInterrupt109):DEFINED (__Interrupt109)?ABSOLUTE (__Interrupt109):ABSOLUTE (__DefaultInterrupt)
                  0x0001f0          0x4 LONG 0xd55e DEFINED (__AltInterrupt110)?ABSOLUTE (__AltInterrupt110):DEFINED (__Interrupt110)?ABSOLUTE (__Interrupt110):ABSOLUTE (__DefaultInterrupt)
                  0x0001f2          0x4 LONG 0xd55e DEFINED (__AltInterrupt111)?ABSOLUTE (__AltInterrupt111):DEFINED (__Interrupt111)?ABSOLUTE (__Interrupt111):ABSOLUTE (__DefaultInterrupt)
                  0x0001f4          0x4 LONG 0xd55e DEFINED (__AltInterrupt112)?ABSOLUTE (__AltInterrupt112):DEFINED (__Interrupt112)?ABSOLUTE (__Interrupt112):ABSOLUTE (__DefaultInterrupt)
                  0x0001f6          0x4 LONG 0xd55e DEFINED (__AltInterrupt113)?ABSOLUTE (__AltInterrupt113):DEFINED (__Interrupt113)?ABSOLUTE (__Interrupt113):ABSOLUTE (__DefaultInterrupt)
                  0x0001f8          0x4 LONG 0xd55e DEFINED (__AltInterrupt114)?ABSOLUTE (__AltInterrupt114):DEFINED (__Interrupt114)?ABSOLUTE (__Interrupt114):ABSOLUTE (__DefaultInterrupt)
                  0x0001fa          0x4 LONG 0xd55e DEFINED (__AltInterrupt115)?ABSOLUTE (__AltInterrupt115):DEFINED (__Interrupt115)?ABSOLUTE (__Interrupt115):ABSOLUTE (__DefaultInterrupt)
                  0x0001fc          0x4 LONG 0xd55e DEFINED (__AltInterrupt116)?ABSOLUTE (__AltInterrupt116):DEFINED (__Interrupt116)?ABSOLUTE (__Interrupt116):ABSOLUTE (__DefaultInterrupt)
                  0x0001fe          0x4 LONG 0xd55e DEFINED (__AltInterrupt117)?ABSOLUTE (__AltInterrupt117):DEFINED (__Interrupt117)?ABSOLUTE (__Interrupt117):ABSOLUTE (__DefaultInterrupt)
                    0x0000                  WREG0 = 0x0
                    0x0000                  _WREG0 = 0x0
                    0x0002                  WREG1 = 0x2
                    0x0002                  _WREG1 = 0x2
                    0x0004                  WREG2 = 0x4
                    0x0004                  _WREG2 = 0x4
                    0x0006                  WREG3 = 0x6
                    0x0006                  _WREG3 = 0x6
                    0x0008                  WREG4 = 0x8
                    0x0008                  _WREG4 = 0x8
                    0x000a                  WREG5 = 0xa
                    0x000a                  _WREG5 = 0xa
                    0x000c                  WREG6 = 0xc
                    0x000c                  _WREG6 = 0xc
                    0x000e                  WREG7 = 0xe
                    0x000e                  _WREG7 = 0xe
                    0x0010                  WREG8 = 0x10
                    0x0010                  _WREG8 = 0x10
                    0x0012                  WREG9 = 0x12
                    0x0012                  _WREG9 = 0x12
                    0x0014                  WREG10 = 0x14
                    0x0014                  _WREG10 = 0x14
                    0x0016                  WREG11 = 0x16
                    0x0016                  _WREG11 = 0x16
                    0x0018                  WREG12 = 0x18
                    0x0018                  _WREG12 = 0x18
                    0x001a                  WREG13 = 0x1a
                    0x001a                  _WREG13 = 0x1a
                    0x001c                  WREG14 = 0x1c
                    0x001c                  _WREG14 = 0x1c
                    0x001e                  WREG15 = 0x1e
                    0x001e                  _WREG15 = 0x1e
                    0x0020                  SPLIM = 0x20
                    0x0020                  _SPLIM = 0x20
                    0x0022                  ACCAL = 0x22
                    0x0022                  _ACCAL = 0x22
                    0x0024                  ACCAH = 0x24
                    0x0024                  _ACCAH = 0x24
                    0x0026                  ACCAU = 0x26
                    0x0026                  _ACCAU = 0x26
                    0x0028                  ACCBL = 0x28
                    0x0028                  _ACCBL = 0x28
                    0x002a                  ACCBH = 0x2a
                    0x002a                  _ACCBH = 0x2a
                    0x002c                  ACCBU = 0x2c
                    0x002c                  _ACCBU = 0x2c
                    0x002e                  PCL = 0x2e
                    0x002e                  _PCL = 0x2e
                    0x0030                  PCH = 0x30
                    0x0030                  _PCH = 0x30
                    0x0032                  TBLPAG = 0x32
                    0x0032                  _TBLPAG = 0x32
                    0x0034                  PSVPAG = 0x34
                    0x0034                  _PSVPAG = 0x34
                    0x0036                  RCOUNT = 0x36
                    0x0036                  _RCOUNT = 0x36
                    0x0038                  DCOUNT = 0x38
                    0x0038                  _DCOUNT = 0x38
                    0x003a                  DOSTARTL = 0x3a
                    0x003a                  _DOSTARTL = 0x3a
                    0x003c                  DOSTARTH = 0x3c
                    0x003c                  _DOSTARTH = 0x3c
                    0x003e                  DOENDL = 0x3e
                    0x003e                  _DOENDL = 0x3e
                    0x0040                  DOENDH = 0x40
                    0x0040                  _DOENDH = 0x40
                    0x0042                  SR = 0x42
                    0x0042                  _SR = 0x42
                    0x0042                  _SRbits = 0x42
                    0x0044                  CORCON = 0x44
                    0x0044                  _CORCON = 0x44
                    0x0044                  _CORCONbits = 0x44
                    0x0046                  MODCON = 0x46
                    0x0046                  _MODCON = 0x46
                    0x0046                  _MODCONbits = 0x46
                    0x0048                  XMODSRT = 0x48
                    0x0048                  _XMODSRT = 0x48
                    0x004a                  XMODEND = 0x4a
                    0x004a                  _XMODEND = 0x4a
                    0x004c                  YMODSRT = 0x4c
                    0x004c                  _YMODSRT = 0x4c
                    0x004e                  YMODEND = 0x4e
                    0x004e                  _YMODEND = 0x4e
                    0x0050                  XBREV = 0x50
                    0x0050                  _XBREV = 0x50
                    0x0050                  _XBREVbits = 0x50
                    0x0052                  DISICNT = 0x52
                    0x0052                  _DISICNT = 0x52
                    0x0060                  CNEN1 = 0x60
                    0x0060                  _CNEN1 = 0x60
                    0x0060                  _CNEN1bits = 0x60
                    0x0062                  CNEN2 = 0x62
                    0x0062                  _CNEN2 = 0x62
                    0x0062                  _CNEN2bits = 0x62
                    0x0068                  CNPU1 = 0x68
                    0x0068                  _CNPU1 = 0x68
                    0x0068                  _CNPU1bits = 0x68
                    0x006a                  CNPU2 = 0x6a
                    0x006a                  _CNPU2 = 0x6a
                    0x006a                  _CNPU2bits = 0x6a
                    0x0080                  INTCON1 = 0x80
                    0x0080                  _INTCON1 = 0x80
                    0x0080                  _INTCON1bits = 0x80
                    0x0082                  INTCON2 = 0x82
                    0x0082                  _INTCON2 = 0x82
                    0x0082                  _INTCON2bits = 0x82
                    0x0084                  IFS0 = 0x84
                    0x0084                  _IFS0 = 0x84
                    0x0084                  _IFS0bits = 0x84
                    0x0086                  IFS1 = 0x86
                    0x0086                  _IFS1 = 0x86
                    0x0086                  _IFS1bits = 0x86
                    0x0088                  IFS2 = 0x88
                    0x0088                  _IFS2 = 0x88
                    0x0088                  _IFS2bits = 0x88
                    0x008a                  IFS3 = 0x8a
                    0x008a                  _IFS3 = 0x8a
                    0x008a                  _IFS3bits = 0x8a
                    0x008c                  IFS4 = 0x8c
                    0x008c                  _IFS4 = 0x8c
                    0x008c                  _IFS4bits = 0x8c
                    0x0094                  IEC0 = 0x94
                    0x0094                  _IEC0 = 0x94
                    0x0094                  _IEC0bits = 0x94
                    0x0096                  IEC1 = 0x96
                    0x0096                  _IEC1 = 0x96
                    0x0096                  _IEC1bits = 0x96
                    0x0098                  IEC2 = 0x98
                    0x0098                  _IEC2 = 0x98
                    0x0098                  _IEC2bits = 0x98
                    0x009a                  IEC3 = 0x9a
                    0x009a                  _IEC3 = 0x9a
                    0x009a                  _IEC3bits = 0x9a
                    0x009c                  IEC4 = 0x9c
                    0x009c                  _IEC4 = 0x9c
                    0x009c                  _IEC4bits = 0x9c
                    0x00a4                  IPC0 = 0xa4
                    0x00a4                  _IPC0 = 0xa4
                    0x00a4                  _IPC0bits = 0xa4
                    0x00a6                  IPC1 = 0xa6
                    0x00a6                  _IPC1 = 0xa6
                    0x00a6                  _IPC1bits = 0xa6
                    0x00a8                  IPC2 = 0xa8
                    0x00a8                  _IPC2 = 0xa8
                    0x00a8                  _IPC2bits = 0xa8
                    0x00aa                  IPC3 = 0xaa
                    0x00aa                  _IPC3 = 0xaa
                    0x00aa                  _IPC3bits = 0xaa
                    0x00ac                  IPC4 = 0xac
                    0x00ac                  _IPC4 = 0xac
                    0x00ac                  _IPC4bits = 0xac
                    0x00ae                  IPC5 = 0xae
                    0x00ae                  _IPC5 = 0xae
                    0x00ae                  _IPC5bits = 0xae
                    0x00b0                  IPC6 = 0xb0
                    0x00b0                  _IPC6 = 0xb0
                    0x00b0                  _IPC6bits = 0xb0
                    0x00b2                  IPC7 = 0xb2
                    0x00b2                  _IPC7 = 0xb2
                    0x00b2                  _IPC7bits = 0xb2
                    0x00b4                  IPC8 = 0xb4
                    0x00b4                  _IPC8 = 0xb4
                    0x00b4                  _IPC8bits = 0xb4
                    0x00b6                  IPC9 = 0xb6
                    0x00b6                  _IPC9 = 0xb6
                    0x00b6                  _IPC9bits = 0xb6
                    0x00ba                  IPC11 = 0xba
                    0x00ba                  _IPC11 = 0xba
                    0x00ba                  _IPC11bits = 0xba
                    0x00c0                  IPC14 = 0xc0
                    0x00c0                  _IPC14 = 0xc0
                    0x00c0                  _IPC14bits = 0xc0
                    0x00c2                  IPC15 = 0xc2
                    0x00c2                  _IPC15 = 0xc2
                    0x00c2                  _IPC15bits = 0xc2
                    0x00c4                  IPC16 = 0xc4
                    0x00c4                  _IPC16 = 0xc4
                    0x00c4                  _IPC16bits = 0xc4
                    0x00c6                  IPC17 = 0xc6
                    0x00c6                  _IPC17 = 0xc6
                    0x00c6                  _IPC17bits = 0xc6
                    0x00ca                  IPC19 = 0xca
                    0x00ca                  _IPC19 = 0xca
                    0x00ca                  _IPC19bits = 0xca
                    0x00e0                  INTTREG = 0xe0
                    0x00e0                  _INTTREG = 0xe0
                    0x00e0                  _INTTREGbits = 0xe0
                    0x0100                  TMR1 = 0x100
                    0x0100                  _TMR1 = 0x100
                    0x0102                  PR1 = 0x102
                    0x0102                  _PR1 = 0x102
                    0x0104                  T1CON = 0x104
                    0x0104                  _T1CON = 0x104
                    0x0104                  _T1CONbits = 0x104
                    0x0106                  TMR2 = 0x106
                    0x0106                  _TMR2 = 0x106
                    0x0108                  TMR3HLD = 0x108
                    0x0108                  _TMR3HLD = 0x108
                    0x010a                  TMR3 = 0x10a
                    0x010a                  _TMR3 = 0x10a
                    0x010c                  PR2 = 0x10c
                    0x010c                  _PR2 = 0x10c
                    0x010e                  PR3 = 0x10e
                    0x010e                  _PR3 = 0x10e
                    0x0110                  T2CON = 0x110
                    0x0110                  _T2CON = 0x110
                    0x0110                  _T2CONbits = 0x110
                    0x0112                  T3CON = 0x112
                    0x0112                  _T3CON = 0x112
                    0x0112                  _T3CONbits = 0x112
                    0x0114                  TMR4 = 0x114
                    0x0114                  _TMR4 = 0x114
                    0x0116                  TMR5HLD = 0x116
                    0x0116                  _TMR5HLD = 0x116
                    0x0118                  TMR5 = 0x118
                    0x0118                  _TMR5 = 0x118
                    0x011a                  PR4 = 0x11a
                    0x011a                  _PR4 = 0x11a
                    0x011c                  PR5 = 0x11c
                    0x011c                  _PR5 = 0x11c
                    0x011e                  T4CON = 0x11e
                    0x011e                  _T4CON = 0x11e
                    0x011e                  _T4CONbits = 0x11e
                    0x0120                  T5CON = 0x120
                    0x0120                  _T5CON = 0x120
                    0x0120                  _T5CONbits = 0x120
                    0x0140                  IC1BUF = 0x140
                    0x0140                  _IC1BUF = 0x140
                    0x0142                  IC1CON = 0x142
                    0x0142                  _IC1CON = 0x142
                    0x0142                  _IC1CONbits = 0x142
                    0x0144                  IC2BUF = 0x144
                    0x0144                  _IC2BUF = 0x144
                    0x0146                  IC2CON = 0x146
                    0x0146                  _IC2CON = 0x146
                    0x0146                  _IC2CONbits = 0x146
                    0x0158                  IC7BUF = 0x158
                    0x0158                  _IC7BUF = 0x158
                    0x015a                  IC7CON = 0x15a
                    0x015a                  _IC7CON = 0x15a
                    0x015a                  _IC7CONbits = 0x15a
                    0x015c                  IC8BUF = 0x15c
                    0x015c                  _IC8BUF = 0x15c
                    0x015e                  IC8CON = 0x15e
                    0x015e                  _IC8CON = 0x15e
                    0x015e                  _IC8CONbits = 0x15e
                    0x0180                  OC1RS = 0x180
                    0x0180                  _OC1RS = 0x180
                    0x0182                  OC1R = 0x182
                    0x0182                  _OC1R = 0x182
                    0x0184                  OC1CON = 0x184
                    0x0184                  _OC1CON = 0x184
                    0x0184                  _OC1CONbits = 0x184
                    0x0186                  OC2RS = 0x186
                    0x0186                  _OC2RS = 0x186
                    0x0188                  OC2R = 0x188
                    0x0188                  _OC2R = 0x188
                    0x018a                  OC2CON = 0x18a
                    0x018a                  _OC2CON = 0x18a
                    0x018a                  _OC2CONbits = 0x18a
                    0x018c                  OC3RS = 0x18c
                    0x018c                  _OC3RS = 0x18c
                    0x018e                  OC3R = 0x18e
                    0x018e                  _OC3R = 0x18e
                    0x0190                  OC3CON = 0x190
                    0x0190                  _OC3CON = 0x190
                    0x0190                  _OC3CONbits = 0x190
                    0x0192                  OC4RS = 0x192
                    0x0192                  _OC4RS = 0x192
                    0x0194                  OC4R = 0x194