Microchip Technology Inc, v1.61 (B)

Tool Name:
  c:\program files\microchip\xc16\v1.61\bin\bin\..\bin/elf-ld.exe

Command:
  -p33FJ128GP804 \
  --mdfp=C:/Program Files/Microchip/MPLABX/v5.45/packs/Microchip/dsPIC33F-GP-MC_DFP/1.3.64/xc16 \
  -o \
  dist/default/production/voter-smt.X.production.elf \
  -Lc:/program files/microchip/xc16/v1.61/bin/bin/.. \
  -LC:/Program Files/Microchip/MPLABX/v5.45/packs/Microchip/dsPIC33F-GP-MC_DFP/1.3.64/xc16/bin/../support/PIC24H/gld \
  -LC:/Program Files/Microchip/MPLABX/v5.45/packs/Microchip/dsPIC33F-GP-MC_DFP/1.3.64/xc16/bin/../support/dsPIC33F/gld \
  -Lc:/program files/microchip/xc16/v1.61/bin/bin/../../lib \
  -Lc:/program files/microchip/xc16/v1.61/bin/bin/../../support/PIC24E/gld \
  -Lc:/program files/microchip/xc16/v1.61/bin/bin/../../support/PIC24F/gld \
  -Lc:/program files/microchip/xc16/v1.61/bin/bin/../../support/PIC24H/gld \
  -Lc:/program files/microchip/xc16/v1.61/bin/bin/../../support/dsPIC30F/gld \
  -Lc:/program files/microchip/xc16/v1.61/bin/bin/../../support/dsPIC33C/gld \
  -Lc:/program files/microchip/xc16/v1.61/bin/bin/../../support/dsPIC33E/gld \
  -Lc:/program files/microchip/xc16/v1.61/bin/bin/../../support/dsPIC33F/gld \
  build/default/production/_ext/1431490294/ARP.o \
  build/default/production/_ext/1431490294/Delay.o \
  build/default/production/_ext/1431490294/DHCP.o \
  build/default/production/_ext/1431490294/DNS.o \
  build/default/production/_ext/1431490294/ENC28J60.o \
  build/default/production/_ext/1431490294/Helpers.o \
  build/default/production/_ext/1431490294/IP.o \
  build/default/production/_ext/1431490294/Random.o \
  build/default/production/_ext/1431490294/SPIEEPROM.o \
  build/default/production/_ext/1431490294/StackTsk.o \
  build/default/production/_ext/1431490294/Tick.o \
  build/default/production/_ext/1431490294/UART.o \
  build/default/production/_ext/1431490294/UDP.o \
  build/default/production/_ext/1360937237/squelch.o \
  build/default/production/_ext/1431490294/Telnet.o \
  build/default/production/_ext/1431490294/TCP.o \
  build/default/production/_ext/1431490294/DynDNS.o \
  build/default/production/_ext/1360937237/doubleify.o \
  build/default/production/_ext/1431490294/ICMP.o \
  build/default/production/_ext/1360937237/Voter.o \
  --defsym=__MPLAB_BUILD=1 \
  -Tp33FJ128GP804.gld.00 \
  --stack=16 \
  --check-sections \
  --data-init \
  --pack-data \
  --handles \
  --isr \
  --no-gc-sections \
  --fill-upper=0 \
  --stackguard=16 \
  --library-path=../src \
  --library-path=. \
  --no-force-link \
  --smart-io \
  -Map=dist/default/production/voter-smt.X.production.map \
  --report-mem \
  --memorysummary \
  dist/default/production/memoryfile.xml \
  -start-group \
  --library=pic30-elf \
  --library=m-elf \
  --library=c-elf \
  -end-group \


Optional library libp33FJ128GP804.a not found
Archive member included because of file (symbol)

c:/program files/microchip/xc16/v1.61/bin/bin/../../lib\libpic30-elf.a(crt0_standard.o)
                              (__resetPRI)
c:/program files/microchip/xc16/v1.61/bin/bin/../../lib\libpic30-elf.a(data_init_standard.o)
                              c:/program files/microchip/xc16/v1.61/bin/bin/../../lib\libpic30-elf.a(crt0_standard.o) (__data_init_standard)
c:/program files/microchip/xc16/v1.61/bin/bin/../../lib\libpic30-elf.a(crt_start_mode_normal.eo)
                              (__crt_start_mode_normal)
c:/program files/microchip/xc16/v1.61/bin/bin/../../lib\libm-elf.a(addsf3.eo)
                              build/default/production/_ext/1360937237/Voter.o (___subsf3)
c:/program files/microchip/xc16/v1.61/bin/bin/../../lib\libm-elf.a(cosf.eo)
                              build/default/production/_ext/1360937237/Voter.o (_cosf)
c:/program files/microchip/xc16/v1.61/bin/bin/../../lib\libm-elf.a(divsf3.eo)
                              build/default/production/_ext/1360937237/Voter.o (___divsf3)
c:/program files/microchip/xc16/v1.61/bin/bin/../../lib\libm-elf.a(divsi3.eo)
                              build/default/production/_ext/1360937237/Voter.o (___divsi3)
c:/program files/microchip/xc16/v1.61/bin/bin/../../lib\libm-elf.a(errno.eo)
                              build/default/production/_ext/1360937237/Voter.o (_errno)
c:/program files/microchip/xc16/v1.61/bin/bin/../../lib\libm-elf.a(feqltle.eo)
                              build/default/production/_ext/1360937237/Voter.o (___eqsf2)
c:/program files/microchip/xc16/v1.61/bin/bin/../../lib\libm-elf.a(fgtge.eo)
                              build/default/production/_ext/1360937237/Voter.o (___gesf2)
c:/program files/microchip/xc16/v1.61/bin/bin/../../lib\libm-elf.a(fixsfsi.eo)
                              build/default/production/_ext/1360937237/Voter.o (_(float, int, long long, short, float, short, int))
c:/program files/microchip/xc16/v1.61/bin/bin/../../lib\libm-elf.a(floatsisf.eo)
                              build/default/production/_ext/1360937237/Voter.o (___floatsisf)
[...]
Memory Configuration

Name             Origin             Length             Attributes
data             0x000800           0x004000           a !xr
reset            0x000000           0x000004  
ivt              0x000004           0x0000fc  
_reserved        0x000100           0x000004  
aivt             0x000104           0x0000fc  
program          0x000200           0x015600           xr
FBS              0xf80000           0x000002  
FSS              0xf80002           0x000002  
FGS              0xf80004           0x000002  
FOSCSEL          0xf80006           0x000002  
FOSC             0xf80008           0x000002  
FWDT             0xf8000a           0x000002  
FPOR             0xf8000c           0x000002  
FICD             0xf8000e           0x000002  
FUID0            0xf80010           0x000002  
FUID1            0xf80012           0x000002  
FUID2            0xf80014           0x000002  
FUID3            0xf80016           0x000002  
*default*        0x000000           0xffffffff  

Linker script and memory map

LOAD build/default/production/_ext/1431490294/ARP.o
LOAD build/default/production/_ext/1431490294/Delay.o
LOAD build/default/production/_ext/1431490294/DHCP.o
LOAD build/default/production/_ext/1431490294/DNS.o
LOAD build/default/production/_ext/1431490294/ENC28J60.o
LOAD build/default/production/_ext/1431490294/Helpers.o
LOAD build/default/production/_ext/1431490294/IP.o
LOAD build/default/production/_ext/1431490294/Random.o
LOAD build/default/production/_ext/1431490294/SPIEEPROM.o
LOAD build/default/production/_ext/1431490294/StackTsk.o
LOAD build/default/production/_ext/1431490294/Tick.o
LOAD build/default/production/_ext/1431490294/UART.o
LOAD build/default/production/_ext/1431490294/UDP.o
LOAD build/default/production/_ext/1360937237/squelch.o
LOAD build/default/production/_ext/1431490294/Telnet.o
LOAD build/default/production/_ext/1431490294/TCP.o
LOAD build/default/production/_ext/1431490294/DynDNS.o
LOAD build/default/production/_ext/1360937237/doubleify.o
LOAD build/default/production/_ext/1431490294/ICMP.o
LOAD build/default/production/_ext/1360937237/Voter.o
                    0x0001                  __MPLAB_BUILD = 0x1
LOAD p33FJ128GP804
LOAD c:/program files/microchip/xc16/v1.61/bin/bin/../../lib\libfx-elf.a
                    0xf80000                  __FBS = 0xf80000
                    0xf80002                  __FSS = 0xf80002
                    0xf80004                  __FGS = 0xf80004
                    0xf80006                  __FOSCSEL = 0xf80006
                    0xf80008                  __FOSC = 0xf80008
                    0xf8000a                  __FWDT = 0xf8000a
                    0xf8000c                  __FPOR = 0xf8000c
                    0xf8000e                  __FICD = 0xf8000e
                    0xf80010                  __FUID0 = 0xf80010
                    0xf80012                  __FUID1 = 0xf80012
                    0xf80014                  __FUID2 = 0xf80014
                    0xf80016                  __FUID3 = 0xf80016
                    0x0200                  __CODE_BASE = 0x200
                    0x15600                  __CODE_LENGTH = 0x15600
                    0x0004                  __IVT_BASE = 0x4
                    0x0104                  __AIVT_BASE = 0x104
                    0x0800                  __DATA_BASE = 0x800
                    0x4000                  __DATA_LENGTH = 0x4000
                    0x2800                  __YDATA_BASE = 0x2800
                    0x4000                  __DMA_BASE = 0x4000
                    0x47ff                  __DMA_END = 0x47ff

.reset            0x000000          0x4
                  0x000000          0x2 SHORT 0x200 ABSOLUTE (__reset)
                  0x000001          0x2 SHORT 0x4
                  0x000002          0x2 SHORT 0x0 ((ABSOLUTE (__reset) >> 0x10) & 0x7f)
                  0x000003          0x2 SHORT 0x0

.text             0x000200       0x4912
 *(.init)
 .init            0x000200         0x4c c:/program files/microchip/xc16/v1.61/bin/bin/../../lib\libpic30-elf.a(crt0_standard.o)
                  0x000200                  __resetPRI
                  0x000200                  __reset
                  0x00023c                  __psv_init
 .init            0x00024c         0x7c c:/program files/microchip/xc16/v1.61/bin/bin/../../lib\libpic30-elf.a(data_init_standard.o)
                  0x000252                  __data_init_standard
                  0x000252                  __data_init
 *(.user_init)
 *(.handle)
 *(.isr*)
 .isr.text        0x0002c8         0x14 build/default/production/_ext/1431490294/Tick.o
                  0x0002c8                  __T1Interrupt
 .isr.text        0x0002dc        0x118 build/default/production/_ext/1431490294/UART.o
                  0x0002dc                  __U1RXInterrupt
                  0x000332                  __U1TXInterrupt
                  0x00036a                  __U2RXInterrupt
                  0x0003c0                  __U2TXInterrupt
 .isr.text        0x0003f4        0xd08 build/default/production/_ext/1360937237/Voter.o
                  0x0003f4                  __CNInterrupt
                  0x000666                  __T4Interrupt
                  0x000680                  __ADC1Interrupt
                  0x000b4a                  __DAC1LInterrupt
                  0x0010ba                  __DefaultInterrupt
                  0x0010cc                  __OscillatorFail
                  0x0010de                  __AddressError
                  0x0010e4                  __StackError
                  0x0010ea                  __MathError
 *(.libc)
 .libc            0x0010fc         0x14 c:/program files/microchip/xc16/v1.61/bin/bin/../../lib\libc-elf.a(isalpha.eso)
                  0x0010fc                  _isalpha
 .libc            0x001110         0x10 c:/program files/microchip/xc16/v1.61/bin/bin/../../lib\libc-elf.a(isspace.eso)
                  0x001110                  _isspace
 .libc            0x001120          0xc c:/program files/microchip/xc16/v1.61/bin/bin/../../lib\libc-elf.a(isupper.eso)
                  0x001120                  _isupper
 .libc            0x00112c          0xe c:/program files/microchip/xc16/v1.61/bin/bin/../../lib\libc-elf.a(tolower.eso)
                  0x00112c                  _tolower
 *(.libm)
 *(.libdsp)
 *(.lib*)
 .libpic30_crt_start_mode
                  0x00113a          0x2 c:/program files/microchip/xc16/v1.61/bin/bin/../../lib\libpic30-elf.a(crt_start_mode_normal.eo)
                  0x00113a                  __crt_start_mode
                  0x00113a                  __crt_start_mode_normal
 .libm.subsf3     0x00113c         0xbc c:/program files/microchip/xc16/v1.61/bin/bin/../../lib\libm-elf.a(addsf3.eo)
                  0x00113c                  ___subsf3
                  0x00113e                  ___addsf3
 .libm.cosf       0x0011f8          0x4 c:/program files/microchip/xc16/v1.61/bin/bin/../../lib\libm-elf.a(cosf.eo)
                  0x0011f8                  _cosf
 .libm.divfs3     0x0011fc         0x84 c:/program files/microchip/xc16/v1.61/bin/bin/../../lib\libm-elf.a(divsf3.eo)
                  0x0011fc                  ___divsf3
 .libm.divsi3     0x001280         0x1e c:/program files/microchip/xc16/v1.61/bin/bin/../../lib\libm-elf.a(divsi3.eo)
                  0x001280                  ___divsi3
 .libm.eqsf2      0x00129e          0x4 c:/program files/microchip/xc16/v1.61/bin/bin/../../lib\libm-elf.a(feqltle.eo)
                  0x00129e                  ___eqsf2
                  0x00129e                  ___ltsf2
                  0x00129e                  ___lesf2
 .libm.gtsf2      0x0012a2          0x4 c:/program files/microchip/xc16/v1.61/bin/bin/../../lib\libm-elf.a(fgtge.eo)
                  0x0012a2                  ___gesf2
                  0x0012a2                  ___gtsf2
 .libm.fixsfsi    0x0012a6         0x42 c:/program files/microchip/xc16/v1.61/bin/bin/../../lib\libm-elf.a(fixsfsi.eo)
                  0x0012a6                  _(float, int, long long, short, float, short, int)
 .libm.floatsisf
                  0x0012e8          0x6 c:/program files/microchip/xc16/v1.61/bin/bin/../../lib\libm-elf.a(floatsisf.eo)
                  0x0012e8                  ___floatsisf
 .libm.floatunsisf
                  0x0012ee          0x4 c:/program files/microchip/xc16/v1.61/bin/bin/../../lib\libm-elf.a(floatunsisf.eo)
                  0x0012ee                  ___floatunsisf
 .libm.fpack      0x0012f2         0x4c c:/program files/microchip/xc16/v1.61/bin/bin/../../lib\libm-elf.a(fpack.eo)
                  0x0012f2                  __fpack
 .libm.funpack    0x00133e         0x2a c:/program files/microchip/xc16/v1.61/bin/bin/../../lib\libm-elf.a(funpack.eo)
                  0x00133e                  __funpack
 .libm.funpack2
                  0x001368         0x10 c:/program files/microchip/xc16/v1.61/bin/bin/../../lib\libm-elf.a(funpack2.eo)
                  0x001368                  __funpack2
 .libm.fPropagateNaN
                  0x001378         0x12 c:/program files/microchip/xc16/v1.61/bin/bin/../../lib\libm-elf.a(futil.eo)
                  0x001378                  __fPropagateNaN
 .libm.fbobExit
                  0x00138a          0x8 c:/program files/microchip/xc16/v1.61/bin/bin/../../lib\libm-elf.a(futil.eo)
                  0x00138a                  __fbopExit
 .libm.fbopReturnNaN
                  0x001392          0x6 c:/program files/microchip/xc16/v1.61/bin/bin/../../lib\libm-elf.a(futil.eo)
                  0x001392                  __fbopReturnNaN
 .libm.mulsf3     0x001398         0x68 c:/program files/microchip/xc16/v1.61/bin/bin/../../lib\libm-elf.a(mulsf3.eo)
                  0x001398                  ___mulsf3
 .libm.sincosf    0x001400         0xd2 c:/program files/microchip/xc16/v1.61/bin/bin/../../lib\libm-elf.a(sincosf.eo)
                  0x001400                  __sincosf
 .libm.sinf       0x0014d2          0x4 c:/program files/microchip/xc16/v1.61/bin/bin/../../lib\libm-elf.a(sinf.eo)
                  0x0014d2                  _sinf
 .libm.truncdfsf2
                  0x0014d6         0x56 c:/program files/microchip/xc16/v1.61/bin/bin/../../lib\libm-elf.a(truncdfsf.eo)
                  0x0014d6                  ___truncdfsf2
 .libm.udivsi3    0x00152c         0x20 c:/program files/microchip/xc16/v1.61/bin/bin/../../lib\libm-elf.a(udivsi3.eo)
                  0x00152c                  ___udivsi3
 .libm.umodsi3    0x00154c          0x6 c:/program files/microchip/xc16/v1.61/bin/bin/../../lib\libm-elf.a(umodsi3.eo)
                  0x00154c                  ___umodsi3
 .libm.__PplusBdi
                  0x001552         0x26 c:/program files/microchip/xc16/v1.61/bin/bin/../../lib\libm-elf.a(divmoddi3.eo)
 .libm.__PminusBdi
                  0x001578         0x26 c:/program files/microchip/xc16/v1.61/bin/bin/../../lib\libm-elf.a(divmoddi3.eo)
 .libm.__udivmoddi3
                  0x00159e         0xe6 c:/program files/microchip/xc16/v1.61/bin/bin/../../lib\libm-elf.a(divmoddi3.eo)
                  0x00159e                  ___udivmoddi3
 .libm.__udivdi3
                  0x001684          0xe c:/program files/microchip/xc16/v1.61/bin/bin/../../lib\libm-elf.a(divmoddi3.eo)
                  0x001684                  ___udivdi3
 .libm.__umoddi3
                  0x001692          0x8 c:/program files/microchip/xc16/v1.61/bin/bin/../../lib\libm-elf.a(divmoddi3.eo)
                  0x001692                  ___umoddi3
 .libm.__divdi3
                  0x00169a         0x60 c:/program files/microchip/xc16/v1.61/bin/bin/../../lib\libm-elf.a(divmoddi3.eo)
                  0x00169a                  ___divdi3
 .libm.__moddi3
                  0x0016fa         0x5c c:/program files/microchip/xc16/v1.61/bin/bin/../../lib\libm-elf.a(divmoddi3.eo)
                  0x0016fa                  ___moddi3
 .libm.dunpack    0x001756         0x4e c:/program files/microchip/xc16/v1.61/bin/bin/../../lib\libm-elf.a(dunpack.eo)
                  0x001756                  __dunpack
 .libm.dunpack2
                  0x0017a4         0x32 c:/program files/microchip/xc16/v1.61/bin/bin/../../lib\libm-elf.a(dunpack2.eo)
                  0x0017a4                  __dunpack2
                  0x0017c6                  __dreturnNaN
                  0x0017cc                  __dunpack2exit
 .libm.fcompare
                  0x0017d6         0x36 c:/program files/microchip/xc16/v1.61/bin/bin/../../lib\libm-elf.a(fcompare.eo)
                  0x0017d6                  __fcompare
 .libm.floatdisf
                  0x00180c         0x20 c:/program files/microchip/xc16/v1.61/bin/bin/../../lib\libm-elf.a(floatdisf.eo)
                  0x00180c                  ___floatdisf
 .libm.floatundisf
                  0x00182c         0x5e c:/program files/microchip/xc16/v1.61/bin/bin/../../lib\libm-elf.a(floatundisf.eo)
                  0x00182c                  ___floatundisf
 .libm.fmodf      0x00188a          0x4 c:/program files/microchip/xc16/v1.61/bin/bin/../../lib\libm-elf.a(fmodf.eo)
                  0x00188a                  _fmodf
 .libm.fmodrem    0x00188e         0x9e c:/program files/microchip/xc16/v1.61/bin/bin/../../lib\libm-elf.a(fmodrem.eo)
                  0x00188e                  __fmodrem
 .libm.dPropagateNaN
                  0x00192c         0x1c c:/program files/microchip/xc16/v1.61/bin/bin/../../lib\libm-elf.a(dpropagateNaN.eo)
                  0x00192c                  __dPropagateNaN
 .libc.strtof     0x001948        0x1c4 c:/program files/microchip/xc16/v1.61/bin/bin/../../lib\libc-elf.a(atof.eo)
                  0x001948                  _strtof
 .libc.strtod     0x001b0c          0x2 c:/program files/microchip/xc16/v1.61/bin/bin/../../lib\libc-elf.a(atof.eo)
                  0x001b0c                  _strtod
 .libc.atof       0x001b0e          0x4 c:/program files/microchip/xc16/v1.61/bin/bin/../../lib\libc-elf.a(atof.eo)
                  0x001b0e                  _atof
 .libc.atoi       0x001b12         0x3e c:/program files/microchip/xc16/v1.61/bin/bin/../../lib\libc-elf.a(atoi.eo)
                  0x001b12                  _atoi
 .libc.put2d      0x001b50         0x22 c:/program files/microchip/xc16/v1.61/bin/bin/../../lib\libc-elf.a(ctime.eo)
 .libc.dylen      0x001b72         0x2a c:/program files/microchip/xc16/v1.61/bin/bin/../../lib\libc-elf.a(ctime.eo)
 .libc.gmtime     0x001b9c         0x82 c:/program files/microchip/xc16/v1.61/bin/bin/../../lib\libc-elf.a(ctime.eo)
                  0x001b9c                  _gmtime
 .libc.localtime
                  0x001c1e         0x18 c:/program files/microchip/xc16/v1.61/bin/bin/../../lib\libc-elf.a(ctime.eo)
                  0x001c1e                  _localtime
 .libc.asctime    0x001c36         0x8c c:/program files/microchip/xc16/v1.61/bin/bin/../../lib\libc-elf.a(ctime.eo)
                  0x001c36                  _asctime
 .libc.ctime      0x001cc2          0x4 c:/program files/microchip/xc16/v1.61/bin/bin/../../lib\libc-elf.a(ctime.eo)
                  0x001cc2                  _ctime
 .libc.fflush     0x001cc6         0x54 c:/program files/microchip/xc16/v1.61/bin/bin/../../lib\libc-elf.a(fflush.eo)
                  0x001cc6                  _fflush
 .libc.fputc      0x001d1a         0x86 c:/program files/microchip/xc16/v1.61/bin/bin/../../lib\libc-elf.a(fputc.eo)
                  0x001d1a                  _fputc
 .libc.memcmp     0x001da0         0x32 c:/program files/microchip/xc16/v1.61/bin/bin/../../lib\libc-elf.a(memcmp.eo)
                  0x001da0                  _memcmp
 .libc.memcpy     0x001dd2          0xe c:/program files/microchip/xc16/v1.61/bin/bin/../../lib\libc-elf.a(memcpy.eo)
                  0x001dd2                  _memcpy
 .libc.isleap     0x001de0         0x2a c:/program files/microchip/xc16/v1.61/bin/bin/../../lib\libc-elf.a(mktime.eo)
 .libc.months_to_days
                  0x001e0a         0x10 c:/program files/microchip/xc16/v1.61/bin/bin/../../lib\libc-elf.a(mktime.eo)
 .libc.years_to_days
                  0x001e1a         0x2c c:/program files/microchip/xc16/v1.61/bin/bin/../../lib\libc-elf.a(mktime.eo)
 .libc.ymd_to_scalar
                  0x001e46         0x36 c:/program files/microchip/xc16/v1.61/bin/bin/../../lib\libc-elf.a(mktime.eo)
 .libc.mktime     0x001e7c         0x84 c:/program files/microchip/xc16/v1.61/bin/bin/../../lib\libc-elf.a(mktime.eo)
                  0x001e7c                  _mktime
 .libc.printf     0x001f00          0xe c:/program files/microchip/xc16/v1.61/bin/bin/../../lib\libc-elf.a(printf.eo)
                  0x001f00                  _printf
 .libc.fputs      0x001f0e         0x1c c:/program files/microchip/xc16/v1.61/bin/bin/../../lib\libc-elf.a(puts.eo)
                  0x001f0e                  _fputs
 .libc.puts       0x001f2a         0x14 c:/program files/microchip/xc16/v1.61/bin/bin/../../lib\libc-elf.a(puts.eo)
                  0x001f2a                  _puts
 .libc.strchr     0x001f3e         0x14 c:/program files/microchip/xc16/v1.61/bin/bin/../../lib\libc-elf.a(strchr.eo)
                  0x001f3e                  _strchr
 .libc.strcmp     0x001f52          0xe c:/program files/microchip/xc16/v1.61/bin/bin/../../lib\libc-elf.a(strcmp.eo)
                  0x001f52                  _strcmp
 .libc.strcpy     0x001f60          0xc c:/program files/microchip/xc16/v1.61/bin/bin/../../lib\libc-elf.a(strcpy.eo)
                  0x001f60                  _strcpy
 .libc.strfmt     0x001f6c         0x72 c:/program files/microchip/xc16/v1.61/bin/bin/../../lib\libc-elf.a(strftime.eo)
 .libc.strftime
                  0x001fde        0x23a c:/program files/microchip/xc16/v1.61/bin/bin/../../lib\libc-elf.a(strftime.eo)
                  0x001fde                  _strftime
 .libc.strlen     0x002218          0xc c:/program files/microchip/xc16/v1.61/bin/bin/../../lib\libc-elf.a(strlen.eo)
                  0x002218                  _strlen
 .libc.strncpy    0x002224         0x22 c:/program files/microchip/xc16/v1.61/bin/bin/../../lib\libc-elf.a(strncpy.eo)
                  0x002224                  _strncpy
 .libc.strstr     0x002246         0x2c c:/program files/microchip/xc16/v1.61/bin/bin/../../lib\libc-elf.a(strstr.eo)
                  0x002246                  _strstr
 .libc._sscanf_cdnopuxX
                  0x002272         0x1c c:/program files/microchip/xc16/v1.61/bin/bin/../../lib\libc-elf.a(sscanf_cdnopuxX.XXeo)
                  0x002272                  __sscanf_cdnopuxX
 .libc.wspace     0x00228e         0x1e c:/program files/microchip/xc16/v1.61/bin/bin/../../lib\libc-elf.a(doscan_cdnopuxX.XXeo)
 .libc.range      0x0022ac         0x46 c:/program files/microchip/xc16/v1.61/bin/bin/../../lib\libc-elf.a(doscan_cdnopuxX.XXeo)
 .libc._vfscanf_cdnopuxX
                  0x0022f2        0x2ee c:/program files/microchip/xc16/v1.61/bin/bin/../../lib\libc-elf.a(doscan_cdnopuxX.XXeo)
                  0x0022f2                  __vfscanf_cdnopuxX
 .libc._sprintf_cdfFnopsuxX
                  0x0025e0         0x2c c:/program files/microchip/xc16/v1.61/bin/bin/../../lib\libc-elf.a(sprintf_cdfFnopsuxX.XXeo)
                  0x0025e0                  __sprintf_cdfFnopuxX
                  0x0025e0                  __sprintf_cdfFnopsuxX
                  0x0025e0                  __sprintf_cdnopuxX
                  0x0025e0                  __sprintf_cdnopsuxX
 .libc.fround     0x00260c         0xba c:/program files/microchip/xc16/v1.61/bin/bin/../../lib\libc-elf.a(doprnt_cdfFnopsuxX.XXeo)
 .libc.scale      0x0026c6         0xc4 c:/program files/microchip/xc16/v1.61/bin/bin/../../lib\libc-elf.a(doprnt_cdfFnopsuxX.XXeo)
 .libc.sputc      0x00278a         0x12 c:/program files/microchip/xc16/v1.61/bin/bin/../../lib\libc-elf.a(doprnt_cdfFnopsuxX.XXeo)
 .libc._vfprintf_cdfFnopsuxX
                  0x00279c        0x9c2 c:/program files/microchip/xc16/v1.61/bin/bin/../../lib\libc-elf.a(doprnt_cdfFnopsuxX.XXeo)
                  0x00279c                  __vfprintf_cdnopuxX
                  0x00279c                  __vfprintf_cdnopsuxX
                  0x00279c                  __vfprintf_cdfFnopuxX
                  0x00279c                  __vfprintf_cdfFnopsuxX
 .libc.fround     0x00315e         0x84 c:/program files/microchip/xc16/v1.61/bin/bin/../../lib\libc-elf.a(doprnt.eo)
 .libc.scale      0x0031e2         0xaa c:/program files/microchip/xc16/v1.61/bin/bin/../../lib\libc-elf.a(doprnt.eo)
 .libc.sputc      0x00328c         0x12 c:/program files/microchip/xc16/v1.61/bin/bin/../../lib\libc-elf.a(doprnt.eo)
 .libc.vfprintf
                  0x00329e       0x1178 c:/program files/microchip/xc16/v1.61/bin/bin/../../lib\libc-elf.a(doprnt.eo)
                  0x00329e                  _vfprintf
 .libc.fgetc      0x004416         0x62 c:/program files/microchip/xc16/v1.61/bin/bin/../../lib\libc-elf.a(fgetc.eo)
                  0x004416                  _fgetc
 .libc._filbuf    0x004478         0x98 c:/program files/microchip/xc16/v1.61/bin/bin/../../lib\libc-elf.a(filbuf.eo)
                  0x004478                  __filbuf
 .libc._flsbuf    0x004510         0x7e c:/program files/microchip/xc16/v1.61/bin/bin/../../lib\libc-elf.a(flsbuf.eo)
                  0x004510                  __flsbuf
 .libc.strncmp    0x00458e         0x1e c:/program files/microchip/xc16/v1.61/bin/bin/../../lib\libc-elf.a(strncmp.eo)
                  0x00458e                  _strncmp
 .libc.ungetc     0x0045ac         0x3e c:/program files/microchip/xc16/v1.61/bin/bin/../../lib\libc-elf.a(ungetc.eo)
                  0x0045ac                  _ungetc
 *fill*           0x0045ea          0x400
 .libm.adddf3     0x0045ec         0xfc c:/program files/microchip/xc16/v1.61/bin/bin/../../lib\libm-elf.a(adddf3.eo)
                  0x0045ec                  ___adddf3
 .libm.eqdf2      0x0046e8          0xa c:/program files/microchip/xc16/v1.61/bin/bin/../../lib\libm-elf.a(deqltle.eo)
                  0x0046e8                  ___eqdf2
                  0x0046e8                  ___ltdf2
                  0x0046e8                  ___ledf2
 .libm.gtdf2      0x0046f2          0xa c:/program files/microchip/xc16/v1.61/bin/bin/../../lib\libm-elf.a(dgtge.eo)
                  0x0046f2                  ___gtdf2
                  0x0046f2                  ___gedf2
 .libm.divdf3     0x0046fc         0xb4 c:/program files/microchip/xc16/v1.61/bin/bin/../../lib\libm-elf.a(divdf3.eo)
                  0x0046fc                  ___divdf3
 .libm.nedf2      0x0047b0          0xa c:/program files/microchip/xc16/v1.61/bin/bin/../../lib\libm-elf.a(dne.eo)
                  0x0047b0                  ___nedf2
 .libm.dpack      0x0047ba         0x58 c:/program files/microchip/xc16/v1.61/bin/bin/../../lib\libm-elf.a(dpack.eo)
                  0x0047ba                  __dpack
 .libm.extendsfdf2
                  0x004812         0x3e c:/program files/microchip/xc16/v1.61/bin/bin/../../lib\libm-elf.a(extendsfdf.eo)
                  0x004812                  ___extendsfdf2
 .libm.fixunsdfdi
                  0x004850         0x62 c:/program files/microchip/xc16/v1.61/bin/bin/../../lib\libm-elf.a(fixunsdfdi.eo)
                  0x004850                  ___fixunsdfdi
 .libm.fixunssfsi
                  0x0048b2         0x36 c:/program files/microchip/xc16/v1.61/bin/bin/../../lib\libm-elf.a(fixunssfsi.eo)
                  0x0048b2                  ___fixunssfsi
 .libm.floatunsidf
                  0x0048e8          0x4 c:/program files/microchip/xc16/v1.61/bin/bin/../../lib\libm-elf.a(floatunsidf.eo)
                  0x0048e8                  ___floatunsidf
 .libm.nesf2      0x0048ec          0x4 c:/program files/microchip/xc16/v1.61/bin/bin/../../lib\libm-elf.a(fne.eo)
                  0x0048ec                  ___nesf2
 .libm.frexp      0x0048f0         0x3a c:/program files/microchip/xc16/v1.61/bin/bin/../../lib\libm-elf.a(frexp.eo)
                  0x0048f0                  _frexp
                  0x0048f0                  _frexpl
 .libm.frexpf     0x00492a          0x6 c:/program files/microchip/xc16/v1.61/bin/bin/../../lib\libm-elf.a(frexpf.eo)
                  0x00492a                  _frexpf
 .libm.muldf3     0x004930         0xec c:/program files/microchip/xc16/v1.61/bin/bin/../../lib\libm-elf.a(muldf3.eo)
                  0x004930                  ___muldf3
 .libm.subdf3     0x004a1c          0x4 c:/program files/microchip/xc16/v1.61/bin/bin/../../lib\libm-elf.a(subdf3.eo)
                  0x004a1c                  ___subdf3
 .libm.mulsi3     0x004a20          0xc c:/program files/microchip/xc16/v1.61/bin/bin/../../lib\libm-elf.a(mulsi3.eo)
                  0x004a20                  ___mulp32peds3
                  0x004a20                  ___mulsi3
                  0x004a20                  ___mulp32eds3
 .libm.frexpf     0x004a2c         0x1a c:/program files/microchip/xc16/v1.61/bin/bin/../../lib\libm-elf.a(_frexpf.eo)
                  0x004a2c                  __frexpf
 .libm.dcompare
                  0x004a46         0x52 c:/program files/microchip/xc16/v1.61/bin/bin/../../lib\libm-elf.a(dcompare.eo)
                  0x004a46                  __dcompare
 .libm.dtype      0x004a98         0x24 c:/program files/microchip/xc16/v1.61/bin/bin/../../lib\libm-elf.a(dtype.eo)
                  0x004a98                  __dtype
 .libm.floatundidf
                  0x004abc         0x56 c:/program files/microchip/xc16/v1.61/bin/bin/../../lib\libm-elf.a(floatundidf.eo)
                  0x004abc                  ___floatundidf

usercode
 *(usercode)

__FBS
 *(__FBS.sec*)

__FSS
 *(__FSS.sec*)

__FGS             0xf80004          0x2
 *(__FGS.sec*)
 __FGS.sec        0xf80004          0x2 /CW/_FGSàÚ÷
                  0xf80004                  __FGS.sec

__FOSCSEL         0xf80006          0x2
 *(__FOSCSEL.sec*)
 __FOSCSEL.sec    0xf80006          0x2 build/default/production/_ext/1360937237/Voter.o

__FOSC            0xf80008          0x2
 *(__FOSC.sec*)
 __FOSC.sec       0xf80008          0x2 build/default/production/_ext/1360937237/Voter.o

__FWDT            0xf8000a          0x2
 *(__FWDT.sec*)
 __FWDT.sec       0xf8000a          0x2 build/default/production/_ext/1360937237/Voter.o

__FPOR            0xf8000c          0x2
 *(__FPOR.sec*)
 __FPOR.sec       0xf8000c          0x2 build/default/production/_ext/1360937237/Voter.o

__FICD            0xf8000e          0x2
 *(__FICD.sec*)
 __FICD.sec       0xf8000e          0x2 build/default/production/_ext/1360937237/Voter.o

__FUID0
 *(__FUID0.sec*)

__FUID1
 *(__FUID1.sec*)

__FUID2
 *(__FUID2.sec*)

__FUID3
 *(__FUID3.sec*)

.comment
 *(.comment)

.debug_info       0x000000      0x1d537
 *(.debug_info)
 .debug_info      0x000000       0x1072 build/default/production/_ext/1431490294/ARP.o
 .debug_info      0x001072        0x231 build/default/production/_ext/1431490294/Delay.o
 .debug_info      0x0012a3       0x151b build/default/production/_ext/1431490294/DHCP.o
 .debug_info      0x0027be       0x12fe build/default/production/_ext/1431490294/DNS.o
 .debug_info      0x003abc       0x328c build/default/production/_ext/1431490294/ENC28J60.o
 .debug_info      0x006d48        0xffb build/default/production/_ext/1431490294/Helpers.o
 .debug_info      0x007d43       0x10a9 build/default/production/_ext/1431490294/IP.o
 .debug_info      0x008dec        0x15e build/default/production/_ext/1431490294/Random.o
 .debug_info      0x008f4a        0xdb3 build/default/production/_ext/1431490294/SPIEEPROM.o
 .debug_info      0x009cfd        0xfa5 build/default/production/_ext/1431490294/StackTsk.o
 .debug_info      0x00aca2        0x93e build/default/production/_ext/1431490294/Tick.o
 .debug_info      0x00b5e0       0x1483 build/default/production/_ext/1431490294/UART.o
 .debug_info      0x00ca63       0x15a8 build/default/production/_ext/1431490294/UDP.o
 .debug_info      0x00e00b       0x135a build/default/production/_ext/1360937237/squelch.o
 .debug_info      0x00f365       0x1193 build/default/production/_ext/1431490294/Telnet.o
 .debug_info      0x0104f8       0x2736 build/default/production/_ext/1431490294/TCP.o
 .debug_info      0x012c2e        0xf3f build/default/production/_ext/1431490294/DynDNS.o
 .debug_info      0x013b6d        0x1e5 build/default/production/_ext/1360937237/doubleify.o
 .debug_info      0x013d52        0xaf7 build/default/production/_ext/1431490294/ICMP.o
 .debug_info      0x014849       0x8cee build/default/production/_ext/1360937237/Voter.o
 *(.gnu.linkonce.wi.*)

.debug_abbrev     0x000000       0x2693
 *(.debug_abbrev)
 .debug_abbrev    0x000000        0x1d2 build/default/production/_ext/1431490294/ARP.o
 .debug_abbrev    0x0001d2         0xc0 build/default/production/_ext/1431490294/Delay.o
 .debug_abbrev    0x000292        0x223 build/default/production/_ext/1431490294/DHCP.o
 .debug_abbrev    0x0004b5        0x1ef build/default/production/_ext/1431490294/DNS.o
 .debug_abbrev    0x0006a4        0x32c build/default/production/_ext/1431490294/ENC28J60.o
 .debug_abbrev    0x0009d0        0x214 build/default/production/_ext/1431490294/Helpers.o
 .debug_abbrev    0x000be4        0x1d6 build/default/production/_ext/1431490294/IP.o
 .debug_abbrev    0x000dba         0x1f build/default/production/_ext/1431490294/Random.o
 .debug_abbrev    0x000dd9        0x22f build/default/production/_ext/1431490294/SPIEEPROM.o
 .debug_abbrev    0x001008        0x177 build/default/production/_ext/1431490294/StackTsk.o
 .debug_abbrev    0x00117f        0x167 build/default/production/_ext/1431490294/Tick.o
 .debug_abbrev    0x0012e6        0x1d0 build/default/production/_ext/1431490294/UART.o
 .debug_abbrev    0x0014b6        0x2c1 build/default/production/_ext/1431490294/UDP.o
 .debug_abbrev    0x001777        0x208 build/default/production/_ext/1360937237/squelch.o
 .debug_abbrev    0x00197f        0x1e4 build/default/production/_ext/1431490294/Telnet.o
 .debug_abbrev    0x001b63        0x2e8 build/default/production/_ext/1431490294/TCP.o
 .debug_abbrev    0x001e4b        0x1f6 build/default/production/_ext/1431490294/DynDNS.o
 .debug_abbrev    0x002041         0x96 build/default/production/_ext/1360937237/doubleify.o
 .debug_abbrev    0x0020d7        0x19f build/default/production/_ext/1431490294/ICMP.o
 .debug_abbrev    0x002276        0x41d build/default/production/_ext/1360937237/Voter.o

.debug_line       0x000000       0x426d
 *(.debug_line)
 .debug_line      0x000000        0x107 build/default/production/_ext/1431490294/ARP.o
 .debug_line      0x000107         0x78 build/default/production/_ext/1431490294/Delay.o
 .debug_line      0x00017f        0x26e build/default/production/_ext/1431490294/DHCP.o
 .debug_line      0x0003ed        0x210 build/default/production/_ext/1431490294/DNS.o
 .debug_line      0x0005fd        0x4ac build/default/production/_ext/1431490294/ENC28J60.o
 .debug_line      0x000aa9        0x342 build/default/production/_ext/1431490294/Helpers.o
 .debug_line      0x000deb         0xd6 build/default/production/_ext/1431490294/IP.o
 .debug_line      0x000ec1         0x1a build/default/production/_ext/1431490294/Random.o
 .debug_line      0x000edb        0x24c build/default/production/_ext/1431490294/SPIEEPROM.o
 .debug_line      0x001127         0xe2 build/default/production/_ext/1431490294/StackTsk.o
 .debug_line      0x001209        0x183 build/default/production/_ext/1431490294/Tick.o
 .debug_line      0x00138c        0x25d build/default/production/_ext/1431490294/UART.o
 .debug_line      0x0015e9        0x1f0 build/default/production/_ext/1431490294/UDP.o
 .debug_line      0x0017d9        0x293 build/default/production/_ext/1360937237/squelch.o
 .debug_line      0x001a6c        0x145 build/default/production/_ext/1431490294/Telnet.o
 .debug_line      0x001bb1        0xba2 build/default/production/_ext/1431490294/TCP.o
 .debug_line      0x002753        0x3a2 build/default/production/_ext/1431490294/DynDNS.o
 .debug_line      0x002af5         0x58 build/default/production/_ext/1360937237/doubleify.o
 .debug_line      0x002b4d        0x12c build/default/production/_ext/1431490294/ICMP.o
 .debug_line      0x002c79       0x15f4 build/default/production/_ext/1360937237/Voter.o

.debug_frame      0x000000       0x271a
 *(.debug_frame)
 .debug_frame     0x000000         0xb6 build/default/production/_ext/1431490294/ARP.o
 .debug_frame     0x0000b6         0x48 build/default/production/_ext/1431490294/Delay.o
 .debug_frame     0x0000fe        0x108 build/default/production/_ext/1431490294/DHCP.o
 .debug_frame     0x000206         0xcc build/default/production/_ext/1431490294/DNS.o
 .debug_frame     0x0002d2        0x3e4 build/default/production/_ext/1431490294/ENC28J60.o
 .debug_frame     0x0006b6        0x1c6 build/default/production/_ext/1431490294/Helpers.o
 .debug_frame     0x00087c         0x6c build/default/production/_ext/1431490294/IP.o
 .debug_frame     0x0008e8         0xfe build/default/production/_ext/1431490294/SPIEEPROM.o
 .debug_frame     0x0009e6         0x64 build/default/production/_ext/1431490294/StackTsk.o
 .debug_frame     0x000a4a         0xc6 build/default/production/_ext/1431490294/Tick.o
 .debug_frame     0x000b10        0x246 build/default/production/_ext/1431490294/UART.o
 .debug_frame     0x000d56        0x182 build/default/production/_ext/1431490294/UDP.o
 .debug_frame     0x000ed8         0x6a build/default/production/_ext/1360937237/squelch.o
 .debug_frame     0x000f42         0xc8 build/default/production/_ext/1431490294/Telnet.o
 .debug_frame     0x00100a        0x418 build/default/production/_ext/1431490294/TCP.o
 .debug_frame     0x001422         0x98 build/default/production/_ext/1431490294/DynDNS.o
 .debug_frame     0x0014ba         0x36 build/default/production/_ext/1360937237/doubleify.o
 .debug_frame     0x0014f0         0xac build/default/production/_ext/1431490294/ICMP.o
 .debug_frame     0x00159c       0x117e build/default/production/_ext/1360937237/Voter.o

.debug_str        0x000000        0xbc1
 *(.debug_str)
 .debug_str       0x000000         0x18 build/default/production/_ext/1431490294/ARP.o
 .debug_str       0x000018         0x48 build/default/production/_ext/1431490294/DHCP.o
 .debug_str       0x000060          0xa build/default/production/_ext/1431490294/DNS.o
 .debug_str       0x00006a         0xbf build/default/production/_ext/1431490294/ENC28J60.o
 .debug_str       0x000129          0x9 build/default/production/_ext/1431490294/Helpers.o
 .debug_str       0x000132         0x13 build/default/production/_ext/1431490294/IP.o
 .debug_str       0x000145         0x5a build/default/production/_ext/1431490294/SPIEEPROM.o
 .debug_str       0x00019f         0x15 build/default/production/_ext/1431490294/StackTsk.o
 .debug_str       0x0001b4         0x25 build/default/production/_ext/1431490294/Tick.o
 .debug_str       0x0001d9         0x84 build/default/production/_ext/1431490294/UART.o
 .debug_str       0x00025d         0x74 build/default/production/_ext/1431490294/UDP.o
 .debug_str       0x0002d1         0x4f build/default/production/_ext/1360937237/squelch.o
 .debug_str       0x000320         0x46 build/default/production/_ext/1431490294/Telnet.o
 .debug_str       0x000366         0xcb build/default/production/_ext/1431490294/TCP.o
 .debug_str       0x000431         0x55 build/default/production/_ext/1431490294/DynDNS.o
 .debug_str       0x000486        0x73b build/default/production/_ext/1360937237/Voter.o

.debug_loc
 *(.debug_loc)

.debug_macinfo
 *(.debug_macinfo)

.debug_pubnames
                  0x000000       0x192d
 *(.debug_pubnames)
 .debug_pubnames
                  0x000000         0x60 build/default/production/_ext/1431490294/ARP.o
 .debug_pubnames
                  0x000060         0x2c build/default/production/_ext/1431490294/Delay.o
 .debug_pubnames
                  0x00008c         0xb9 build/default/production/_ext/1431490294/DHCP.o
 .debug_pubnames
                  0x000145         0x55 build/default/production/_ext/1431490294/DNS.o
 .debug_pubnames
                  0x00019a        0x1c4 build/default/production/_ext/1431490294/ENC28J60.o
 .debug_pubnames
                  0x00035e        0x10d build/default/production/_ext/1431490294/Helpers.o
 .debug_pubnames
                  0x00046b         0x44 build/default/production/_ext/1431490294/IP.o
 .debug_pubnames
                  0x0004af         0xaa build/default/production/_ext/1431490294/SPIEEPROM.o
 .debug_pubnames
                  0x000559         0x53 build/default/production/_ext/1431490294/StackTsk.o
 .debug_pubnames
                  0x0005ac         0x7e build/default/production/_ext/1431490294/Tick.o
 .debug_pubnames
                  0x00062a        0x154 build/default/production/_ext/1431490294/UART.o
 .debug_pubnames
                  0x00077e        0x143 build/default/production/_ext/1431490294/UDP.o
 .debug_pubnames
                  0x0008c1         0x89 build/default/production/_ext/1360937237/squelch.o
 .debug_pubnames
                  0x00094a         0x89 build/default/production/_ext/1431490294/Telnet.o
 .debug_pubnames
                  0x0009d3        0x1ba build/default/production/_ext/1431490294/TCP.o
 .debug_pubnames
                  0x000b8d         0x9f build/default/production/_ext/1431490294/DynDNS.o
 .debug_pubnames
                  0x000c2c         0x20 build/default/production/_ext/1360937237/doubleify.o
 .debug_pubnames
                  0x000c4c         0x7f build/default/production/_ext/1431490294/ICMP.o
 .debug_pubnames
                  0x000ccb        0xc62 build/default/production/_ext/1360937237/Voter.o

.debug_ranges
 *(.debug_ranges)

.debug_aranges    0x000000        0x1c8
 *(.debug_aranges)
 .debug_aranges
                  0x000000         0x18 build/default/production/_ext/1431490294/ARP.o
 .debug_aranges
                  0x000018         0x18 build/default/production/_ext/1431490294/Delay.o
 .debug_aranges
                  0x000030         0x18 build/default/production/_ext/1431490294/DHCP.o
 .debug_aranges
                  0x000048         0x18 build/default/production/_ext/1431490294/DNS.o
 .debug_aranges
                  0x000060         0x18 build/default/production/_ext/1431490294/ENC28J60.o
 .debug_aranges
                  0x000078         0x18 build/default/production/_ext/1431490294/Helpers.o
 .debug_aranges
                  0x000090         0x18 build/default/production/_ext/1431490294/IP.o
 .debug_aranges
                  0x0000a8         0x18 build/default/production/_ext/1431490294/SPIEEPROM.o
 .debug_aranges
                  0x0000c0         0x18 build/default/production/_ext/1431490294/StackTsk.o
 .debug_aranges
                  0x0000d8         0x18 build/default/production/_ext/1431490294/Tick.o
 .debug_aranges
                  0x0000f0         0x18 build/default/production/_ext/1431490294/UART.o
 .debug_aranges
                  0x000108         0x18 build/default/production/_ext/1431490294/UDP.o
 .debug_aranges
                  0x000120         0x18 build/default/production/_ext/1360937237/squelch.o
 .debug_aranges
                  0x000138         0x18 build/default/production/_ext/1431490294/Telnet.o
 .debug_aranges
                  0x000150         0x18 build/default/production/_ext/1431490294/TCP.o
 .debug_aranges
                  0x000168         0x18 build/default/production/_ext/1431490294/DynDNS.o
 .debug_aranges
                  0x000180         0x18 build/default/production/_ext/1360937237/doubleify.o
 .debug_aranges
                  0x000198         0x18 build/default/production/_ext/1431490294/ICMP.o
 .debug_aranges
                  0x0001b0         0x18 build/default/production/_ext/1360937237/Voter.o
                    0x0000                  WREG0 = 0x0
                    0x0000                  _WREG0 = 0x0
                    0x0002                  WREG1 = 0x2
                    0x0002                  _WREG1 = 0x2
                    0x0004                  WREG2 = 0x4
                    0x0004                  _WREG2 = 0x4
                    0x0006                  WREG3 = 0x6
                    0x0006                  _WREG3 = 0x6
                    0x0008                  WREG4 = 0x8
                    0x0008                  _WREG4 = 0x8
                    0x000a                  WREG5 = 0xa
                    0x000a                  _WREG5 = 0xa
                    0x000c                  WREG6 = 0xc
                    0x000c                  _WREG6 = 0xc
                    0x000e                  WREG7 = 0xe
                    0x000e                  _WREG7 = 0xe
                    0x0010                  WREG8 = 0x10
                    0x0010                  _WREG8 = 0x10
                    0x0012                  WREG9 = 0x12
                    0x0012                  _WREG9 = 0x12
                    0x0014                  WREG10 = 0x14
                    0x0014                  _WREG10 = 0x14
                    0x0016                  WREG11 = 0x16
                    0x0016                  _WREG11 = 0x16
                    0x0018                  WREG12 = 0x18
                    0x0018                  _WREG12 = 0x18
                    0x001a                  WREG13 = 0x1a
                    0x001a                  _WREG13 = 0x1a
                    0x001c                  WREG14 = 0x1c
                    0x001c                  _WREG14 = 0x1c
                    0x001e                  WREG15 = 0x1e
                    0x001e                  _WREG15 = 0x1e
                    0x0020                  SPLIM = 0x20
                    0x0020                  _SPLIM = 0x20
                    0x0022                  ACCAL = 0x22
                    0x0022                  _ACCAL = 0x22
                    0x0024                  ACCAH = 0x24
                    0x0024                  _ACCAH = 0x24
                    0x0026                  ACCAU = 0x26
                    0x0026                  _ACCAU = 0x26
                    0x0028                  ACCBL = 0x28
                    0x0028                  _ACCBL = 0x28
                    0x002a                  ACCBH = 0x2a
                    0x002a                  _ACCBH = 0x2a
                    0x002c                  ACCBU = 0x2c
                    0x002c                  _ACCBU = 0x2c
                    0x002e                  PCL = 0x2e
                    0x002e                  _PCL = 0x2e
                    0x0030                  PCH = 0x30
                    0x0030                  _PCH = 0x30
                    0x0032                  TBLPAG = 0x32
                    0x0032                  _TBLPAG = 0x32
                    0x0034                  PSVPAG = 0x34
                    0x0034                  _PSVPAG = 0x34
                    0x0036                  RCOUNT = 0x36
                    0x0036                  _RCOUNT = 0x36
                    0x0038                  DCOUNT = 0x38
                    0x0038                  _DCOUNT = 0x38
                    0x003a                  DOSTARTL = 0x3a
                    0x003a                  _DOSTARTL = 0x3a
                    0x003c                  DOSTARTH = 0x3c
                    0x003c                  _DOSTARTH = 0x3c
                    0x003e                  DOENDL = 0x3e
                    0x003e                  _DOENDL = 0x3e
                    0x0040                  DOENDH = 0x40
                    0x0040                  _DOENDH = 0x40
                    0x0042                  SR = 0x42
                    0x0042                  _SR = 0x42
                    0x0042                  _SRbits = 0x42
                    0x0044                  CORCON = 0x44
                    0x0044                  _CORCON = 0x44
                    0x0044                  _CORCONbits = 0x44
                    0x0046                  MODCON = 0x46
                    0x0046                  _MODCON = 0x46
                    0x0046                  _MODCONbits = 0x46
                    0x0048                  XMODSRT = 0x48
                    0x0048                  _XMODSRT = 0x48
                    0x004a                  XMODEND = 0x4a
                    0x004a                  _XMODEND = 0x4a
                    0x004c                  YMODSRT = 0x4c
                    0x004c                  _YMODSRT = 0x4c
                    0x004e                  YMODEND = 0x4e
                    0x004e                  _YMODEND = 0x4e
                    0x0050                  XBREV = 0x50
                    0x0050                  _XBREV = 0x50
                    0x0050                  _XBREVbits = 0x50
                    0x0052                  DISICNT = 0x52
                    0x0052                  _DISICNT = 0x52
                    0x0060                  CNEN1 = 0x60
                    0x0060                  _CNEN1 = 0x60
                    0x0060                  _CNEN1bits = 0x60
                    0x0062                  CNEN2 = 0x62
                    0x0062                  _CNEN2 = 0x62
                    0x0062                  _CNEN2bits = 0x62
                    0x0068                  CNPU1 = 0x68
                    0x0068                  _CNPU1 = 0x68
                    0x0068                  _CNPU1bits = 0x68
                    0x006a                  CNPU2 = 0x6a
                    0x006a                  _CNPU2 = 0x6a
                    0x006a                  _CNPU2bits = 0x6a
                    0x0080                  INTCON1 = 0x80
                    0x0080                  _INTCON1 = 0x80
                    0x0080                  _INTCON1bits = 0x80
                    0x0082                  INTCON2 = 0x82
                    0x0082                  _INTCON2 = 0x82
                    0x0082                  _INTCON2bits = 0x82
                    0x0084                  IFS0 = 0x84
                    0x0084                  _IFS0 = 0x84
                    0x0084                  _IFS0bits = 0x84
                    0x0086                  IFS1 = 0x86
                    0x0086                  _IFS1 = 0x86
                    0x0086                  _IFS1bits = 0x86
                    0x0088                  IFS2 = 0x88
                    0x0088                  _IFS2 = 0x88
                    0x0088                  _IFS2bits = 0x88
                    0x008a                  IFS3 = 0x8a
                    0x008a                  _IFS3 = 0x8a
                    0x008a                  _IFS3bits = 0x8a
                    0x008c                  IFS4 = 0x8c
                    0x008c                  _IFS4 = 0x8c
                    0x008c                  _IFS4bits = 0x8c
                    0x0094                  IEC0 = 0x94
                    0x0094                  _IEC0 = 0x94
                    0x0094                  _IEC0bits = 0x94
                    0x0096                  IEC1 = 0x96
                    0x0096                  _IEC1 = 0x96
                    0x0096                  _IEC1bits = 0x96
                    0x0098                  IEC2 = 0x98
                    0x0098                  _IEC2 = 0x98
                    0x0098                  _IEC2bits = 0x98
                    0x009a                  IEC3 = 0x9a
                    0x009a                  _IEC3 = 0x9a
                    0x009a                  _IEC3bits = 0x9a
                    0x009c                  IEC4 = 0x9c
                    0x009c                  _IEC4 = 0x9c
                    0x009c                  _IEC4bits = 0x9c
                    0x00a4                  IPC0 = 0xa4
                    0x00a4                  _IPC0 = 0xa4
                    0x00a4                  _IPC0bits = 0xa4
                    0x00a6                  IPC1 = 0xa6
                    0x00a6                  _IPC1 = 0xa6
                    0x00a6                  _IPC1bits = 0xa6
                    0x00a8                  IPC2 = 0xa8
                    0x00a8                  _IPC2 = 0xa8
                    0x00a8                  _IPC2bits = 0xa8
                    0x00aa                  IPC3 = 0xaa
                    0x00aa                  _IPC3 = 0xaa
                    0x00aa                  _IPC3bits = 0xaa
                    0x00ac                  IPC4 = 0xac
                    0x00ac                  _IPC4 = 0xac
                    0x00ac                  _IPC4bits = 0xac
                    0x00ae                  IPC5 = 0xae
                    0x00ae                  _IPC5 = 0xae
                    0x00ae                  _IPC5bits = 0xae
                    0x00b0                  IPC6 = 0xb0
                    0x00b0                  _IPC6 = 0xb0
                    0x00b0                  _IPC6bits = 0xb0
                    0x00b2                  IPC7 = 0xb2
                    0x00b2                  _IPC7 = 0xb2
                    0x00b2                  _IPC7bits = 0xb2
                    0x00b4                  IPC8 = 0xb4
                    0x00b4                  _IPC8 = 0xb4
                    0x00b4                  _IPC8bits = 0xb4
                    0x00b6                  IPC9 = 0xb6
                    0x00b6                  _IPC9 = 0xb6
                    0x00b6                  _IPC9bits = 0xb6
                    0x00ba                  IPC11 = 0xba
                    0x00ba                  _IPC11 = 0xba
                    0x00ba                  _IPC11bits = 0xba
                    0x00c0                  IPC14 = 0xc0
                    0x00c0                  _IPC14 = 0xc0
                    0x00c0                  _IPC14bits = 0xc0
                    0x00c2                  IPC15 = 0xc2
                    0x00c2                  _IPC15 = 0xc2
                    0x00c2                  _IPC15bits = 0xc2
                    0x00c4                  IPC16 = 0xc4
                    0x00c4                  _IPC16 = 0xc4
                    0x00c4                  _IPC16bits = 0xc4
                    0x00c6                  IPC17 = 0xc6
                    0x00c6                  _IPC17 = 0xc6
                    0x00c6                  _IPC17bits = 0xc6
                    0x00ca                  IPC19 = 0xca
                    0x00ca                  _IPC19 = 0xca
                    0x00ca                  _IPC19bits = 0xca
                    0x00e0                  INTTREG = 0xe0
                    0x00e0                  _INTTREG = 0xe0
                    0x00e0                  _INTTREGbits = 0xe0
                    0x0100                  TMR1 = 0x100
                    0x0100                  _TMR1 = 0x100
                    0x0102                  PR1 = 0x102
                    0x0102                  _PR1 = 0x102
                    0x0104                  T1CON = 0x104
                    0x0104                  _T1CON = 0x104
                    0x0104                  _T1CONbits = 0x104
                    0x0106                  TMR2 = 0x106
                    0x0106                  _TMR2 = 0x106
                    0x0108                  TMR3HLD = 0x108
                    0x0108                  _TMR3HLD = 0x108
                    0x010a                  TMR3 = 0x10a
                    0x010a                  _TMR3 = 0x10a
                    0x010c                  PR2 = 0x10c
                    0x010c                  _PR2 = 0x10c
                    0x010e                  PR3 = 0x10e
                    0x010e                  _PR3 = 0x10e
                    0x0110                  T2CON = 0x110
                    0x0110                  _T2CON = 0x110
                    0x0110                  _T2CONbits = 0x110
                    0x0112                  T3CON = 0x112
                    0x0112                  _T3CON = 0x112
                    0x0112                  _T3CONbits = 0x112
                    0x0114                  TMR4 = 0x114
                    0x0114                  _TMR4 = 0x114
                    0x0116                  TMR5HLD = 0x116
                    0x0116                  _TMR5HLD = 0x116
                    0x0118                  TMR5 = 0x118
                    0x0118                  _TMR5 = 0x118
                    0x011a                  PR4 = 0x11a
                    0x011a                  _PR4 = 0x11a
                    0x011c                  PR5 = 0x11c
                    0x011c                  _PR5 = 0x11c
                    0x011e                  T4CON = 0x11e
                    0x011e                  _T4CON = 0x11e
                    0x011e                  _T4CONbits = 0x11e
                    0x0120                  T5CON = 0x120
                    0x0120                  _T5CON = 0x120
                    0x0120                  _T5CONbits = 0x120
                    0x0140                  IC1BUF = 0x140
                    0x0140                  _IC1BUF = 0x140
                    0x0142                  IC1CON = 0x142
                    0x0142                  _IC1CON = 0x142
                    0x0142                  _IC1CONbits = 0x142
                    0x0144                  IC2BUF = 0x144
                    0x0144                  _IC2BUF = 0x144
                    0x0146                  IC2CON = 0x146
                    0x0146                  _IC2CON = 0x146
                    0x0146                  _IC2CONbits = 0x146
                    0x0158                  IC7BUF = 0x158
                    0x0158                  _IC7BUF = 0x158
                    0x015a                  IC7CON = 0x15a
                    0x015a                  _IC7CON = 0x15a
                    0x015a                  _IC7CONbits = 0x15a
                    0x015c                  IC8BUF = 0x15c
                    0x015c                  _IC8BUF = 0x15c
                    0x015e                  IC8CON = 0x15e
                    0x015e                  _IC8CON = 0x15e
                    0x015e                  _IC8CONbits = 0x15e
                    0x0180                  OC1RS = 0x180
                    0x0180                  _OC1RS = 0x180
                    0x0182                  OC1R = 0x182
                    0x0182                  _OC1R = 0x182
                    0x0184                  OC1CON = 0x184
                    0x0184                  _OC1CON = 0x184
                    0x0184                  _OC1CONbits = 0x184
                    0x0186                  OC2RS = 0x186
                    0x0186                  _OC2RS = 0x186
                    0x0188                  OC2R = 0x188
                    0x0188                  _OC2R = 0x188
                    0x018a                  OC2CON = 0x18a
                    0x018a                  _OC2CON = 0x18a
                    0x018a                  _OC2CONbits = 0x18a
                    0x018c                  OC3RS = 0x18c
                    0x018c                  _OC3RS = 0x18c
                    0x018e                  OC3R = 0x18e
                    0x018e                  _OC3R = 0x18e
                    0x0190                  OC3CON = 0x190
                    0x0190                  _OC3CON = 0x190
                    0x0190                  _OC3CONbits = 0x190
                    0x0192                  OC4RS = 0x192
                    0x0192                  _OC4RS = 0x192
                    0x0194                  OC4R = 0x194
                    0x0194                  _OC4R = 0x194
                    0x0196                  OC4CON = 0x196
                    0x0196                  _OC4CON = 0x196
                    0x0196                  _OC4CONbits = 0x196
                    0x0200                  I2C1RCV = 0x200
                    0x0200                  _I2C1RCV = 0x200
                    0x0200                  I2CRCV = 0x200
                    0x0200                  _I2CRCV = 0x200
                    0x0202                  I2C1TRN = 0x202
                    0x0202                  _I2C1TRN = 0x202
                    0x0202                  I2CTRN = 0x202
                    0x0202                  _I2CTRN = 0x202
                    0x0204                  I2C1BRG = 0x204
                    0x0204                  _I2C1BRG = 0x204
                    0x0206                  I2C1CON = 0x206
                    0x0206                  _I2C1CON = 0x206
                    0x0206                  _I2C1CONbits = 0x206
                    0x0206                  I2CCON = 0x206
                    0x0206                  _I2CCON = 0x206
                    0x0206                  _I2CCONbits = 0x206
                    0x0208                  I2C1STAT = 0x208
                    0x0208                  _I2C1STAT = 0x208
                    0x0208                  _I2C1STATbits = 0x208
                    0x0208                  I2CSTAT = 0x208
                    0x0208                  _I2CSTAT = 0x208
                    0x0208                  _I2CSTATbits = 0x208
                    0x020a                  I2C1ADD = 0x20a
                    0x020a                  _I2C1ADD = 0x20a
                    0x020a                  I2CADD = 0x20a
                    0x020a                  _I2CADD = 0x20a
                    0x020c                  I2C1MSK = 0x20c
                    0x020c                  _I2C1MSK = 0x20c
                    0x0220                  U1MODE = 0x220
                    0x0220                  _U1MODE = 0x220
                    0x0220                  _U1MODEbits = 0x220
                    0x0222                  U1STA = 0x222
                    0x0222                  _U1STA = 0x222
                    0x0222                  _U1STAbits = 0x222
                    0x0224                  U1TXREG = 0x224
                    0x0224                  _U1TXREG = 0x224
                    0x0224                  _U1TXREGbits = 0x224
                    0x0226                  U1RXREG = 0x226
                    0x0226                  _U1RXREG = 0x226
                    0x0226                  _U1RXREGbits = 0x226
                    0x0228                  U1BRG = 0x228
                    0x0228                  _U1BRG = 0x228
                    0x0230                  U2MODE = 0x230
                    0x0230                  _U2MODE = 0x230
                    0x0230                  _U2MODEbits = 0x230
                    0x0232                  U2STA = 0x232
                    0x0232                  _U2STA = 0x232
                    0x0232                  _U2STAbits = 0x232
                    0x0234                  U2TXREG = 0x234
                    0x0234                  _U2TXREG = 0x234
                    0x0234                  _U2TXREGbits = 0x234
                    0x0236                  U2RXREG = 0x236
                    0x0236                  _U2RXREG = 0x236
                    0x0236                  _U2RXREGbits = 0x236
                    0x0238                  U2BRG = 0x238
                    0x0238                  _U2BRG = 0x238
                    0x0240                  SPI1STAT = 0x240
                    0x0240                  _SPI1STAT = 0x240
                    0x0240                  _SPI1STATbits = 0x240
                    0x0242                  SPI1CON1 = 0x242
                    0x0242                  _SPI1CON1 = 0x242
                    0x0242                  _SPI1CON1bits = 0x242
                    0x0244                  SPI1CON2 = 0x244
                    0x0244                  _SPI1CON2 = 0x244
                    0x0244                  _SPI1CON2bits = 0x244
                    0x0248                  SPI1BUF = 0x248
                    0x0248                  _SPI1BUF = 0x248
                    0x0260                  SPI2STAT = 0x260
                    0x0260                  _SPI2STAT = 0x260
                    0x0260                  _SPI2STATbits = 0x260
                    0x0262                  SPI2CON1 = 0x262
                    0x0262                  _SPI2CON1 = 0x262
                    0x0262                  _SPI2CON1bits = 0x262
                    0x0264                  SPI2CON2 = 0x264
                    0x0264                  _SPI2CON2 = 0x264
                    0x0264                  _SPI2CON2bits = 0x264
                    0x0268                  SPI2BUF = 0x268
                    0x0268                  _SPI2BUF = 0x268
                    0x0280                  DCICON1 = 0x280
                    0x0280                  _DCICON1 = 0x280
                    0x0280                  _DCICON1bits = 0x280
                    0x0282                  DCICON2 = 0x282
                    0x0282                  _DCICON2 = 0x282
                    0x0282                  _DCICON2bits = 0x282
                    0x0284                  DCICON3 = 0x284
                    0x0284                  _DCICON3 = 0x284
                    0x0284                  _DCICON3bits = 0x284
                    0x0286                  DCISTAT = 0x286
                    0x0286                  _DCISTAT = 0x286
                    0x0286                  _DCISTATbits = 0x286
                    0x0288                  TSCON = 0x288
                    0x0288                  _TSCON = 0x288
                    0x0288                  _TSCONbits = 0x288
                    0x028c                  RSCON = 0x28c
                    0x028c                  _RSCON = 0x28c
                    0x028c                  _RSCONbits = 0x28c
                    0x0290                  RXBUF0 = 0x290
                    0x0290                  _RXBUF0 = 0x290
                    0x0292                  RXBUF1 = 0x292
                    0x0292                  _RXBUF1 = 0x292
                    0x0294                  RXBUF2 = 0x294
                    0x0294                  _RXBUF2 = 0x294
                    0x0296                  RXBUF3 = 0x296
                    0x0296                  _RXBUF3 = 0x296
                    0x0298                  TXBUF0 = 0x298
                    0x0298                  _TXBUF0 = 0x298
                    0x029a                  TXBUF1 = 0x29a
                    0x029a                  _TXBUF1 = 0x29a
                    0x029c                  TXBUF2 = 0x29c
                    0x029c                  _TXBUF2 = 0x29c
                    0x029e                  TXBUF3 = 0x29e
                    0x029e                  _TXBUF3 = 0x29e
                    0x02c0                  TRISA = 0x2c0
                    0x02c0                  _TRISA = 0x2c0
                    0x02c0                  _TRISAbits = 0x2c0
                    0x02c2                  PORTA = 0x2c2
                    0x02c2                  _PORTA = 0x2c2
                    0x02c2                  _PORTAbits = 0x2c2
                    0x02c4                  LATA = 0x2c4
                    0x02c4                  _LATA = 0x2c4
                    0x02c4                  _LATAbits = 0x2c4
                    0x02c6                  ODCA = 0x2c6
                    0x02c6                  _ODCA = 0x2c6
                    0x02c6                  _ODCAbits = 0x2c6
                    0x02c8                  TRISB = 0x2c8
                    0x02c8                  _TRISB = 0x2c8
                    0x02c8                  _TRISBbits = 0x2c8
                    0x02ca                  PORTB = 0x2ca
                    0x02ca                  _PORTB = 0x2ca
                    0x02ca                  _PORTBbits = 0x2ca
                    0x02cc                  LATB = 0x2cc
                    0x02cc                  _LATB = 0x2cc
                    0x02cc                  _LATBbits = 0x2cc
                    0x02ce                  ODCB = 0x2ce
                    0x02ce                  _ODCB = 0x2ce
                    0x02ce                  _ODCBbits = 0x2ce
                    0x02d0                  TRISC = 0x2d0
                    0x02d0                  _TRISC = 0x2d0
                    0x02d0                  _TRISCbits = 0x2d0
                    0x02d2                  PORTC = 0x2d2
                    0x02d2                  _PORTC = 0x2d2
                    0x02d2                  _PORTCbits = 0x2d2
                    0x02d4                  LATC = 0x2d4
                    0x02d4                  _LATC = 0x2d4
                    0x02d4                  _LATCbits = 0x2d4
                    0x02d6                  ODCC = 0x2d6
                    0x02d6                  _ODCC = 0x2d6
                    0x02d6                  _ODCCbits = 0x2d6
                    0x02fc                  PADCFG1 = 0x2fc
                    0x02fc                  _PADCFG1 = 0x2fc
                    0x02fc                  _PADCFG1bits = 0x2fc
                    0x0300                  ADC1BUF0 = 0x300
                    0x0300                  _ADC1BUF0 = 0x300
                    0x0300                  ADCBUF0 = 0x300
                    0x0300                  _ADCBUF0 = 0x300
                    0x0320                  AD1CON1 = 0x320
                    0x0320                  _AD1CON1 = 0x320
                    0x0320                  _AD1CON1bits = 0x320
                    0x0322                  AD1CON2 = 0x322
                    0x0322                  _AD1CON2 = 0x322
                    0x0322                  _AD1CON2bits = 0x322
                    0x0324                  AD1CON3 = 0x324
                    0x0324                  _AD1CON3 = 0x324
                    0x0324                  _AD1CON3bits = 0x324
                    0x0326                  AD1CHS123 = 0x326
                    0x0326                  _AD1CHS123 = 0x326
                    0x0326                  _AD1CHS123bits = 0x326
                    0x0328                  AD1CHS0 = 0x328
                    0x0328                  _AD1CHS0 = 0x328
                    0x0328                  _AD1CHS0bits = 0x328
                    0x032c                  AD1PCFGL = 0x32c
                    0x032c                  _AD1PCFGL = 0x32c
                    0x032c                  _AD1PCFGLbits = 0x32c
                    0x032c                  ADPCFG = 0x32c
                    0x032c                  _ADPCFG = 0x32c
                    0x032c                  _ADPCFGbits = 0x32c
                    0x0330                  AD1CSSL = 0x330
                    0x0330                  _AD1CSSL = 0x330
                    0x0330                  _AD1CSSLbits = 0x330
                    0x0332                  AD1CON4 = 0x332
                    0x0332                  _AD1CON4 = 0x332
                    0x0332                  _AD1CON4bits = 0x332
                    0x0380                  DMA0CON = 0x380
                    0x0380                  _DMA0CON = 0x380
                    0x0380                  _DMA0CONbits = 0x380
                    0x0382                  DMA0REQ = 0x382
                    0x0382                  _DMA0REQ = 0x382
                    0x0382                  _DMA0REQbits = 0x382
                    0x0384                  DMA0STA = 0x384
                    0x0384                  _DMA0STA = 0x384
                    0x0386                  DMA0STB = 0x386
                    0x0386                  _DMA0STB = 0x386
                    0x0388                  DMA0PAD = 0x388
                    0x0388                  _DMA0PAD = 0x388
                    0x038a                  DMA0CNT = 0x38a
                    0x038a                  _DMA0CNT = 0x38a
                    0x038c                  DMA1CON = 0x38c
                    0x038c                  _DMA1CON = 0x38c
                    0x038c                  _DMA1CONbits = 0x38c
                    0x038e                  DMA1REQ = 0x38e
                    0x038e                  _DMA1REQ = 0x38e
                    0x038e                  _DMA1REQbits = 0x38e
                    0x0390                  DMA1STA = 0x390
                    0x0390                  _DMA1STA = 0x390
                    0x0392                  DMA1STB = 0x392
                    0x0392                  _DMA1STB = 0x392
                    0x0394                  DMA1PAD = 0x394
                    0x0394                  _DMA1PAD = 0x394
                    0x0396                  DMA1CNT = 0x396
                    0x0396                  _DMA1CNT = 0x396
                    0x0398                  DMA2CON = 0x398
                    0x0398                  _DMA2CON = 0x398
                    0x0398                  _DMA2CONbits = 0x398
                    0x039a                  DMA2REQ = 0x39a
                    0x039a                  _DMA2REQ = 0x39a
                    0x039a                  _DMA2REQbits = 0x39a
                    0x039c                  DMA2STA = 0x39c
                    0x039c                  _DMA2STA = 0x39c
                    0x039e                  DMA2STB = 0x39e
                    0x039e                  _DMA2STB = 0x39e
                    0x03a0                  DMA2PAD = 0x3a0
                    0x03a0                  _DMA2PAD = 0x3a0
                    0x03a2                  DMA2CNT = 0x3a2
                    0x03a2                  _DMA2CNT = 0x3a2
                    0x03a4                  DMA3CON = 0x3a4
                    0x03a4                  _DMA3CON = 0x3a4
                    0x03a4                  _DMA3CONbits = 0x3a4
                    0x03a6                  DMA3REQ = 0x3a6
                    0x03a6                  _DMA3REQ = 0x3a6
                    0x03a6                  _DMA3REQbits = 0x3a6
                    0x03a8                  DMA3STA = 0x3a8
                    0x03a8                  _DMA3STA = 0x3a8
                    0x03aa                  DMA3STB = 0x3aa
                    0x03aa                  _DMA3STB = 0x3aa
                    0x03ac                  DMA3PAD = 0x3ac
                    0x03ac                  _DMA3PAD = 0x3ac
                    0x03ae                  DMA3CNT = 0x3ae
                    0x03ae                  _DMA3CNT = 0x3ae
                    0x03b0                  DMA4CON = 0x3b0
                    0x03b0                  _DMA4CON = 0x3b0
                    0x03b0                  _DMA4CONbits = 0x3b0
                    0x03b2                  DMA4REQ = 0x3b2
                    0x03b2                  _DMA4REQ = 0x3b2
                    0x03b2                  _DMA4REQbits = 0x3b2
                    0x03b4                  DMA4STA = 0x3b4
                    0x03b4                  _DMA4STA = 0x3b4
                    0x03b6                  DMA4STB = 0x3b6
                    0x03b6                  _DMA4STB = 0x3b6
                    0x03b8                  DMA4PAD = 0x3b8
                    0x03b8                  _DMA4PAD = 0x3b8
                    0x03ba                  DMA4CNT = 0x3ba
                    0x03ba                  _DMA4CNT = 0x3ba
                    0x03bc                  DMA5CON = 0x3bc
                    0x03bc                  _DMA5CON = 0x3bc
                    0x03bc                  _DMA5CONbits = 0x3bc
                    0x03be                  DMA5REQ = 0x3be
                    0x03be                  _DMA5REQ = 0x3be
                    0x03be                  _DMA5REQbits = 0x3be
                    0x03c0                  DMA5STA = 0x3c0
                    0x03c0                  _DMA5STA = 0x3c0
                    0x03c2                  DMA5STB = 0x3c2
                    0x03c2                  _DMA5STB = 0x3c2
                    0x03c4                  DMA5PAD = 0x3c4
                    0x03c4                  _DMA5PAD = 0x3c4
                    0x03c6                  DMA5CNT = 0x3c6
                    0x03c6                  _DMA5CNT = 0x3c6
                    0x03c8                  DMA6CON = 0x3c8
                    0x03c8                  _DMA6CON = 0x3c8
                    0x03c8                  _DMA6CONbits = 0x3c8
                    0x03ca                  DMA6REQ = 0x3ca
                    0x03ca                  _DMA6REQ = 0x3ca
                    0x03ca                  _DMA6REQbits = 0x3ca
                    0x03cc                  DMA6STA = 0x3cc
                    0x03cc                  _DMA6STA = 0x3cc
                    0x03ce                  DMA6STB = 0x3ce
                    0x03ce                  _DMA6STB = 0x3ce
                    0x03d0                  DMA6PAD = 0x3d0
                    0x03d0                  _DMA6PAD = 0x3d0
                    0x03d2                  DMA6CNT = 0x3d2
                    0x03d2                  _DMA6CNT = 0x3d2
                    0x03d4                  DMA7CON = 0x3d4
                    0x03d4                  _DMA7CON = 0x3d4
                    0x03d4                  _DMA7CONbits = 0x3d4
                    0x03d6                  DMA7REQ = 0x3d6
                    0x03d6                  _DMA7REQ = 0x3d6
                    0x03d6                  _DMA7REQbits = 0x3d6
                    0x03d8                  DMA7STA = 0x3d8
                    0x03d8                  _DMA7STA = 0x3d8
                    0x03da                  DMA7STB = 0x3da
                    0x03da                  _DMA7STB = 0x3da
                    0x03dc                  DMA7PAD = 0x3dc
                    0x03dc                  _DMA7PAD = 0x3dc
                    0x03de                  DMA7CNT = 0x3de
                    0x03de                  _DMA7CNT = 0x3de
                    0x03e0                  DMACS0 = 0x3e0
                    0x03e0                  _DMACS0 = 0x3e0
                    0x03e0                  _DMACS0bits = 0x3e0
                    0x03e2                  DMACS1 = 0x3e2
                    0x03e2                  _DMACS1 = 0x3e2
                    0x03e2                  _DMACS1bits = 0x3e2
                    0x03e4                  DSADR = 0x3e4
                    0x03e4                  _DSADR = 0x3e4
                    0x03f0                  DAC1CON = 0x3f0
                    0x03f0                  _DAC1CON = 0x3f0
                    0x03f0                  _DAC1CONbits = 0x3f0
                    0x03f2                  DAC1STAT = 0x3f2
                    0x03f2                  _DAC1STAT = 0x3f2
                    0x03f2                  _DAC1STATbits = 0x3f2
                    0x03f4                  DAC1DFLT = 0x3f4
                    0x03f4                  _DAC1DFLT = 0x3f4
                    0x03f6                  DAC1RDAT = 0x3f6
                    0x03f6                  _DAC1RDAT = 0x3f6
                    0x03f8                  DAC1LDAT = 0x3f8
                    0x03f8                  _DAC1LDAT = 0x3f8
                    0x0400                  C1CTRL1 = 0x400
                    0x0400                  _C1CTRL1 = 0x400
                    0x0400                  _C1CTRL1bits = 0x400
                    0x0402                  C1CTRL2 = 0x402
                    0x0402                  _C1CTRL2 = 0x402
                    0x0402                  _C1CTRL2bits = 0x402
                    0x0404                  C1VEC = 0x404
                    0x0404                  _C1VEC = 0x404
                    0x0404                  _C1VECbits = 0x404
                    0x0406                  C1FCTRL = 0x406
                    0x0406                  _C1FCTRL = 0x406
                    0x0406                  _C1FCTRLbits = 0x406
                    0x0408                  C1FIFO = 0x408
                    0x0408                  _C1FIFO = 0x408
                    0x0408                  _C1FIFObits = 0x408
                    0x040a                  C1INTF = 0x40a
                    0x040a                  _C1INTF = 0x40a
                    0x040a                  _C1INTFbits = 0x40a
                    0x040c                  C1INTE = 0x40c
                    0x040c                  _C1INTE = 0x40c
                    0x040c                  _C1INTEbits = 0x40c
                    0x040e                  C1EC = 0x40e
                    0x040e                  _C1EC = 0x40e
                    0x040e                  _C1ECbits = 0x40e
                    0x040e                  C1RERRCNT = 0x40e
                    0x040e                  _C1RERRCNT = 0x40e
                    0x040f                  C1TERRCNT = 0x40f
                    0x040f                  _C1TERRCNT = 0x40f
                    0x0410                  C1CFG1 = 0x410
                    0x0410                  _C1CFG1 = 0x410
                    0x0410                  _C1CFG1bits = 0x410
                    0x0412                  C1CFG2 = 0x412
                    0x0412                  _C1CFG2 = 0x412
                    0x0412                  _C1CFG2bits = 0x412
                    0x0414                  C1FEN1 = 0x414
                    0x0414                  _C1FEN1 = 0x414
                    0x0414                  _C1FEN1bits = 0x414
                    0x0418                  C1FMSKSEL1 = 0x418
                    0x0418                  _C1FMSKSEL1 = 0x418
                    0x0418                  _C1FMSKSEL1bits = 0x418
                    0x041a                  C1FMSKSEL2 = 0x41a
                    0x041a                  _C1FMSKSEL2 = 0x41a
                    0x041a                  _C1FMSKSEL2bits = 0x41a
                    0x0420                  C1BUFPNT1 = 0x420
                    0x0420                  _C1BUFPNT1 = 0x420
                    0x0420                  _C1BUFPNT1bits = 0x420
                    0x0420                  C1RXFUL1 = 0x420
                    0x0420                  _C1RXFUL1 = 0x420
                    0x0420                  _C1RXFUL1bits = 0x420
                    0x0422                  C1BUFPNT2 = 0x422
                    0x0422                  _C1BUFPNT2 = 0x422
                    0x0422                  _C1BUFPNT2bits = 0x422
                    0x0422                  C1RXFUL2 = 0x422
                    0x0422                  _C1RXFUL2 = 0x422
                    0x0422                  _C1RXFUL2bits = 0x422
                    0x0424                  C1BUFPNT3 = 0x424
                    0x0424                  _C1BUFPNT3 = 0x424
                    0x0424                  _C1BUFPNT3bits = 0x424
                    0x0426                  C1BUFPNT4 = 0x426
                    0x0426                  _C1BUFPNT4 = 0x426
                    0x0426                  _C1BUFPNT4bits = 0x426
                    0x0428                  C1RXOVF1 = 0x428
                    0x0428                  _C1RXOVF1 = 0x428
                    0x0428                  _C1RXOVF1bits = 0x428
                    0x042a                  C1RXOVF2 = 0x42a
                    0x042a                  _C1RXOVF2 = 0x42a
                    0x042a                  _C1RXOVF2bits = 0x42a
                    0x0430                  C1RXM0SID = 0x430
                    0x0430                  _C1RXM0SID = 0x430
                    0x0430                  _C1RXM0SIDbits = 0x430
                    0x0430                  C1TR01CON = 0x430
                    0x0430                  _C1TR01CON = 0x430
                    0x0430                  _C1TR01CONbits = 0x430
                    0x0432                  C1RXM0EID = 0x432
                    0x0432                  _C1RXM0EID = 0x432
                    0x0432                  _C1RXM0EIDbits = 0x432
                    0x0432                  C1TR23CON = 0x432
                    0x0432                  _C1TR23CON = 0x432
                    0x0432                  _C1TR23CONbits = 0x432
                    0x0434                  C1RXM1SID = 0x434
                    0x0434                  _C1RXM1SID = 0x434
                    0x0434                  _C1RXM1SIDbits = 0x434
                    0x0434                  C1TR45CON = 0x434
                    0x0434                  _C1TR45CON = 0x434
                    0x0434                  _C1TR45CONbits = 0x434
                    0x0436                  C1RXM1EID = 0x436
                    0x0436                  _C1RXM1EID = 0x436
                    0x0436                  _C1RXM1EIDbits = 0x436
                    0x0436                  C1TR67CON = 0x436
                    0x0436                  _C1TR67CON = 0x436
                    0x0436                  _C1TR67CONbits = 0x436
                    0x0438                  C1RXM2SID = 0x438
                    0x0438                  _C1RXM2SID = 0x438
                    0x0438                  _C1RXM2SIDbits = 0x438
                    0x043a                  C1RXM2EID = 0x43a
                    0x043a                  _C1RXM2EID = 0x43a
                    0x043a                  _C1RXM2EIDbits = 0x43a
                    0x0440                  C1RXD = 0x440
                    0x0440                  _C1RXD = 0x440
                    0x0440                  C1RXF0SID = 0x440
                    0x0440                  _C1RXF0SID = 0x440
                    0x0440                  _C1RXF0SIDbits = 0x440
                    0x0442                  C1RXF0EID = 0x442
                    0x0442                  _C1RXF0EID = 0x442
                    0x0442                  _C1RXF0EIDbits = 0x442
                    0x0442                  C1TXD = 0x442
                    0x0442                  _C1TXD = 0x442
                    0x0444                  C1RXF1SID = 0x444
                    0x0444                  _C1RXF1SID = 0x444
                    0x0444                  _C1RXF1SIDbits = 0x444
                    0x0446                  C1RXF1EID = 0x446
                    0x0446                  _C1RXF1EID = 0x446
                    0x0446                  _C1RXF1EIDbits = 0x446
                    0x0448                  C1RXF2SID = 0x448
                    0x0448                  _C1RXF2SID = 0x448
                    0x0448                  _C1RXF2SIDbits = 0x448
                    0x044a                  C1RXF2EID = 0x44a
                    0x044a                  _C1RXF2EID = 0x44a
                    0x044a                  _C1RXF2EIDbits = 0x44a
                    0x044c                  C1RXF3SID = 0x44c
                    0x044c                  _C1RXF3SID = 0x44c
                    0x044c                  _C1RXF3SIDbits = 0x44c
                    0x044e                  C1RXF3EID = 0x44e
                    0x044e                  _C1RXF3EID = 0x44e
                    0x044e                  _C1RXF3EIDbits = 0x44e
                    0x0450                  C1RXF4SID = 0x450
                    0x0450                  _C1RXF4SID = 0x450
                    0x0450                  _C1RXF4SIDbits = 0x450
                    0x0452                  C1RXF4EID = 0x452
                    0x0452                  _C1RXF4EID = 0x452
                    0x0452                  _C1RXF4EIDbits = 0x452
                    0x0454                  C1RXF5SID = 0x454
                    0x0454                  _C1RXF5SID = 0x454
                    0x0454                  _C1RXF5SIDbits = 0x454
                    0x0456                  C1RXF5EID = 0x456
                    0x0456                  _C1RXF5EID = 0x456
                    0x0456                  _C1RXF5EIDbits = 0x456
                    0x0458                  C1RXF6SID = 0x458
                    0x0458                  _C1RXF6SID = 0x458
                    0x0458                  _C1RXF6SIDbits = 0x458
                    0x045a                  C1RXF6EID = 0x45a
                    0x045a                  _C1RXF6EID = 0x45a
                    0x045a                  _C1RXF6EIDbits = 0x45a
                    0x045c                  C1RXF7SID = 0x45c
                    0x045c                  _C1RXF7SID = 0x45c
                    0x045c                  _C1RXF7SIDbits = 0x45c
                    0x045e                  C1RXF7EID = 0x45e
                    0x045e                  _C1RXF7EID = 0x45e
                    0x045e                  _C1RXF7EIDbits = 0x45e
                    0x0460                  C1RXF8SID = 0x460
                    0x0460                  _C1RXF8SID = 0x460
                    0x0460                  _C1RXF8SIDbits = 0x460
                    0x0462                  C1RXF8EID = 0x462
                    0x0462                  _C1RXF8EID = 0x462
                    0x0462                  _C1RXF8EIDbits = 0x462
                    0x0464                  C1RXF9SID = 0x464
                    0x0464                  _C1RXF9SID = 0x464
                    0x0464                  _C1RXF9SIDbits = 0x464
                    0x0466                  C1RXF9EID = 0x466
                    0x0466                  _C1RXF9EID = 0x466
                    0x0466                  _C1RXF9EIDbits = 0x466
                    0x0468                  C1RXF10SID = 0x468
                    0x0468                  _C1RXF10SID = 0x468
                    0x0468                  _C1RXF10SIDbits = 0x468
                    0x046a                  C1RXF10EID = 0x46a
                    0x046a                  _C1RXF10EID = 0x46a
                    0x046a                  _C1RXF10EIDbits = 0x46a
                    0x046c                  C1RXF11SID = 0x46c
                    0x046c                  _C1RXF11SID = 0x46c
                    0x046c                  _C1RXF11SIDbits = 0x46c
                    0x046e                  C1RXF11EID = 0x46e
                    0x046e                  _C1RXF11EID = 0x46e
                    0x046e                  _C1RXF11EIDbits = 0x46e
                    0x0470                  C1RXF12SID = 0x470
                    0x0470                  _C1RXF12SID = 0x470
                    0x0470                  _C1RXF12SIDbits = 0x470
                    0x0472                  C1RXF12EID = 0x472
                    0x0472                  _C1RXF12EID = 0x472
                    0x0472                  _C1RXF12EIDbits = 0x472
                    0x0474                  C1RXF13SID = 0x474
                    0x0474                  _C1RXF13SID = 0x474
                    0x0474                  _C1RXF13SIDbits = 0x474
                    0x0476                  C1RXF13EID = 0x476
                    0x0476                  _C1RXF13EID = 0x476
                    0x0476                  _C1RXF13EIDbits = 0x476
                    0x0478                  C1RXF14SID = 0x478
                    0x0478                  _C1RXF14SID = 0x478
                    0x0478                  _C1RXF14SIDbits = 0x478
                    0x047a                  C1RXF14EID = 0x47a
                    0x047a                  _C1RXF14EID = 0x47a
                    0x047a                  _C1RXF14EIDbits = 0x47a
                    0x047c                  C1RXF15SID = 0x47c
                    0x047c                  _C1RXF15SID = 0x47c
                    0x047c                  _C1RXF15SIDbits = 0x47c
                    0x047e                  C1RXF15EID = 0x47e
                    0x047e                  _C1RXF15EID = 0x47e
                    0x047e                  _C1RXF15EIDbits = 0x47e
                    0x0600                  PMCON = 0x600
                    0x0600                  _PMCON = 0x600
                    0x0600                  _PMCONbits = 0x600
                    0x0602                  PMMODE = 0x602
                    0x0602                  _PMMODE = 0x602
                    0x0602                  _PMMODEbits = 0x602
                    0x0604                  PMADDR = 0x604
                    0x0604                  _PMADDR = 0x604
                    0x0604                  _PMADDRbits = 0x604
                    0x0604                  PMDOUT1 = 0x604
                    0x0604                  _PMDOUT1 = 0x604
                    0x0606                  PMDOUT2 = 0x606
                    0x0606                  _PMDOUT2 = 0x606
                    0x0608                  PMDIN1 = 0x608
                    0x0608                  _PMDIN1 = 0x608
                    0x060a                  PMDIN2 = 0x60a
                    0x060a                  _PMDIN2 = 0x60a
                    0x060c                  PMAEN = 0x60c
                    0x060c                  _PMAEN = 0x60c
                    0x060c                  _PMAENbits = 0x60c
                    0x060e                  PMSTAT = 0x60e
                    0x060e                  _PMSTAT = 0x60e
                    0x060e                  _PMSTATbits = 0x60e
                    0x0620                  ALRMVAL = 0x620
                    0x0620                  _ALRMVAL = 0x620
                    0x0622                  ALCFGRPT = 0x622
                    0x0622                  _ALCFGRPT = 0x622
                    0x0622                  _ALCFGRPTbits = 0x622
                    0x0624                  RTCVAL = 0x624
                    0x0624                  _RTCVAL = 0x624
                    0x0626                  RCFGCAL = 0x626
                    0x0626                  _RCFGCAL = 0x626
                    0x0626                  _RCFGCALbits = 0x626
                    0x0630                  CMCON = 0x630
                    0x0630                  _CMCON = 0x630
                    0x0630                  _CMCONbits = 0x630
                    0x0632                  CVRCON = 0x632
                    0x0632                  _CVRCON = 0x632
                    0x0632                  _CVRCONbits = 0x632
                    0x0640                  CRCCON = 0x640
                    0x0640                  _CRCCON = 0x640
                    0x0640                  _CRCCONbits = 0x640
                    0x0642                  CRCXOR = 0x642
                    0x0642                  _CRCXOR = 0x642
                    0x0644                  CRCDAT = 0x644
                    0x0644                  _CRCDAT = 0x644
                    0x0646                  CRCWDAT = 0x646
                    0x0646                  _CRCWDAT = 0x646
                    0x0680                  RPINR0 = 0x680
                    0x0680                  _RPINR0 = 0x680
                    0x0680                  _RPINR0bits = 0x680
                    0x0682                  RPINR1 = 0x682
                    0x0682                  _RPINR1 = 0x682
                    0x0682                  _RPINR1bits = 0x682
                    0x0686                  RPINR3 = 0x686
                    0x0686                  _RPINR3 = 0x686
                    0x0686                  _RPINR3bits = 0x686
                    0x0688                  RPINR4 = 0x688
                    0x0688                  _RPINR4 = 0x688
                    0x0688                  _RPINR4bits = 0x688
                    0x068e                  RPINR7 = 0x68e
                    0x068e                  _RPINR7 = 0x68e
                    0x068e                  _RPINR7bits = 0x68e
                    0x0694                  RPINR10 = 0x694
                    0x0694                  _RPINR10 = 0x694
                    0x0694                  _RPINR10bits = 0x694
                    0x0696                  RPINR11 = 0x696
                    0x0696                  _RPINR11 = 0x696
                    0x0696                  _RPINR11bits = 0x696
                    0x06a4                  RPINR18 = 0x6a4
                    0x06a4                  _RPINR18 = 0x6a4
                    0x06a4                  _RPINR18bits = 0x6a4
                    0x06a6                  RPINR19 = 0x6a6
                    0x06a6                  _RPINR19 = 0x6a6
                    0x06a6                  _RPINR19bits = 0x6a6
                    0x06a8                  RPINR20 = 0x6a8
                    0x06a8                  _RPINR20 = 0x6a8
                    0x06a8                  _RPINR20bits = 0x6a8
                    0x06aa                  RPINR21 = 0x6aa
                    0x06aa                  _RPINR21 = 0x6aa
                    0x06aa                  _RPINR21bits = 0x6aa
                    0x06ac                  RPINR22 = 0x6ac
                    0x06ac                  _RPINR22 = 0x6ac
                    0x06ac                  _RPINR22bits = 0x6ac
                    0x06ae                  RPINR23 = 0x6ae
                    0x06ae                  _RPINR23 = 0x6ae
                    0x06ae                  _RPINR23bits = 0x6ae
                    0x06b0                  RPINR24 = 0x6b0
                    0x06b0                  _RPINR24 = 0x6b0
                    0x06b0                  _RPINR24bits = 0x6b0
                    0x06b2                  RPINR25 = 0x6b2
                    0x06b2                  _RPINR25 = 0x6b2
                    0x06b2                  _RPINR25bits = 0x6b2
                    0x06b4                  RPINR26 = 0x6b4
                    0x06b4                  _RPINR26 = 0x6b4
                    0x06b4                  _RPINR26bits = 0x6b4
                    0x06c0                  RPOR0 = 0x6c0
                    0x06c0                  _RPOR0 = 0x6c0
                    0x06c0                  _RPOR0bits = 0x6c0
                    0x06c2                  RPOR1 = 0x6c2
                    0x06c2                  _RPOR1 = 0x6c2
                    0x06c2                  _RPOR1bits = 0x6c2
                    0x06c4                  RPOR2 = 0x6c4
                    0x06c4                  _RPOR2 = 0x6c4
                    0x06c4                  _RPOR2bits = 0x6c4
                    0x06c6                  RPOR3 = 0x6c6
                    0x06c6                  _RPOR3 = 0x6c6
                    0x06c6                  _RPOR3bits = 0x6c6
                    0x06c8                  RPOR4 = 0x6c8
                    0x06c8                  _RPOR4 = 0x6c8
                    0x06c8                  _RPOR4bits = 0x6c8
                    0x06ca                  RPOR5 = 0x6ca
                    0x06ca                  _RPOR5 = 0x6ca
                    0x06ca                  _RPOR5bits = 0x6ca
                    0x06cc                  RPOR6 = 0x6cc
                    0x06cc                  _RPOR6 = 0x6cc
                    0x06cc                  _RPOR6bits = 0x6cc
                    0x06ce                  RPOR7 = 0x6ce
                    0x06ce                  _RPOR7 = 0x6ce
                    0x06ce                  _RPOR7bits = 0x6ce
                    0x06d0                  RPOR8 = 0x6d0
                    0x06d0                  _RPOR8 = 0x6d0